../Core/Src/cli.c:448:6:cliLineClean	0	static
../Core/Src/cli.c:456:6:cliLineAdd	16	static
../Core/Src/cli.c:607:6:cliToUpper	0	static
../Core/Src/cli.c:666:7:cliArgsGetStr	0	static
../Core/Src/cli.c:682:6:cliArgsIsStr	8	static
../Core/Src/cli.c:650:7:cliArgsGetFloat	8	static
../Core/Src/cli.c:634:9:cliArgsGetData	8	static
../Core/Src/cli.c:200:6:cliShowPrompt	8	static
../Core/Src/cli.c:471:6:cliLineChange	16	static
../Core/Src/cli.c:539:6:cliParseArgs	24	static
../Core/Src/cli.c:136:6:cliOpen	8	static
../Core/Src/cli.c:153:6:cliOpenLog	8	static
../Core/Src/cli.c:169:9:cliGetPort	0	static
../Core/Src/cli.c:174:6:cliLogClose	0	static
../Core/Src/cli.c:180:6:cliShowLog	16	static
../Core/Src/cli.c:221:10:cliAvailable	8	static
../Core/Src/cli.c:226:9:cliRead	8	static
../Core/Src/cli.c:231:10:cliWrite	8	static
../Core/Src/cli.c:586:6:cliPrintf	16	static
../Core/Src/cli.c:513:6:cliRunCmd	16	static
../Core/Src/cli.c:236:6:cliUpdate	32	static
../Core/Src/cli.c:206:6:cliMain	16	static
../Core/Src/cli.c:571:6:cliRunStr	16	static
../Core/Src/cli.c:739:6:cliShowList	8	static
../Core/Src/cli.c:600:6:cliPutch	16	static
../Core/Src/cli.c:701:6:cliKeepLoop	8	static
../Core/Src/cli.c:716:6:cliAdd	24	static
../Core/Src/cli.c:112:6:cliInit	8	static
../Core/Src/cli.c:756:6:cliShowCursor	8	static
../Core/Src/cli.c:768:6:cliMoveUp	8	static
../Core/Src/cli.c:773:6:cliMoveDown	8	static
