../App/hw/driver/lcd.c:85:6:TransferDoneISR	16	static
../App/hw/driver/lcd.c:139:10:lcdGetDrawTime	0	static
../App/hw/driver/lcd.c:144:6:lcdIsInit	0	static
../App/hw/driver/lcd.c:149:6:lcdReset	8	static
../App/hw/driver/lcd.c:154:9:lcdGetBackLight	0	static
../App/hw/driver/lcd.c:159:6:lcdSetBackLight	0	static
../App/hw/driver/lcd.c:164:22:lcdReadPixel	0	static
../App/hw/driver/lcd.c:169:18:lcdDrawPixel	0	static
../App/hw/driver/lcd.c:539:6:lcdDrawLineBuffer	56	static
../App/hw/driver/lcd.c:738:6:disEngFont	40	static
../App/hw/driver/lcd.c:706:7:disHanFont	48	static
../App/hw/driver/lcd.c:225:18:lcdDrawCircleHelper	48	static
../App/hw/driver/lcd.c:369:6:lcdSetFps	0	static
../App/hw/driver/lcd.c:374:10:lcdGetFps	0	static
../App/hw/driver/lcd.c:379:10:lcdGetFpsTime	0	static
../App/hw/driver/lcd.c:384:6:lcdDrawAvailable	8	static
../App/hw/driver/lcd.c:404:6:lcdRequestDraw	16	static
../App/hw/driver/lcd.c:423:6:lcdUpdateDraw	8	static
../App/hw/driver/lcd.c:445:6:lcdSetWindow	8	static
../App/hw/driver/lcd.c:455:11:lcdGetFrameBuffer	0	static
../App/hw/driver/lcd.c:184:18:lcdClearBuffer	8	static
../App/hw/driver/lcd.c:177:18:lcdClear	8	static
../App/hw/driver/lcd.c:460:11:lcdGetCurrentFrameBuffer	0	static
../App/hw/driver/lcd.c:465:6:lcdDisplayOff	0	static
../App/hw/driver/lcd.c:469:6:lcdDisplayOn	0	static
../App/hw/driver/lcd.c:474:9:lcdGetWidth	0	static
../App/hw/driver/lcd.c:479:9:lcdGetHeight	0	static
../App/hw/driver/lcd.c:485:6:lcdDrawLine	48	static
../App/hw/driver/lcd.c:326:18:lcdDrawTriangle	40	static
../App/hw/driver/lcd.c:333:18:lcdDrawFillTriangle	80	dynamic
../App/hw/driver/lcd.c:607:6:lcdDrawVLine	16	static
../App/hw/driver/lcd.c:612:6:lcdDrawHLine	16	static
../App/hw/driver/lcd.c:194:18:lcdDrawFillCircle	56	static
../App/hw/driver/lcd.c:266:18:lcdDrawRoundRect	72	static
../App/hw/driver/lcd.c:281:18:lcdDrawFillCircleHelper	64	static
../App/hw/driver/lcd.c:617:6:lcdDrawFillRect	32	static
../App/hw/driver/lcd.c:100:6:lcdInit	16	static
../App/hw/driver/lcd.c:316:18:lcdDrawFillRoundRect	40	static
../App/hw/driver/lcd.c:625:6:lcdDrawRect	24	static
../App/hw/driver/lcd.c:633:6:lcdDrawFillScreen	16	static
../App/hw/driver/lcd.c:639:7:lcdPrintf	348	static
../App/hw/driver/lcd.c:757:6:lcdSetFont	0	static
../App/hw/driver/lcd.c:768:6:cliLcd	16	static
../App/hw/driver/lcd.c:762:9:lcdGetFont	0	static
