../App/ap/src/sequence.c:228:6:vrms1Upadate	0	static
../App/ap/src/sequence.c:264:6:vrms2Upadate	0	static
../App/ap/src/sequence.c:300:6:vrms3Upadate	0	static
../App/ap/src/sequence.c:336:6:vrms4Upadate	0	static
../App/ap/src/sequence.c:372:6:irms1Upadate	0	static
../App/ap/src/sequence.c:121:6:sequenceRmsUpdate	8	static
../App/ap/src/sequence.c:448:6:cliSequence	128	static
../App/ap/src/sequence.c:184:6:sequenceMotorUpdate	24	static
../App/ap/src/sequence.c:108:6:sequenceTestPinToggle	8	static
../App/ap/src/sequence.c:96:6:HAL_ADC_ConvCpltCallback	16	static
../App/ap/src/sequence.c:130:10:dacAvailableForWrite	8	static
../App/ap/src/sequence.c:141:6:sequenceDacUpdate	48	static
../App/ap/src/sequence.c:76:6:sequenceInterruptHandler	8	static
../App/ap/src/sequence.c:84:6:HAL_TIM_PeriodElapsedCallback	8	static
../App/ap/src/sequence.c:409:6:sequenceCalibration	56	static
../App/ap/src/sequence.c:60:6:sequenceInit	16	static
