Archive member included to satisfy reference by file (symbol)

C:/ST/STM32CubeIDE_1.15.0/STM32CubeIDE/plugins/com.st.stm32cube.ide.mcu.externaltools.gnu-tools-for-stm32.12.3.rel1.win32_1.0.100.202403111256/tools/bin/../lib/gcc/arm-none-eabi/12.3.1/../../../../arm-none-eabi/lib/thumb/v7e-m+fp/hard\libc_nano.a(libc_a-exit.o)
                              C:/ST/STM32CubeIDE_1.15.0/STM32CubeIDE/plugins/com.st.stm32cube.ide.mcu.externaltools.gnu-tools-for-stm32.12.3.rel1.win32_1.0.100.202403111256/tools/bin/../lib/gcc/arm-none-eabi/12.3.1/../../../../arm-none-eabi/lib/thumb/v7e-m+fp/hard/crt0.o (exit)
C:/ST/STM32CubeIDE_1.15.0/STM32CubeIDE/plugins/com.st.stm32cube.ide.mcu.externaltools.gnu-tools-for-stm32.12.3.rel1.win32_1.0.100.202403111256/tools/bin/../lib/gcc/arm-none-eabi/12.3.1/../../../../arm-none-eabi/lib/thumb/v7e-m+fp/hard\libc_nano.a(libc_a-strtod.o)
                              ./Core/Src/cli.o (strtof)
C:/ST/STM32CubeIDE_1.15.0/STM32CubeIDE/plugins/com.st.stm32cube.ide.mcu.externaltools.gnu-tools-for-stm32.12.3.rel1.win32_1.0.100.202403111256/tools/bin/../lib/gcc/arm-none-eabi/12.3.1/../../../../arm-none-eabi/lib/thumb/v7e-m+fp/hard\libc_nano.a(libc_a-strtoul.o)
                              ./Core/Src/cli.o (strtoul)
C:/ST/STM32CubeIDE_1.15.0/STM32CubeIDE/plugins/com.st.stm32cube.ide.mcu.externaltools.gnu-tools-for-stm32.12.3.rel1.win32_1.0.100.202403111256/tools/bin/../lib/gcc/arm-none-eabi/12.3.1/../../../../arm-none-eabi/lib/thumb/v7e-m+fp/hard\libc_nano.a(libc_a-ctype_.o)
                              C:/ST/STM32CubeIDE_1.15.0/STM32CubeIDE/plugins/com.st.stm32cube.ide.mcu.externaltools.gnu-tools-for-stm32.12.3.rel1.win32_1.0.100.202403111256/tools/bin/../lib/gcc/arm-none-eabi/12.3.1/../../../../arm-none-eabi/lib/thumb/v7e-m+fp/hard\libc_nano.a(libc_a-strtoul.o) (_ctype_)
C:/ST/STM32CubeIDE_1.15.0/STM32CubeIDE/plugins/com.st.stm32cube.ide.mcu.externaltools.gnu-tools-for-stm32.12.3.rel1.win32_1.0.100.202403111256/tools/bin/../lib/gcc/arm-none-eabi/12.3.1/../../../../arm-none-eabi/lib/thumb/v7e-m+fp/hard\libc_nano.a(libc_a-nano-vfprintf_float.o)
                              (_printf_float)
C:/ST/STM32CubeIDE_1.15.0/STM32CubeIDE/plugins/com.st.stm32cube.ide.mcu.externaltools.gnu-tools-for-stm32.12.3.rel1.win32_1.0.100.202403111256/tools/bin/../lib/gcc/arm-none-eabi/12.3.1/../../../../arm-none-eabi/lib/thumb/v7e-m+fp/hard\libc_nano.a(libc_a-nano-vfprintf_i.o)
                              C:/ST/STM32CubeIDE_1.15.0/STM32CubeIDE/plugins/com.st.stm32cube.ide.mcu.externaltools.gnu-tools-for-stm32.12.3.rel1.win32_1.0.100.202403111256/tools/bin/../lib/gcc/arm-none-eabi/12.3.1/../../../../arm-none-eabi/lib/thumb/v7e-m+fp/hard\libc_nano.a(libc_a-nano-vfprintf_float.o) (_printf_common)
C:/ST/STM32CubeIDE_1.15.0/STM32CubeIDE/plugins/com.st.stm32cube.ide.mcu.externaltools.gnu-tools-for-stm32.12.3.rel1.win32_1.0.100.202403111256/tools/bin/../lib/gcc/arm-none-eabi/12.3.1/../../../../arm-none-eabi/lib/thumb/v7e-m+fp/hard\libc_nano.a(libc_a-findfp.o)
                              C:/ST/STM32CubeIDE_1.15.0/STM32CubeIDE/plugins/com.st.stm32cube.ide.mcu.externaltools.gnu-tools-for-stm32.12.3.rel1.win32_1.0.100.202403111256/tools/bin/../lib/gcc/arm-none-eabi/12.3.1/../../../../arm-none-eabi/lib/thumb/v7e-m+fp/hard\libc_nano.a(libc_a-exit.o) (__stdio_exit_handler)
C:/ST/STM32CubeIDE_1.15.0/STM32CubeIDE/plugins/com.st.stm32cube.ide.mcu.externaltools.gnu-tools-for-stm32.12.3.rel1.win32_1.0.100.202403111256/tools/bin/../lib/gcc/arm-none-eabi/12.3.1/../../../../arm-none-eabi/lib/thumb/v7e-m+fp/hard\libc_nano.a(libc_a-fwalk.o)
                              C:/ST/STM32CubeIDE_1.15.0/STM32CubeIDE/plugins/com.st.stm32cube.ide.mcu.externaltools.gnu-tools-for-stm32.12.3.rel1.win32_1.0.100.202403111256/tools/bin/../lib/gcc/arm-none-eabi/12.3.1/../../../../arm-none-eabi/lib/thumb/v7e-m+fp/hard\libc_nano.a(libc_a-findfp.o) (_fwalk_sglue)
C:/ST/STM32CubeIDE_1.15.0/STM32CubeIDE/plugins/com.st.stm32cube.ide.mcu.externaltools.gnu-tools-for-stm32.12.3.rel1.win32_1.0.100.202403111256/tools/bin/../lib/gcc/arm-none-eabi/12.3.1/../../../../arm-none-eabi/lib/thumb/v7e-m+fp/hard\libc_nano.a(libc_a-stdio.o)
                              C:/ST/STM32CubeIDE_1.15.0/STM32CubeIDE/plugins/com.st.stm32cube.ide.mcu.externaltools.gnu-tools-for-stm32.12.3.rel1.win32_1.0.100.202403111256/tools/bin/../lib/gcc/arm-none-eabi/12.3.1/../../../../arm-none-eabi/lib/thumb/v7e-m+fp/hard\libc_nano.a(libc_a-findfp.o) (__sread)
C:/ST/STM32CubeIDE_1.15.0/STM32CubeIDE/plugins/com.st.stm32cube.ide.mcu.externaltools.gnu-tools-for-stm32.12.3.rel1.win32_1.0.100.202403111256/tools/bin/../lib/gcc/arm-none-eabi/12.3.1/../../../../arm-none-eabi/lib/thumb/v7e-m+fp/hard\libc_nano.a(libc_a-vsnprintf.o)
                              ./App/hw/driver/lcd.o (vsnprintf)
[...]
Memory Configuration

Name             Origin             Length             Attributes
RAM              0x20000000         0x00020000         xrw
FLASH            0x08000000         0x00020000         xr
*default*        0x00000000         0xffffffff

Linker script and memory map

LOAD C:/ST/STM32CubeIDE_1.15.0/STM32CubeIDE/plugins/com.st.stm32cube.ide.mcu.externaltools.gnu-tools-for-stm32.12.3.rel1.win32_1.0.100.202403111256/tools/bin/../lib/gcc/arm-none-eabi/12.3.1/thumb/v7e-m+fp/hard/crti.o
LOAD C:/ST/STM32CubeIDE_1.15.0/STM32CubeIDE/plugins/com.st.stm32cube.ide.mcu.externaltools.gnu-tools-for-stm32.12.3.rel1.win32_1.0.100.202403111256/tools/bin/../lib/gcc/arm-none-eabi/12.3.1/thumb/v7e-m+fp/hard/crtbegin.o
LOAD C:/ST/STM32CubeIDE_1.15.0/STM32CubeIDE/plugins/com.st.stm32cube.ide.mcu.externaltools.gnu-tools-for-stm32.12.3.rel1.win32_1.0.100.202403111256/tools/bin/../lib/gcc/arm-none-eabi/12.3.1/../../../../arm-none-eabi/lib/thumb/v7e-m+fp/hard/crt0.o
LOAD ./App/ap/src/ap.o
LOAD ./App/ap/src/control.o
LOAD ./App/ap/src/monitor.o
LOAD ./App/ap/src/sequence.o
LOAD ./App/bsp/bsp.o
LOAD ./App/common/core/qbuffer.o
LOAD ./App/hw/driver/adc.o
LOAD ./App/hw/driver/dac.o
LOAD ./App/hw/driver/i2c.o
LOAD ./App/hw/driver/lcd.o
LOAD ./App/hw/driver/resize.o
LOAD ./App/hw/driver/uart.o
LOAD ./App/hw/driver/hangul/han.o
LOAD ./App/hw/driver/lcd/lcd_fonts.o
LOAD ./App/hw/driver/lcd/ssd1306.o
LOAD ./App/hw/hw.o
LOAD ./Core/Src/adc.o
LOAD ./Core/Src/cli.o
LOAD ./Core/Src/dac.o
LOAD ./Core/Src/dma.o
LOAD ./Core/Src/gpio.o
LOAD ./Core/Src/i2c.o
LOAD ./Core/Src/log.o
LOAD ./Core/Src/main.o
LOAD ./Core/Src/stm32g4xx_hal_msp.o
LOAD ./Core/Src/stm32g4xx_it.o
LOAD ./Core/Src/syscalls.o
LOAD ./Core/Src/sysmem.o
LOAD ./Core/Src/system_stm32g4xx.o
LOAD ./Core/Src/tim.o
LOAD ./Core/Src/usart.o
LOAD ./Core/Startup/startup_stm32g473cbtx.o
LOAD ./Drivers/STM32G4xx_HAL_Driver/Src/stm32g4xx_hal.o
LOAD ./Drivers/STM32G4xx_HAL_Driver/Src/stm32g4xx_hal_adc.o
LOAD ./Drivers/STM32G4xx_HAL_Driver/Src/stm32g4xx_hal_adc_ex.o
LOAD ./Drivers/STM32G4xx_HAL_Driver/Src/stm32g4xx_hal_cortex.o
LOAD ./Drivers/STM32G4xx_HAL_Driver/Src/stm32g4xx_hal_dac.o
LOAD ./Drivers/STM32G4xx_HAL_Driver/Src/stm32g4xx_hal_dac_ex.o
LOAD ./Drivers/STM32G4xx_HAL_Driver/Src/stm32g4xx_hal_dma.o
LOAD ./Drivers/STM32G4xx_HAL_Driver/Src/stm32g4xx_hal_dma_ex.o
LOAD ./Drivers/STM32G4xx_HAL_Driver/Src/stm32g4xx_hal_exti.o
LOAD ./Drivers/STM32G4xx_HAL_Driver/Src/stm32g4xx_hal_flash.o
LOAD ./Drivers/STM32G4xx_HAL_Driver/Src/stm32g4xx_hal_flash_ex.o
LOAD ./Drivers/STM32G4xx_HAL_Driver/Src/stm32g4xx_hal_flash_ramfunc.o
LOAD ./Drivers/STM32G4xx_HAL_Driver/Src/stm32g4xx_hal_gpio.o
LOAD ./Drivers/STM32G4xx_HAL_Driver/Src/stm32g4xx_hal_i2c.o
LOAD ./Drivers/STM32G4xx_HAL_Driver/Src/stm32g4xx_hal_i2c_ex.o
LOAD ./Drivers/STM32G4xx_HAL_Driver/Src/stm32g4xx_hal_pwr.o
LOAD ./Drivers/STM32G4xx_HAL_Driver/Src/stm32g4xx_hal_pwr_ex.o
LOAD ./Drivers/STM32G4xx_HAL_Driver/Src/stm32g4xx_hal_rcc.o
LOAD ./Drivers/STM32G4xx_HAL_Driver/Src/stm32g4xx_hal_rcc_ex.o
LOAD ./Drivers/STM32G4xx_HAL_Driver/Src/stm32g4xx_hal_tim.o
LOAD ./Drivers/STM32G4xx_HAL_Driver/Src/stm32g4xx_hal_tim_ex.o
LOAD ./Drivers/STM32G4xx_HAL_Driver/Src/stm32g4xx_hal_uart.o
LOAD ./Drivers/STM32G4xx_HAL_Driver/Src/stm32g4xx_hal_uart_ex.o
LOAD ./Drivers/STM32G4xx_HAL_Driver/Src/stm32g4xx_ll_adc.o
START GROUP
LOAD C:/ST/STM32CubeIDE_1.15.0/STM32CubeIDE/plugins/com.st.stm32cube.ide.mcu.externaltools.gnu-tools-for-stm32.12.3.rel1.win32_1.0.100.202403111256/tools/bin/../lib/gcc/arm-none-eabi/12.3.1/../../../../arm-none-eabi/lib/thumb/v7e-m+fp/hard\libc_nano.a
LOAD C:/ST/STM32CubeIDE_1.15.0/STM32CubeIDE/plugins/com.st.stm32cube.ide.mcu.externaltools.gnu-tools-for-stm32.12.3.rel1.win32_1.0.100.202403111256/tools/bin/../lib/gcc/arm-none-eabi/12.3.1/../../../../arm-none-eabi/lib/thumb/v7e-m+fp/hard\libm.a
END GROUP
START GROUP
LOAD C:/ST/STM32CubeIDE_1.15.0/STM32CubeIDE/plugins/com.st.stm32cube.ide.mcu.externaltools.gnu-tools-for-stm32.12.3.rel1.win32_1.0.100.202403111256/tools/bin/../lib/gcc/arm-none-eabi/12.3.1/thumb/v7e-m+fp/hard\libgcc.a
LOAD C:/ST/STM32CubeIDE_1.15.0/STM32CubeIDE/plugins/com.st.stm32cube.ide.mcu.externaltools.gnu-tools-for-stm32.12.3.rel1.win32_1.0.100.202403111256/tools/bin/../lib/gcc/arm-none-eabi/12.3.1/../../../../arm-none-eabi/lib/thumb/v7e-m+fp/hard\libc_nano.a
END GROUP
START GROUP
LOAD C:/ST/STM32CubeIDE_1.15.0/STM32CubeIDE/plugins/com.st.stm32cube.ide.mcu.externaltools.gnu-tools-for-stm32.12.3.rel1.win32_1.0.100.202403111256/tools/bin/../lib/gcc/arm-none-eabi/12.3.1/thumb/v7e-m+fp/hard\libgcc.a
LOAD C:/ST/STM32CubeIDE_1.15.0/STM32CubeIDE/plugins/com.st.stm32cube.ide.mcu.externaltools.gnu-tools-for-stm32.12.3.rel1.win32_1.0.100.202403111256/tools/bin/../lib/gcc/arm-none-eabi/12.3.1/../../../../arm-none-eabi/lib/thumb/v7e-m+fp/hard\libc_nano.a
LOAD C:/ST/STM32CubeIDE_1.15.0/STM32CubeIDE/plugins/com.st.stm32cube.ide.mcu.externaltools.gnu-tools-for-stm32.12.3.rel1.win32_1.0.100.202403111256/tools/bin/../lib/gcc/arm-none-eabi/12.3.1/../../../../arm-none-eabi/lib/thumb/v7e-m+fp/hard\libnosys.a
END GROUP
START GROUP
LOAD C:/ST/STM32CubeIDE_1.15.0/STM32CubeIDE/plugins/com.st.stm32cube.ide.mcu.externaltools.gnu-tools-for-stm32.12.3.rel1.win32_1.0.100.202403111256/tools/bin/../lib/gcc/arm-none-eabi/12.3.1/thumb/v7e-m+fp/hard\libgcc.a
LOAD C:/ST/STM32CubeIDE_1.15.0/STM32CubeIDE/plugins/com.st.stm32cube.ide.mcu.externaltools.gnu-tools-for-stm32.12.3.rel1.win32_1.0.100.202403111256/tools/bin/../lib/gcc/arm-none-eabi/12.3.1/../../../../arm-none-eabi/lib/thumb/v7e-m+fp/hard\libc_nano.a
LOAD C:/ST/STM32CubeIDE_1.15.0/STM32CubeIDE/plugins/com.st.stm32cube.ide.mcu.externaltools.gnu-tools-for-stm32.12.3.rel1.win32_1.0.100.202403111256/tools/bin/../lib/gcc/arm-none-eabi/12.3.1/../../../../arm-none-eabi/lib/thumb/v7e-m+fp/hard\libnosys.a
END GROUP
LOAD C:/ST/STM32CubeIDE_1.15.0/STM32CubeIDE/plugins/com.st.stm32cube.ide.mcu.externaltools.gnu-tools-for-stm32.12.3.rel1.win32_1.0.100.202403111256/tools/bin/../lib/gcc/arm-none-eabi/12.3.1/thumb/v7e-m+fp/hard/crtend.o
LOAD C:/ST/STM32CubeIDE_1.15.0/STM32CubeIDE/plugins/com.st.stm32cube.ide.mcu.externaltools.gnu-tools-for-stm32.12.3.rel1.win32_1.0.100.202403111256/tools/bin/../lib/gcc/arm-none-eabi/12.3.1/thumb/v7e-m+fp/hard/crtn.o
                0x20020000                        _estack = (ORIGIN (RAM) + LENGTH (RAM))
                0x00000200                        _Min_Heap_Size = 0x200
                0x00000400                        _Min_Stack_Size = 0x400

.isr_vector     0x08000000      0x1d8
                0x08000000                        . = ALIGN (0x4)
 *(.isr_vector)
 .isr_vector    0x08000000      0x1d8 ./Core/Startup/startup_stm32g473cbtx.o
                0x08000000                g_pfnVectors
                0x080001d8                        . = ALIGN (0x4)

.text           0x080001e0     0xe9a8
                0x080001e0                        . = ALIGN (0x4)
 *(.text)
 .text          0x080001e0       0x40 C:/ST/STM32CubeIDE_1.15.0/STM32CubeIDE/plugins/com.st.stm32cube.ide.mcu.externaltools.gnu-tools-for-stm32.12.3.rel1.win32_1.0.100.202403111256/tools/bin/../lib/gcc/arm-none-eabi/12.3.1/thumb/v7e-m+fp/hard/crtbegin.o
 .text          0x08000220       0x14 C:/ST/STM32CubeIDE_1.15.0/STM32CubeIDE/plugins/com.st.stm32cube.ide.mcu.externaltools.gnu-tools-for-stm32.12.3.rel1.win32_1.0.100.202403111256/tools/bin/../lib/gcc/arm-none-eabi/12.3.1/../../../../arm-none-eabi/lib/thumb/v7e-m+fp/hard\libc_nano.a(libc_a-strcmp.o)
                0x08000220                strcmp
 *fill*         0x08000234        0xc 
 .text          0x08000240       0xa0 C:/ST/STM32CubeIDE_1.15.0/STM32CubeIDE/plugins/com.st.stm32cube.ide.mcu.externaltools.gnu-tools-for-stm32.12.3.rel1.win32_1.0.100.202403111256/tools/bin/../lib/gcc/arm-none-eabi/12.3.1/../../../../arm-none-eabi/lib/thumb/v7e-m+fp/hard\libc_nano.a(libc_a-memchr.o)
                0x08000240                memchr
 .text          0x080002e0       0x10 C:/ST/STM32CubeIDE_1.15.0/STM32CubeIDE/plugins/com.st.stm32cube.ide.mcu.externaltools.gnu-tools-for-stm32.12.3.rel1.win32_1.0.100.202403111256/tools/bin/../lib/gcc/arm-none-eabi/12.3.1/../../../../arm-none-eabi/lib/thumb/v7e-m+fp/hard\libc_nano.a(libc_a-strlen.o)
                0x080002e0                strlen
 .text          0x080002f0      0x378 C:/ST/STM32CubeIDE_1.15.0/STM32CubeIDE/plugins/com.st.stm32cube.ide.mcu.externaltools.gnu-tools-for-stm32.12.3.rel1.win32_1.0.100.202403111256/tools/bin/../lib/gcc/arm-none-eabi/12.3.1/thumb/v7e-m+fp/hard\libgcc.a(_arm_addsubdf3.o)
                0x080002f0                __aeabi_drsub
                0x080002f8                __aeabi_dsub
                0x080002f8                __subdf3
                0x080002fc                __aeabi_dadd
                0x080002fc                __adddf3
                0x08000574                __floatunsidf
                0x08000574                __aeabi_ui2d
                0x08000594                __floatsidf
                0x08000594                __aeabi_i2d
                0x080005b8                __aeabi_f2d
                0x080005b8                __extendsfdf2
                0x080005fc                __floatundidf
                0x080005fc                __aeabi_ul2d
                0x0800060c                __floatdidf
                0x0800060c                __aeabi_l2d
 .text          0x08000668      0x424 C:/ST/STM32CubeIDE_1.15.0/STM32CubeIDE/plugins/com.st.stm32cube.ide.mcu.externaltools.gnu-tools-for-stm32.12.3.rel1.win32_1.0.100.202403111256/tools/bin/../lib/gcc/arm-none-eabi/12.3.1/thumb/v7e-m+fp/hard\libgcc.a(_arm_muldivdf3.o)
                0x08000668                __aeabi_dmul
                0x08000668                __muldf3
                0x080008bc                __divdf3
                0x080008bc                __aeabi_ddiv
 .text          0x08000a8c      0x110 C:/ST/STM32CubeIDE_1.15.0/STM32CubeIDE/plugins/com.st.stm32cube.ide.mcu.externaltools.gnu-tools-for-stm32.12.3.rel1.win32_1.0.100.202403111256/tools/bin/../lib/gcc/arm-none-eabi/12.3.1/thumb/v7e-m+fp/hard\libgcc.a(_arm_cmpdf2.o)
                0x08000a8c                __gtdf2
                0x08000a8c                __gedf2
                0x08000a94                __ltdf2
                0x08000a94                __ledf2
                0x08000a9c                __nedf2
                0x08000a9c                __eqdf2
                0x08000a9c                __cmpdf2
                0x08000b18                __aeabi_cdrcmple
                0x08000b28                __aeabi_cdcmpeq
                0x08000b28                __aeabi_cdcmple
                0x08000b38                __aeabi_dcmpeq
                0x08000b4c                __aeabi_dcmplt
                0x08000b60                __aeabi_dcmple
                0x08000b74                __aeabi_dcmpge
                0x08000b88                __aeabi_dcmpgt
 .text          0x08000b9c       0x2c C:/ST/STM32CubeIDE_1.15.0/STM32CubeIDE/plugins/com.st.stm32cube.ide.mcu.externaltools.gnu-tools-for-stm32.12.3.rel1.win32_1.0.100.202403111256/tools/bin/../lib/gcc/arm-none-eabi/12.3.1/thumb/v7e-m+fp/hard\libgcc.a(_arm_unorddf2.o)
                0x08000b9c                __unorddf2
                0x08000b9c                __aeabi_dcmpun
 .text          0x08000bc8       0x50 C:/ST/STM32CubeIDE_1.15.0/STM32CubeIDE/plugins/com.st.stm32cube.ide.mcu.externaltools.gnu-tools-for-stm32.12.3.rel1.win32_1.0.100.202403111256/tools/bin/../lib/gcc/arm-none-eabi/12.3.1/thumb/v7e-m+fp/hard\libgcc.a(_arm_fixdfsi.o)
                0x08000bc8                __aeabi_d2iz
                0x08000bc8                __fixdfsi
 .text          0x08000c18       0x40 C:/ST/STM32CubeIDE_1.15.0/STM32CubeIDE/plugins/com.st.stm32cube.ide.mcu.externaltools.gnu-tools-for-stm32.12.3.rel1.win32_1.0.100.202403111256/tools/bin/../lib/gcc/arm-none-eabi/12.3.1/thumb/v7e-m+fp/hard\libgcc.a(_arm_fixunsdfsi.o)
                0x08000c18                __aeabi_d2uiz
                0x08000c18                __fixunsdfsi
 .text          0x08000c58       0xa0 C:/ST/STM32CubeIDE_1.15.0/STM32CubeIDE/plugins/com.st.stm32cube.ide.mcu.externaltools.gnu-tools-for-stm32.12.3.rel1.win32_1.0.100.202403111256/tools/bin/../lib/gcc/arm-none-eabi/12.3.1/thumb/v7e-m+fp/hard\libgcc.a(_arm_truncdfsf2.o)
                0x08000c58                __truncdfsf2
                0x08000c58                __aeabi_d2f
 .text          0x08000cf8       0x30 C:/ST/STM32CubeIDE_1.15.0/STM32CubeIDE/plugins/com.st.stm32cube.ide.mcu.externaltools.gnu-tools-for-stm32.12.3.rel1.win32_1.0.100.202403111256/tools/bin/../lib/gcc/arm-none-eabi/12.3.1/thumb/v7e-m+fp/hard\libgcc.a(_aeabi_uldivmod.o)
                0x08000cf8                __aeabi_uldivmod
 .text          0x08000d28       0x30 C:/ST/STM32CubeIDE_1.15.0/STM32CubeIDE/plugins/com.st.stm32cube.ide.mcu.externaltools.gnu-tools-for-stm32.12.3.rel1.win32_1.0.100.202403111256/tools/bin/../lib/gcc/arm-none-eabi/12.3.1/thumb/v7e-m+fp/hard\libgcc.a(_fixdfdi.o)
                0x08000d28                __fixdfdi
                0x08000d28                __aeabi_d2lz
 .text          0x08000d58       0x3c C:/ST/STM32CubeIDE_1.15.0/STM32CubeIDE/plugins/com.st.stm32cube.ide.mcu.externaltools.gnu-tools-for-stm32.12.3.rel1.win32_1.0.100.202403111256/tools/bin/../lib/gcc/arm-none-eabi/12.3.1/thumb/v7e-m+fp/hard\libgcc.a(_fixunsdfdi.o)
                0x08000d58                __fixunsdfdi
                0x08000d58                __aeabi_d2ulz
 .text          0x08000d94      0x2bc C:/ST/STM32CubeIDE_1.15.0/STM32CubeIDE/plugins/com.st.stm32cube.ide.mcu.externaltools.gnu-tools-for-stm32.12.3.rel1.win32_1.0.100.202403111256/tools/bin/../lib/gcc/arm-none-eabi/12.3.1/thumb/v7e-m+fp/hard\libgcc.a(_udivmoddi4.o)
                0x08000d94                __udivmoddi4
 .text          0x08001050        0x4 C:/ST/STM32CubeIDE_1.15.0/STM32CubeIDE/plugins/com.st.stm32cube.ide.mcu.externaltools.gnu-tools-for-stm32.12.3.rel1.win32_1.0.100.202403111256/tools/bin/../lib/gcc/arm-none-eabi/12.3.1/thumb/v7e-m+fp/hard\libgcc.a(_dvmd_tls.o)
                0x08001050                __aeabi_idiv0
                0x08001050                __aeabi_ldiv0
 *(.text*)
 .text.apInit   0x08001054       0x1a ./App/ap/src/ap.o
                0x08001054                apInit
 *fill*         0x0800106e        0x2 
 .text.apMain   0x08001070       0x3c ./App/ap/src/ap.o
                0x08001070                apMain
 .text.cliCtrl  0x080010ac       0x48 ./App/ap/src/control.o
 .text.controlInit
                0x080010f4       0x20 ./App/ap/src/control.o
                0x080010f4                controlInit
 .text.controlUserFunc
                0x08001114       0x30 ./App/ap/src/control.o
                0x08001114                controlUserFunc
 .text.controlUserMain
                0x08001144        0x2 ./App/ap/src/control.o
                0x08001144                controlUserMain
 *fill*         0x08001146        0x2 
 .text.monitorInit
                0x08001148       0x28 ./App/ap/src/monitor.o
                0x08001148                monitorInit
 .text.monitorUartUpdate
                0x08001170       0x34 ./App/ap/src/monitor.o
                0x08001170                monitorUartUpdate
 .text.cliMonitor
                0x080011a4      0x14c ./App/ap/src/monitor.o
 .text.monitorMain
                0x080012f0        0x8 ./App/ap/src/monitor.o
                0x080012f0                monitorMain
 .text.vrms1Upadate
                0x080012f8       0xf8 ./App/ap/src/sequence.o
 .text.vrms2Upadate
                0x080013f0       0xf8 ./App/ap/src/sequence.o
 .text.vrms3Upadate
                0x080014e8       0xf8 ./App/ap/src/sequence.o
 .text.vrms4Upadate
                0x080015e0       0xf8 ./App/ap/src/sequence.o
 .text.irms1Upadate
                0x080016d8       0xf8 ./App/ap/src/sequence.o
 .text.sequenceRmsUpdate
                0x080017d0       0x18 ./App/ap/src/sequence.o
 .text.cliSequence
                0x080017e8      0x3cc ./App/ap/src/sequence.o
 .text.sequenceMotorUpdate
                0x08001bb4       0xac ./App/ap/src/sequence.o
 .text.HAL_ADC_ConvCpltCallback
                0x08001c60       0x44 ./App/ap/src/sequence.o
                0x08001c60                HAL_ADC_ConvCpltCallback
 .text.dacAvailableForWrite
                0x08001ca4       0x18 ./App/ap/src/sequence.o
                0x08001ca4                dacAvailableForWrite
 .text.sequenceDacUpdate
                0x08001cbc      0x190 ./App/ap/src/sequence.o
 .text.sequenceInterruptHandler
                0x08001e4c       0x14 ./App/ap/src/sequence.o
                0x08001e4c                sequenceInterruptHandler
 .text.HAL_TIM_PeriodElapsedCallback
                0x08001e60       0x24 ./App/ap/src/sequence.o
                0x08001e60                HAL_TIM_PeriodElapsedCallback
 .text.sequenceCalibration
                0x08001e84       0xa8 ./App/ap/src/sequence.o
                0x08001e84                sequenceCalibration
 .text.sequenceInit
                0x08001f2c       0x60 ./App/ap/src/sequence.o
                0x08001f2c                sequenceInit
 .text.bspInit  0x08001f8c        0x4 ./App/bsp/bsp.o
                0x08001f8c                bspInit
 .text.delay    0x08001f90        0x8 ./App/bsp/bsp.o
                0x08001f90                delay
 .text.millis   0x08001f98        0x8 ./App/bsp/bsp.o
                0x08001f98                millis
 .text.qbufferCreate
                0x08001fa0       0x12 ./App/common/core/qbuffer.o
                0x08001fa0                qbufferCreate
 .text.qbufferCreateBySize
                0x08001fb2       0x16 ./App/common/core/qbuffer.o
                0x08001fb2                qbufferCreateBySize
 .text.qbufferWrite
                0x08001fc8       0x54 ./App/common/core/qbuffer.o
                0x08001fc8                qbufferWrite
 .text.qbufferRead
                0x0800201c       0x5a ./App/common/core/qbuffer.o
                0x0800201c                qbufferRead
 .text.qbufferAvailable
                0x08002076       0x14 ./App/common/core/qbuffer.o
                0x08002076                qbufferAvailable
 *fill*         0x0800208a        0x2 
 .text.cliAdc   0x0800208c       0x48 ./App/hw/driver/adc.o
                0x0800208c                cliAdc
 .text.adcInit  0x080020d4       0x40 ./App/hw/driver/adc.o
                0x080020d4                adcInit
 .text.cliDac   0x08002114       0x48 ./App/hw/driver/dac.o
                0x08002114                cliDac
 .text.dacInit  0x0800215c       0x38 ./App/hw/driver/dac.o
                0x0800215c                dacInit
 .text.i2cInit  0x08002194       0x40 ./App/hw/driver/i2c.o
                0x08002194                i2cInit
 .text.i2cBegin
                0x080021d4        0x4 ./App/hw/driver/i2c.o
                0x080021d4                i2cBegin
 .text.i2cIsDeviceReady
                0x080021d8       0x28 ./App/hw/driver/i2c.o
                0x080021d8                i2cIsDeviceReady
 .text.i2cWriteBytes
                0x08002200       0x3c ./App/hw/driver/i2c.o
                0x08002200                i2cWriteBytes
 .text.i2cWriteByte
                0x0800223c       0x1e ./App/hw/driver/i2c.o
                0x0800223c                i2cWriteByte
 .text.I2C1_EV_IRQHandler
                0x0800225a        0x2 ./App/hw/driver/i2c.o
                0x0800225a                I2C1_EV_IRQHandler
 .text.TransferDoneISR
                0x0800225c       0x58 ./App/hw/driver/lcd.o
                0x0800225c                TransferDoneISR
 .text.lcdDrawPixel
                0x080022b4       0x20 ./App/hw/driver/lcd.o
                0x080022b4                lcdDrawPixel
 .text.disEngFont
                0x080022d4       0x58 ./App/hw/driver/lcd.o
 .text.disHanFont
                0x0800232c       0x8c ./App/hw/driver/lcd.o
 .text.lcdGetFps
                0x080023b8        0xc ./App/hw/driver/lcd.o
                0x080023b8                lcdGetFps
 .text.lcdDrawAvailable
                0x080023c4       0x54 ./App/hw/driver/lcd.o
                0x080023c4                lcdDrawAvailable
 .text.lcdRequestDraw
                0x08002418       0x48 ./App/hw/driver/lcd.o
                0x08002418                lcdRequestDraw
 .text.lcdUpdateDraw
                0x08002460       0x30 ./App/hw/driver/lcd.o
                0x08002460                lcdUpdateDraw
 .text.lcdGetFrameBuffer
                0x08002490        0xc ./App/hw/driver/lcd.o
                0x08002490                lcdGetFrameBuffer
 .text.lcdClearBuffer
                0x0800249c       0x30 ./App/hw/driver/lcd.o
                0x0800249c                lcdClearBuffer
 .text.lcdDrawLine
                0x080024cc       0xd4 ./App/hw/driver/lcd.o
                0x080024cc                lcdDrawLine
 .text.lcdDrawVLine
                0x080025a0       0x1c ./App/hw/driver/lcd.o
                0x080025a0                lcdDrawVLine
 .text.lcdDrawHLine
                0x080025bc       0x1c ./App/hw/driver/lcd.o
                0x080025bc                lcdDrawHLine
 .text.lcdDrawFillRect
                0x080025d8       0x30 ./App/hw/driver/lcd.o
                0x080025d8                lcdDrawFillRect
 .text.lcdInit  0x08002608       0xb4 ./App/hw/driver/lcd.o
                0x08002608                lcdInit
 .text.lcdDrawRect
                0x080026bc       0x4c ./App/hw/driver/lcd.o
                0x080026bc                lcdDrawRect
 .text.lcdPrintf
                0x08002708       0xd4 ./App/hw/driver/lcd.o
                0x08002708                lcdPrintf
 .text.lcdSetFont
                0x080027dc        0xc ./App/hw/driver/lcd.o
                0x080027dc                lcdSetFont
 .text.cliLcd   0x080027e8       0x84 ./App/hw/driver/lcd.o
 .text.uartInit
                0x0800286c       0x58 ./App/hw/driver/uart.o
                0x0800286c                uartInit
 .text.uartOpen
                0x080028c4      0x224 ./App/hw/driver/uart.o
                0x080028c4                uartOpen
 .text.uartAvailable
                0x08002ae8       0x58 ./App/hw/driver/uart.o
                0x08002ae8                uartAvailable
 .text.uartRead
                0x08002b40       0x60 ./App/hw/driver/uart.o
                0x08002b40                uartRead
 .text.uartWrite
                0x08002ba0       0x58 ./App/hw/driver/uart.o
                0x08002ba0                uartWrite
 .text.uartPrintf
                0x08002bf8       0x2e ./App/hw/driver/uart.o
                0x08002bf8                uartPrintf
 *fill*         0x08002c26        0x2 
 .text.uartGetBaud
                0x08002c28       0x18 ./App/hw/driver/uart.o
                0x08002c28                uartGetBaud
 .text.cliUart  0x08002c40      0x118 ./App/hw/driver/uart.o
 .text.hanUniFontLoad
                0x08002d58      0x16c ./App/hw/driver/hangul/han.o
                0x08002d58                hanUniFontLoad
 .text.hanEngFontLoad
                0x08002ec4       0x2c ./App/hw/driver/hangul/han.o
                0x08002ec4                hanEngFontLoad
 .text.hanCnvCodeWan2Johab
                0x08002ef0       0x1c ./App/hw/driver/hangul/han.o
                0x08002ef0                hanCnvCodeWan2Johab
 .text.hanWanFontLoad
                0x08002f0c      0x12c ./App/hw/driver/hangul/han.o
                0x08002f0c                hanWanFontLoad
 .text.hanFontLoad
                0x08003038       0x84 ./App/hw/driver/hangul/han.o
                0x08003038                hanFontLoad
 .text.ssd1306SetWindow
                0x080030bc        0x2 ./App/hw/driver/lcd/ssd1306.o
 .text.ssd1306GetWidth
                0x080030be        0x4 ./App/hw/driver/lcd/ssd1306.o
 .text.ssd1306GetHeight
                0x080030c2        0x4 ./App/hw/driver/lcd/ssd1306.o
 *fill*         0x080030c6        0x2 
 .text.ssd1306SetCallBack
                0x080030c8        0xc ./App/hw/driver/lcd/ssd1306.o
 .text.ssd1306Fill
                0x080030d4       0x20 ./App/hw/driver/lcd/ssd1306.o
 .text.ssd1306DrawPixel
                0x080030f4       0x4c ./App/hw/driver/lcd/ssd1306.o
 .text.ssd1306InitDriver
                0x08003140       0x3c ./App/hw/driver/lcd/ssd1306.o
                0x08003140                ssd1306InitDriver
 .text.ssd1306WriteCmd
                0x0800317c       0x1a ./App/hw/driver/lcd/ssd1306.o
                0x0800317c                ssd1306WriteCmd
 *fill*         0x08003196        0x2 
 .text.ssd1306UpdateDraw
                0x08003198       0x50 ./App/hw/driver/lcd/ssd1306.o
 .text.ssd1306SendBuffer
                0x080031e8       0x3c ./App/hw/driver/lcd/ssd1306.o
 .text.ssd1306Reset
                0x08003224       0xe2 ./App/hw/driver/lcd/ssd1306.o
 .text.ssd1306Init
                0x08003306        0x8 ./App/hw/driver/lcd/ssd1306.o
                0x08003306                ssd1306Init
 *fill*         0x0800330e        0x2 
 .text.hwInit   0x08003310       0xa0 ./App/hw/hw.o
                0x08003310                hwInit
 .text.MX_ADC1_Init
                0x080033b0      0x12c ./Core/Src/adc.o
                0x080033b0                MX_ADC1_Init
 .text.HAL_ADC_MspInit
                0x080034dc       0xbc ./Core/Src/adc.o
                0x080034dc                HAL_ADC_MspInit
 .text.cliLineClean
                0x08003598       0x16 ./Core/Src/cli.o
 .text.cliLineAdd
                0x080035ae       0x4e ./Core/Src/cli.o
 .text.cliToUpper
                0x080035fc       0x36 ./Core/Src/cli.o
 *fill*         0x08003632        0x2 
 .text.cliArgsGetStr
                0x08003634       0x20 ./Core/Src/cli.o
 .text.cliArgsIsStr
                0x08003654       0x30 ./Core/Src/cli.o
 .text.cliArgsGetFloat
                0x08003684       0x2c ./Core/Src/cli.o
 .text.cliArgsGetData
                0x080036b0       0x28 ./Core/Src/cli.o
 .text.cliShowPrompt
                0x080036d8       0x20 ./Core/Src/cli.o
 .text.cliLineChange
                0x080036f8       0xa4 ./Core/Src/cli.o
 .text.cliParseArgs
                0x0800379c       0x4c ./Core/Src/cli.o
 .text.cliOpen  0x080037e8       0x30 ./Core/Src/cli.o
                0x080037e8                cliOpen
 .text.cliGetPort
                0x08003818        0xc ./Core/Src/cli.o
                0x08003818                cliGetPort
 .text.cliShowLog
                0x08003824       0xb8 ./Core/Src/cli.o
                0x08003824                cliShowLog
 .text.cliAvailable
                0x080038dc       0x10 ./Core/Src/cli.o
                0x080038dc                cliAvailable
 .text.cliRead  0x080038ec       0x10 ./Core/Src/cli.o
                0x080038ec                cliRead
 .text.cliPrintf
                0x080038fc       0x34 ./Core/Src/cli.o
                0x080038fc                cliPrintf
 .text.cliRunCmd
                0x08003930       0x6c ./Core/Src/cli.o
 .text.cliUpdate
                0x0800399c      0x310 ./Core/Src/cli.o
 .text.cliMain  0x08003cac       0x2c ./Core/Src/cli.o
                0x08003cac                cliMain
 .text.cliShowList
                0x08003cd8       0x50 ./Core/Src/cli.o
                0x08003cd8                cliShowList
 .text.cliKeepLoop
                0x08003d28       0x18 ./Core/Src/cli.o
                0x08003d28                cliKeepLoop
 .text.cliAdd   0x08003d40       0x50 ./Core/Src/cli.o
                0x08003d40                cliAdd
 .text.cliInit  0x08003d90       0x60 ./Core/Src/cli.o
                0x08003d90                cliInit
 .text.cliShowCursor
                0x08003df0       0x1c ./Core/Src/cli.o
                0x08003df0                cliShowCursor
 .text.cliMoveUp
                0x08003e0c       0x10 ./Core/Src/cli.o
                0x08003e0c                cliMoveUp
 .text.cliMoveDown
                0x08003e1c       0x10 ./Core/Src/cli.o
                0x08003e1c                cliMoveDown
 .text.MX_DAC1_Init
                0x08003e2c       0x5c ./Core/Src/dac.o
                0x08003e2c                MX_DAC1_Init
 .text.MX_DAC2_Init
                0x08003e88       0x5c ./Core/Src/dac.o
                0x08003e88                MX_DAC2_Init
 .text.HAL_DAC_MspInit
                0x08003ee4       0xf4 ./Core/Src/dac.o
                0x08003ee4                HAL_DAC_MspInit
 .text.MX_DMA_Init
                0x08003fd8       0x84 ./Core/Src/dma.o
                0x08003fd8                MX_DMA_Init
 .text.MX_GPIO_Init
                0x0800405c      0x118 ./Core/Src/gpio.o
                0x0800405c                MX_GPIO_Init
 .text.MX_I2C1_Init
                0x08004174       0x58 ./Core/Src/i2c.o
                0x08004174                MX_I2C1_Init
 .text.HAL_I2C_MspInit
                0x080041cc      0x10c ./Core/Src/i2c.o
                0x080041cc                HAL_I2C_MspInit
 .text.logInit  0x080042d8        0xc ./Core/Src/log.o
                0x080042d8                logInit
 .text.logOpen  0x080042e4       0x24 ./Core/Src/log.o
                0x080042e4                logOpen
 .text.logPrintf
                0x08004308       0x58 ./Core/Src/log.o
                0x08004308                logPrintf
 .text.Error_Handler
                0x08004360        0x4 ./Core/Src/main.o
                0x08004360                Error_Handler
 .text.SystemClock_Config
                0x08004364       0x6e ./Core/Src/main.o
                0x08004364                SystemClock_Config
 .text.main     0x080043d2       0x48 ./Core/Src/main.o
                0x080043d2                main
 *fill*         0x0800441a        0x2 
 .text.HAL_MspInit
                0x0800441c       0x38 ./Core/Src/stm32g4xx_hal_msp.o
                0x0800441c                HAL_MspInit
 .text.NMI_Handler
                0x08004454        0x2 ./Core/Src/stm32g4xx_it.o
                0x08004454                NMI_Handler
 .text.HardFault_Handler
                0x08004456        0x2 ./Core/Src/stm32g4xx_it.o
                0x08004456                HardFault_Handler
 .text.MemManage_Handler
                0x08004458        0x2 ./Core/Src/stm32g4xx_it.o
                0x08004458                MemManage_Handler
 .text.BusFault_Handler
                0x0800445a        0x2 ./Core/Src/stm32g4xx_it.o
                0x0800445a                BusFault_Handler
 .text.UsageFault_Handler
                0x0800445c        0x2 ./Core/Src/stm32g4xx_it.o
                0x0800445c                UsageFault_Handler
 .text.SVC_Handler
                0x0800445e        0x2 ./Core/Src/stm32g4xx_it.o
                0x0800445e                SVC_Handler
 .text.DebugMon_Handler
                0x08004460        0x2 ./Core/Src/stm32g4xx_it.o
                0x08004460                DebugMon_Handler
 .text.PendSV_Handler
                0x08004462        0x2 ./Core/Src/stm32g4xx_it.o
                0x08004462                PendSV_Handler
 .text.SysTick_Handler
                0x08004464        0x8 ./Core/Src/stm32g4xx_it.o
                0x08004464                SysTick_Handler
 .text.DMA1_Channel1_IRQHandler
                0x0800446c       0x10 ./Core/Src/stm32g4xx_it.o
                0x0800446c                DMA1_Channel1_IRQHandler
 .text.DMA1_Channel2_IRQHandler
                0x0800447c       0x10 ./Core/Src/stm32g4xx_it.o
                0x0800447c                DMA1_Channel2_IRQHandler
 .text.DMA1_Channel3_IRQHandler
                0x0800448c       0x10 ./Core/Src/stm32g4xx_it.o
                0x0800448c                DMA1_Channel3_IRQHandler
 .text.DMA1_Channel4_IRQHandler
                0x0800449c       0x10 ./Core/Src/stm32g4xx_it.o
                0x0800449c                DMA1_Channel4_IRQHandler
 .text.DMA1_Channel5_IRQHandler
                0x080044ac       0x10 ./Core/Src/stm32g4xx_it.o
                0x080044ac                DMA1_Channel5_IRQHandler
 .text.ADC1_2_IRQHandler
                0x080044bc       0x10 ./Core/Src/stm32g4xx_it.o
                0x080044bc                ADC1_2_IRQHandler
 .text.TIM1_UP_TIM16_IRQHandler
                0x080044cc       0x10 ./Core/Src/stm32g4xx_it.o
                0x080044cc                TIM1_UP_TIM16_IRQHandler
 .text.USART3_IRQHandler
                0x080044dc       0x10 ./Core/Src/stm32g4xx_it.o
                0x080044dc                USART3_IRQHandler
 .text.TIM7_DAC_IRQHandler
                0x080044ec       0x18 ./Core/Src/stm32g4xx_it.o
                0x080044ec                TIM7_DAC_IRQHandler
 .text._getpid  0x08004504        0x4 ./Core/Src/syscalls.o
                0x08004504                _getpid
 .text._kill    0x08004508       0x10 ./Core/Src/syscalls.o
                0x08004508                _kill
 .text._exit    0x08004518        0xc ./Core/Src/syscalls.o
                0x08004518                _exit
 .text._read    0x08004524       0x20 ./Core/Src/syscalls.o
                0x08004524                _read
 .text._write   0x08004544       0x18 ./Core/Src/syscalls.o
                0x08004544                _write
 .text._close   0x0800455c        0x6 ./Core/Src/syscalls.o
                0x0800455c                _close
 .text._fstat   0x08004562        0xa ./Core/Src/syscalls.o
                0x08004562                _fstat
 .text._isatty  0x0800456c        0x4 ./Core/Src/syscalls.o
                0x0800456c                _isatty
 .text._lseek   0x08004570        0x4 ./Core/Src/syscalls.o
                0x08004570                _lseek
 .text._sbrk    0x08004574       0x48 ./Core/Src/sysmem.o
                0x08004574                _sbrk
 .text.SystemInit
                0x080045bc       0x14 ./Core/Src/system_stm32g4xx.o
                0x080045bc                SystemInit
 .text.MX_TIM6_Init
                0x080045d0       0x54 ./Core/Src/tim.o
                0x080045d0                MX_TIM6_Init
 .text.MX_TIM7_Init
                0x08004624       0x50 ./Core/Src/tim.o
                0x08004624                MX_TIM7_Init
 .text.MX_TIM8_Init
                0x08004674       0x74 ./Core/Src/tim.o
                0x08004674                MX_TIM8_Init
 .text.HAL_TIM_Base_MspInit
                0x080046e8       0xb0 ./Core/Src/tim.o
                0x080046e8                HAL_TIM_Base_MspInit
 .text.HAL_TIM_MspPostInit
                0x08004798       0x54 ./Core/Src/tim.o
                0x08004798                HAL_TIM_MspPostInit
 .text.MX_TIM1_Init
                0x080047ec      0x104 ./Core/Src/tim.o
                0x080047ec                MX_TIM1_Init
 .text.MX_USART1_UART_Init
                0x080048f0       0x68 ./Core/Src/usart.o
                0x080048f0                MX_USART1_UART_Init
 .text.MX_USART3_UART_Init
                0x08004958       0x68 ./Core/Src/usart.o
                0x08004958                MX_USART3_UART_Init
 .text.HAL_UART_MspInit
                0x080049c0      0x1d0 ./Core/Src/usart.o
                0x080049c0                HAL_UART_MspInit
 .text.HAL_UART_MspDeInit
                0x08004b90       0x78 ./Core/Src/usart.o
                0x08004b90                HAL_UART_MspDeInit
 .text.Reset_Handler
                0x08004c08       0x50 ./Core/Startup/startup_stm32g473cbtx.o
                0x08004c08                Reset_Handler
 .text.Default_Handler
                0x08004c58        0x2 ./Core/Startup/startup_stm32g473cbtx.o
                0x08004c58                RTC_Alarm_IRQHandler
                0x08004c58                EXTI2_IRQHandler
                0x08004c58                TIM8_TRG_COM_IRQHandler
                0x08004c58                TIM8_CC_IRQHandler
                0x08004c58                SPI4_IRQHandler
                0x08004c58                FDCAN3_IT0_IRQHandler
                0x08004c58                TIM1_CC_IRQHandler
                0x08004c58                USB_HP_IRQHandler
                0x08004c58                CORDIC_IRQHandler
                0x08004c58                DMA2_Channel8_IRQHandler
                0x08004c58                EXTI3_IRQHandler
                0x08004c58                I2C3_ER_IRQHandler
                0x08004c58                EXTI0_IRQHandler
                0x08004c58                I2C2_EV_IRQHandler
                0x08004c58                FPU_IRQHandler
                0x08004c58                FDCAN1_IT1_IRQHandler
                0x08004c58                SPI1_IRQHandler
                0x08004c58                TIM6_DAC_IRQHandler
                0x08004c58                TIM8_UP_IRQHandler
                0x08004c58                DMA2_Channel2_IRQHandler
                0x08004c58                TIM20_TRG_COM_IRQHandler
                0x08004c58                DMA1_Channel7_IRQHandler
                0x08004c58                UART5_IRQHandler
                0x08004c58                ADC3_IRQHandler
                0x08004c58                TIM4_IRQHandler
                0x08004c58                DMA2_Channel1_IRQHandler
                0x08004c58                QUADSPI_IRQHandler
                0x08004c58                DMA1_Channel6_IRQHandler
                0x08004c58                UART4_IRQHandler
                0x08004c58                DMA2_Channel4_IRQHandler
                0x08004c58                TIM3_IRQHandler
                0x08004c58                RCC_IRQHandler
                0x08004c58                TIM20_UP_IRQHandler
                0x08004c58                Default_Handler
                0x08004c58                DMA2_Channel7_IRQHandler
                0x08004c58                RTC_TAMP_LSECSS_IRQHandler
                0x08004c58                FMAC_IRQHandler
                0x08004c58                EXTI15_10_IRQHandler
                0x08004c58                DMA1_Channel8_IRQHandler
                0x08004c58                FDCAN3_IT1_IRQHandler
                0x08004c58                TIM5_IRQHandler
                0x08004c58                UCPD1_IRQHandler
                0x08004c58                I2C3_EV_IRQHandler
                0x08004c58                EXTI9_5_IRQHandler
                0x08004c58                RTC_WKUP_IRQHandler
                0x08004c58                PVD_PVM_IRQHandler
                0x08004c58                SPI2_IRQHandler
                0x08004c58                ADC5_IRQHandler
                0x08004c58                DMA2_Channel5_IRQHandler
                0x08004c58                CRS_IRQHandler
                0x08004c58                USB_LP_IRQHandler
                0x08004c58                EXTI4_IRQHandler
                0x08004c58                RNG_IRQHandler
                0x08004c58                TIM1_TRG_COM_TIM17_IRQHandler
                0x08004c58                FDCAN2_IT1_IRQHandler
                0x08004c58                ADC4_IRQHandler
                0x08004c58                WWDG_IRQHandler
                0x08004c58                I2C4_EV_IRQHandler
                0x08004c58                FDCAN2_IT0_IRQHandler
                0x08004c58                LPUART1_IRQHandler
                0x08004c58                DMA2_Channel6_IRQHandler
                0x08004c58                FDCAN1_IT0_IRQHandler
                0x08004c58                TIM2_IRQHandler
                0x08004c58                COMP7_IRQHandler
                0x08004c58                COMP1_2_3_IRQHandler
                0x08004c58                EXTI1_IRQHandler
                0x08004c58                USART2_IRQHandler
                0x08004c58                COMP4_5_6_IRQHandler
                0x08004c58                TIM20_BRK_IRQHandler
                0x08004c58                I2C2_ER_IRQHandler
                0x08004c58                TIM8_BRK_IRQHandler
                0x08004c58                FLASH_IRQHandler
                0x08004c58                TIM20_CC_IRQHandler
                0x08004c58                USART1_IRQHandler
                0x08004c58                SPI3_IRQHandler
                0x08004c58                I2C1_ER_IRQHandler
                0x08004c58                FMC_IRQHandler
                0x08004c58                LPTIM1_IRQHandler
                0x08004c58                DMAMUX_OVR_IRQHandler
                0x08004c58                I2C4_ER_IRQHandler
                0x08004c58                USBWakeUp_IRQHandler
                0x08004c58                SAI1_IRQHandler
                0x08004c58                DMA2_Channel3_IRQHandler
                0x08004c58                TIM1_BRK_TIM15_IRQHandler
 *fill*         0x08004c5a        0x2 
 .text.HAL_InitTick
                0x08004c5c       0x50 ./Drivers/STM32G4xx_HAL_Driver/Src/stm32g4xx_hal.o
                0x08004c5c                HAL_InitTick
 .text.HAL_Init
                0x08004cac       0x1e ./Drivers/STM32G4xx_HAL_Driver/Src/stm32g4xx_hal.o
                0x08004cac                HAL_Init
 *fill*         0x08004cca        0x2 
 .text.HAL_IncTick
                0x08004ccc       0x18 ./Drivers/STM32G4xx_HAL_Driver/Src/stm32g4xx_hal.o
                0x08004ccc                HAL_IncTick
 .text.HAL_GetTick
                0x08004ce4        0xc ./Drivers/STM32G4xx_HAL_Driver/Src/stm32g4xx_hal.o
                0x08004ce4                HAL_GetTick
 .text.HAL_Delay
                0x08004cf0       0x28 ./Drivers/STM32G4xx_HAL_Driver/Src/stm32g4xx_hal.o
                0x08004cf0                HAL_Delay
 .text.LL_ADC_REG_SetSequencerRanks
                0x08004d18       0x30 ./Drivers/STM32G4xx_HAL_Driver/Src/stm32g4xx_hal_adc.o
 .text.LL_ADC_SetChannelSamplingTime
                0x08004d48       0x2c ./Drivers/STM32G4xx_HAL_Driver/Src/stm32g4xx_hal_adc.o
 .text.HAL_ADC_Init
                0x08004d74      0x29c ./Drivers/STM32G4xx_HAL_Driver/Src/stm32g4xx_hal_adc.o
                0x08004d74                HAL_ADC_Init
 .text.HAL_ADC_GetValue
                0x08005010        0x6 ./Drivers/STM32G4xx_HAL_Driver/Src/stm32g4xx_hal_adc.o
                0x08005010                HAL_ADC_GetValue
 .text.HAL_ADC_LevelOutOfWindowCallback
                0x08005016        0x2 ./Drivers/STM32G4xx_HAL_Driver/Src/stm32g4xx_hal_adc.o
                0x08005016                HAL_ADC_LevelOutOfWindowCallback
 .text.HAL_ADC_ErrorCallback
                0x08005018        0x2 ./Drivers/STM32G4xx_HAL_Driver/Src/stm32g4xx_hal_adc.o
                0x08005018                HAL_ADC_ErrorCallback
 *fill*         0x0800501a        0x2 
 .text.HAL_ADC_IRQHandler
                0x0800501c      0x2e8 ./Drivers/STM32G4xx_HAL_Driver/Src/stm32g4xx_hal_adc.o
                0x0800501c                HAL_ADC_IRQHandler
 .text.HAL_ADC_ConfigChannel
                0x08005304      0x4b4 ./Drivers/STM32G4xx_HAL_Driver/Src/stm32g4xx_hal_adc.o
                0x08005304                HAL_ADC_ConfigChannel
 .text.ADC_Enable
                0x080057b8       0xf8 ./Drivers/STM32G4xx_HAL_Driver/Src/stm32g4xx_hal_adc.o
                0x080057b8                ADC_Enable
 .text.HAL_ADC_Start_IT
                0x080058b0      0x1c8 ./Drivers/STM32G4xx_HAL_Driver/Src/stm32g4xx_hal_adc.o
                0x080058b0                HAL_ADC_Start_IT
 .text.ADC_Disable
                0x08005a78       0x94 ./Drivers/STM32G4xx_HAL_Driver/Src/stm32g4xx_hal_adc.o
                0x08005a78                ADC_Disable
 .text.HAL_ADCEx_Calibration_Start
                0x08005b0c       0x9c ./Drivers/STM32G4xx_HAL_Driver/Src/stm32g4xx_hal_adc_ex.o
                0x08005b0c                HAL_ADCEx_Calibration_Start
 .text.HAL_ADCEx_InjectedConvCpltCallback
                0x08005ba8        0x2 ./Drivers/STM32G4xx_HAL_Driver/Src/stm32g4xx_hal_adc_ex.o
                0x08005ba8                HAL_ADCEx_InjectedConvCpltCallback
 .text.HAL_ADCEx_InjectedQueueOverflowCallback
                0x08005baa        0x2 ./Drivers/STM32G4xx_HAL_Driver/Src/stm32g4xx_hal_adc_ex.o
                0x08005baa                HAL_ADCEx_InjectedQueueOverflowCallback
 .text.HAL_ADCEx_LevelOutOfWindow2Callback
                0x08005bac        0x2 ./Drivers/STM32G4xx_HAL_Driver/Src/stm32g4xx_hal_adc_ex.o
                0x08005bac                HAL_ADCEx_LevelOutOfWindow2Callback
 .text.HAL_ADCEx_LevelOutOfWindow3Callback
                0x08005bae        0x2 ./Drivers/STM32G4xx_HAL_Driver/Src/stm32g4xx_hal_adc_ex.o
                0x08005bae                HAL_ADCEx_LevelOutOfWindow3Callback
 .text.HAL_ADCEx_EndOfSamplingCallback
                0x08005bb0        0x2 ./Drivers/STM32G4xx_HAL_Driver/Src/stm32g4xx_hal_adc_ex.o
                0x08005bb0                HAL_ADCEx_EndOfSamplingCallback
 *fill*         0x08005bb2        0x2 
 .text.HAL_ADCEx_MultiModeConfigChannel
                0x08005bb4      0x1d4 ./Drivers/STM32G4xx_HAL_Driver/Src/stm32g4xx_hal_adc_ex.o
                0x08005bb4                HAL_ADCEx_MultiModeConfigChannel
 .text.__NVIC_EnableIRQ
                0x08005d88       0x1c ./Drivers/STM32G4xx_HAL_Driver/Src/stm32g4xx_hal_cortex.o
 .text.__NVIC_DisableIRQ
                0x08005da4       0x24 ./Drivers/STM32G4xx_HAL_Driver/Src/stm32g4xx_hal_cortex.o
 .text.__NVIC_SetPriority
                0x08005dc8       0x28 ./Drivers/STM32G4xx_HAL_Driver/Src/stm32g4xx_hal_cortex.o
 .text.NVIC_EncodePriority
                0x08005df0       0x3e ./Drivers/STM32G4xx_HAL_Driver/Src/stm32g4xx_hal_cortex.o
 *fill*         0x08005e2e        0x2 
 .text.HAL_NVIC_SetPriorityGrouping
                0x08005e30       0x24 ./Drivers/STM32G4xx_HAL_Driver/Src/stm32g4xx_hal_cortex.o
                0x08005e30                HAL_NVIC_SetPriorityGrouping
 .text.HAL_NVIC_SetPriority
                0x08005e54       0x20 ./Drivers/STM32G4xx_HAL_Driver/Src/stm32g4xx_hal_cortex.o
                0x08005e54                HAL_NVIC_SetPriority
 .text.HAL_NVIC_EnableIRQ
                0x08005e74        0x8 ./Drivers/STM32G4xx_HAL_Driver/Src/stm32g4xx_hal_cortex.o
                0x08005e74                HAL_NVIC_EnableIRQ
 .text.HAL_NVIC_DisableIRQ
                0x08005e7c        0x8 ./Drivers/STM32G4xx_HAL_Driver/Src/stm32g4xx_hal_cortex.o
                0x08005e7c                HAL_NVIC_DisableIRQ
 .text.HAL_SYSTICK_Config
                0x08005e84       0x28 ./Drivers/STM32G4xx_HAL_Driver/Src/stm32g4xx_hal_cortex.o
                0x08005e84                HAL_SYSTICK_Config
 .text.HAL_DAC_Init
                0x08005eac       0x24 ./Drivers/STM32G4xx_HAL_Driver/Src/stm32g4xx_hal_dac.o
                0x08005eac                HAL_DAC_Init
 .text.HAL_DAC_Start
                0x08005ed0       0x98 ./Drivers/STM32G4xx_HAL_Driver/Src/stm32g4xx_hal_dac.o
                0x08005ed0                HAL_DAC_Start
 .text.HAL_DAC_SetValue
                0x08005f68       0x36 ./Drivers/STM32G4xx_HAL_Driver/Src/stm32g4xx_hal_dac.o
                0x08005f68                HAL_DAC_SetValue
 .text.HAL_DAC_DMAUnderrunCallbackCh1
                0x08005f9e        0x2 ./Drivers/STM32G4xx_HAL_Driver/Src/stm32g4xx_hal_dac.o
                0x08005f9e                HAL_DAC_DMAUnderrunCallbackCh1
 .text.HAL_DAC_IRQHandler
                0x08005fa0       0x6c ./Drivers/STM32G4xx_HAL_Driver/Src/stm32g4xx_hal_dac.o
                0x08005fa0                HAL_DAC_IRQHandler
 .text.HAL_DAC_ConfigChannel
                0x0800600c      0x204 ./Drivers/STM32G4xx_HAL_Driver/Src/stm32g4xx_hal_dac.o
                0x0800600c                HAL_DAC_ConfigChannel
 .text.HAL_DACEx_DMAUnderrunCallbackCh2
                0x08006210        0x2 ./Drivers/STM32G4xx_HAL_Driver/Src/stm32g4xx_hal_dac_ex.o
                0x08006210                HAL_DACEx_DMAUnderrunCallbackCh2
 .text.DMA_SetConfig
                0x08006212       0x42 ./Drivers/STM32G4xx_HAL_Driver/Src/stm32g4xx_hal_dma.o
 .text.DMA_CalcDMAMUXChannelBaseAndMask
                0x08006254       0x48 ./Drivers/STM32G4xx_HAL_Driver/Src/stm32g4xx_hal_dma.o
 .text.DMA_CalcDMAMUXRequestGenBaseAndMask
                0x0800629c       0x28 ./Drivers/STM32G4xx_HAL_Driver/Src/stm32g4xx_hal_dma.o
 .text.HAL_DMA_Init
                0x080062c4       0xd8 ./Drivers/STM32G4xx_HAL_Driver/Src/stm32g4xx_hal_dma.o
                0x080062c4                HAL_DMA_Init
 .text.HAL_DMA_DeInit
                0x0800639c       0xb8 ./Drivers/STM32G4xx_HAL_Driver/Src/stm32g4xx_hal_dma.o
                0x0800639c                HAL_DMA_DeInit
 .text.HAL_DMA_Start_IT
                0x08006454       0x94 ./Drivers/STM32G4xx_HAL_Driver/Src/stm32g4xx_hal_dma.o
                0x08006454                HAL_DMA_Start_IT
 .text.HAL_DMA_Abort
                0x080064e8       0x6c ./Drivers/STM32G4xx_HAL_Driver/Src/stm32g4xx_hal_dma.o
                0x080064e8                HAL_DMA_Abort
 .text.HAL_DMA_Abort_IT
                0x08006554       0x7e ./Drivers/STM32G4xx_HAL_Driver/Src/stm32g4xx_hal_dma.o
                0x08006554                HAL_DMA_Abort_IT
 .text.HAL_DMA_IRQHandler
                0x080065d2       0xc4 ./Drivers/STM32G4xx_HAL_Driver/Src/stm32g4xx_hal_dma.o
                0x080065d2                HAL_DMA_IRQHandler
 *fill*         0x08006696        0x2 
 .text.HAL_GPIO_Init
                0x08006698      0x1d4 ./Drivers/STM32G4xx_HAL_Driver/Src/stm32g4xx_hal_gpio.o
                0x08006698                HAL_GPIO_Init
 .text.HAL_GPIO_DeInit
                0x0800686c      0x11c ./Drivers/STM32G4xx_HAL_Driver/Src/stm32g4xx_hal_gpio.o
                0x0800686c                HAL_GPIO_DeInit
 .text.HAL_GPIO_WritePin
                0x08006988        0xa ./Drivers/STM32G4xx_HAL_Driver/Src/stm32g4xx_hal_gpio.o
                0x08006988                HAL_GPIO_WritePin
 .text.HAL_GPIO_TogglePin
                0x08006992       0x12 ./Drivers/STM32G4xx_HAL_Driver/Src/stm32g4xx_hal_gpio.o
                0x08006992                HAL_GPIO_TogglePin
 .text.I2C_Flush_TXDR
                0x080069a4       0x22 ./Drivers/STM32G4xx_HAL_Driver/Src/stm32g4xx_hal_i2c.o
 .text.I2C_TransferConfig
                0x080069c6       0x3c ./Drivers/STM32G4xx_HAL_Driver/Src/stm32g4xx_hal_i2c.o
 .text.I2C_IsErrorOccurred
                0x08006a02      0x114 ./Drivers/STM32G4xx_HAL_Driver/Src/stm32g4xx_hal_i2c.o
 .text.I2C_WaitOnTXISFlagUntilTimeout
                0x08006b16       0x60 ./Drivers/STM32G4xx_HAL_Driver/Src/stm32g4xx_hal_i2c.o
 .text.I2C_WaitOnFlagUntilTimeout
                0x08006b76       0x7c ./Drivers/STM32G4xx_HAL_Driver/Src/stm32g4xx_hal_i2c.o
 *fill*         0x08006bf2        0x2 
 .text.I2C_RequestMemoryWrite
                0x08006bf4       0x7c ./Drivers/STM32G4xx_HAL_Driver/Src/stm32g4xx_hal_i2c.o
 .text.I2C_WaitOnSTOPFlagUntilTimeout
                0x08006c70       0x5e ./Drivers/STM32G4xx_HAL_Driver/Src/stm32g4xx_hal_i2c.o
 .text.HAL_I2C_Init
                0x08006cce       0xc8 ./Drivers/STM32G4xx_HAL_Driver/Src/stm32g4xx_hal_i2c.o
                0x08006cce                HAL_I2C_Init
 .text.HAL_I2C_Mem_Write
                0x08006d96      0x1a8 ./Drivers/STM32G4xx_HAL_Driver/Src/stm32g4xx_hal_i2c.o
                0x08006d96                HAL_I2C_Mem_Write
 .text.HAL_I2C_IsDeviceReady
                0x08006f3e      0x13e ./Drivers/STM32G4xx_HAL_Driver/Src/stm32g4xx_hal_i2c.o
                0x08006f3e                HAL_I2C_IsDeviceReady
 .text.HAL_I2CEx_ConfigAnalogFilter
                0x0800707c       0x5c ./Drivers/STM32G4xx_HAL_Driver/Src/stm32g4xx_hal_i2c_ex.o
                0x0800707c                HAL_I2CEx_ConfigAnalogFilter
 .text.HAL_I2CEx_ConfigDigitalFilter
                0x080070d8       0x58 ./Drivers/STM32G4xx_HAL_Driver/Src/stm32g4xx_hal_i2c_ex.o
                0x080070d8                HAL_I2CEx_ConfigDigitalFilter
 .text.HAL_PWREx_ControlVoltageScaling
                0x08007130      0x10c ./Drivers/STM32G4xx_HAL_Driver/Src/stm32g4xx_hal_pwr_ex.o
                0x08007130                HAL_PWREx_ControlVoltageScaling
 .text.HAL_PWREx_DisableUCPDDeadBattery
                0x0800723c       0x10 ./Drivers/STM32G4xx_HAL_Driver/Src/stm32g4xx_hal_pwr_ex.o
                0x0800723c                HAL_PWREx_DisableUCPDDeadBattery
 .text.RCC_GetSysClockFreqFromPLLSource
                0x0800724c       0x58 ./Drivers/STM32G4xx_HAL_Driver/Src/stm32g4xx_hal_rcc.o
 .text.HAL_RCC_OscConfig
                0x080072a4      0x4e4 ./Drivers/STM32G4xx_HAL_Driver/Src/stm32g4xx_hal_rcc.o
                0x080072a4                HAL_RCC_OscConfig
 .text.HAL_RCC_GetSysClockFreq
                0x08007788       0x88 ./Drivers/STM32G4xx_HAL_Driver/Src/stm32g4xx_hal_rcc.o
                0x08007788                HAL_RCC_GetSysClockFreq
 .text.HAL_RCC_ClockConfig
                0x08007810      0x1f8 ./Drivers/STM32G4xx_HAL_Driver/Src/stm32g4xx_hal_rcc.o
                0x08007810                HAL_RCC_ClockConfig
 .text.HAL_RCC_GetHCLKFreq
                0x08007a08        0xc ./Drivers/STM32G4xx_HAL_Driver/Src/stm32g4xx_hal_rcc.o
                0x08007a08                HAL_RCC_GetHCLKFreq
 .text.HAL_RCC_GetPCLK1Freq
                0x08007a14       0x24 ./Drivers/STM32G4xx_HAL_Driver/Src/stm32g4xx_hal_rcc.o
                0x08007a14                HAL_RCC_GetPCLK1Freq
 .text.HAL_RCC_GetPCLK2Freq
                0x08007a38       0x24 ./Drivers/STM32G4xx_HAL_Driver/Src/stm32g4xx_hal_rcc.o
                0x08007a38                HAL_RCC_GetPCLK2Freq
 .text.HAL_RCCEx_PeriphCLKConfig
                0x08007a5c      0x378 ./Drivers/STM32G4xx_HAL_Driver/Src/stm32g4xx_hal_rcc_ex.o
                0x08007a5c                HAL_RCCEx_PeriphCLKConfig
 .text.TIM_OC1_SetConfig
                0x08007dd4       0xac ./Drivers/STM32G4xx_HAL_Driver/Src/stm32g4xx_hal_tim.o
 .text.TIM_OC3_SetConfig
                0x08007e80       0x9c ./Drivers/STM32G4xx_HAL_Driver/Src/stm32g4xx_hal_tim.o
 .text.TIM_OC4_SetConfig
                0x08007f1c       0x9c ./Drivers/STM32G4xx_HAL_Driver/Src/stm32g4xx_hal_tim.o
 .text.TIM_OC5_SetConfig
                0x08007fb8       0x70 ./Drivers/STM32G4xx_HAL_Driver/Src/stm32g4xx_hal_tim.o
 .text.TIM_OC6_SetConfig
                0x08008028       0x74 ./Drivers/STM32G4xx_HAL_Driver/Src/stm32g4xx_hal_tim.o
 .text.TIM_TI1_ConfigInputStage
                0x0800809c       0x26 ./Drivers/STM32G4xx_HAL_Driver/Src/stm32g4xx_hal_tim.o
 .text.TIM_TI2_ConfigInputStage
                0x080080c2       0x28 ./Drivers/STM32G4xx_HAL_Driver/Src/stm32g4xx_hal_tim.o
 .text.TIM_ITRx_SetConfig
                0x080080ea       0x14 ./Drivers/STM32G4xx_HAL_Driver/Src/stm32g4xx_hal_tim.o
 *fill*         0x080080fe        0x2 
 .text.HAL_TIM_Base_Start
                0x08008100       0x8c ./Drivers/STM32G4xx_HAL_Driver/Src/stm32g4xx_hal_tim.o
                0x08008100                HAL_TIM_Base_Start
 .text.HAL_TIM_Base_Start_IT
                0x0800818c       0x94 ./Drivers/STM32G4xx_HAL_Driver/Src/stm32g4xx_hal_tim.o
                0x0800818c                HAL_TIM_Base_Start_IT
 .text.HAL_TIM_PWM_MspInit
                0x08008220        0x2 ./Drivers/STM32G4xx_HAL_Driver/Src/stm32g4xx_hal_tim.o
                0x08008220                HAL_TIM_PWM_MspInit
 .text.HAL_TIM_OC_DelayElapsedCallback
                0x08008222        0x2 ./Drivers/STM32G4xx_HAL_Driver/Src/stm32g4xx_hal_tim.o
                0x08008222                HAL_TIM_OC_DelayElapsedCallback
 .text.HAL_TIM_IC_CaptureCallback
                0x08008224        0x2 ./Drivers/STM32G4xx_HAL_Driver/Src/stm32g4xx_hal_tim.o
                0x08008224                HAL_TIM_IC_CaptureCallback
 .text.HAL_TIM_PWM_PulseFinishedCallback
                0x08008226        0x2 ./Drivers/STM32G4xx_HAL_Driver/Src/stm32g4xx_hal_tim.o
                0x08008226                HAL_TIM_PWM_PulseFinishedCallback
 .text.HAL_TIM_TriggerCallback
                0x08008228        0x2 ./Drivers/STM32G4xx_HAL_Driver/Src/stm32g4xx_hal_tim.o
                0x08008228                HAL_TIM_TriggerCallback
 .text.HAL_TIM_IRQHandler
                0x0800822a      0x1ea ./Drivers/STM32G4xx_HAL_Driver/Src/stm32g4xx_hal_tim.o
                0x0800822a                HAL_TIM_IRQHandler
 .text.TIM_Base_SetConfig
                0x08008414       0xf0 ./Drivers/STM32G4xx_HAL_Driver/Src/stm32g4xx_hal_tim.o
                0x08008414                TIM_Base_SetConfig
 .text.HAL_TIM_Base_Init
                0x08008504       0x60 ./Drivers/STM32G4xx_HAL_Driver/Src/stm32g4xx_hal_tim.o
                0x08008504                HAL_TIM_Base_Init
 .text.HAL_TIM_PWM_Init
                0x08008564       0x60 ./Drivers/STM32G4xx_HAL_Driver/Src/stm32g4xx_hal_tim.o
                0x08008564                HAL_TIM_PWM_Init
 .text.TIM_OC2_SetConfig
                0x080085c4       0x9c ./Drivers/STM32G4xx_HAL_Driver/Src/stm32g4xx_hal_tim.o
                0x080085c4                TIM_OC2_SetConfig
 .text.HAL_TIM_PWM_ConfigChannel
                0x08008660      0x13a ./Drivers/STM32G4xx_HAL_Driver/Src/stm32g4xx_hal_tim.o
                0x08008660                HAL_TIM_PWM_ConfigChannel
 .text.TIM_ETR_SetConfig
                0x0800879a       0x1a ./Drivers/STM32G4xx_HAL_Driver/Src/stm32g4xx_hal_tim.o
                0x0800879a                TIM_ETR_SetConfig
 .text.HAL_TIM_ConfigClockSource
                0x080087b4      0x144 ./Drivers/STM32G4xx_HAL_Driver/Src/stm32g4xx_hal_tim.o
                0x080087b4                HAL_TIM_ConfigClockSource
 .text.TIM_CCxChannelCmd
                0x080088f8       0x1e ./Drivers/STM32G4xx_HAL_Driver/Src/stm32g4xx_hal_tim.o
                0x080088f8                TIM_CCxChannelCmd
 *fill*         0x08008916        0x2 
 .text.HAL_TIM_PWM_Start
                0x08008918      0x17c ./Drivers/STM32G4xx_HAL_Driver/Src/stm32g4xx_hal_tim.o
                0x08008918                HAL_TIM_PWM_Start
 .text.HAL_TIMEx_MasterConfigSynchronization
                0x08008a94       0xac ./Drivers/STM32G4xx_HAL_Driver/Src/stm32g4xx_hal_tim_ex.o
                0x08008a94                HAL_TIMEx_MasterConfigSynchronization
 .text.HAL_TIMEx_ConfigBreakDeadTime
                0x08008b40       0xa8 ./Drivers/STM32G4xx_HAL_Driver/Src/stm32g4xx_hal_tim_ex.o
                0x08008b40                HAL_TIMEx_ConfigBreakDeadTime
 .text.HAL_TIMEx_CommutCallback
                0x08008be8        0x2 ./Drivers/STM32G4xx_HAL_Driver/Src/stm32g4xx_hal_tim_ex.o
                0x08008be8                HAL_TIMEx_CommutCallback
 .text.HAL_TIMEx_BreakCallback
                0x08008bea        0x2 ./Drivers/STM32G4xx_HAL_Driver/Src/stm32g4xx_hal_tim_ex.o
                0x08008bea                HAL_TIMEx_BreakCallback
 .text.HAL_TIMEx_Break2Callback
                0x08008bec        0x2 ./Drivers/STM32G4xx_HAL_Driver/Src/stm32g4xx_hal_tim_ex.o
                0x08008bec                HAL_TIMEx_Break2Callback
 .text.HAL_TIMEx_EncoderIndexCallback
                0x08008bee        0x2 ./Drivers/STM32G4xx_HAL_Driver/Src/stm32g4xx_hal_tim_ex.o
                0x08008bee                HAL_TIMEx_EncoderIndexCallback
 .text.HAL_TIMEx_DirectionChangeCallback
                0x08008bf0        0x2 ./Drivers/STM32G4xx_HAL_Driver/Src/stm32g4xx_hal_tim_ex.o
                0x08008bf0                HAL_TIMEx_DirectionChangeCallback
 .text.HAL_TIMEx_IndexErrorCallback
                0x08008bf2        0x2 ./Drivers/STM32G4xx_HAL_Driver/Src/stm32g4xx_hal_tim_ex.o
                0x08008bf2                HAL_TIMEx_IndexErrorCallback
 .text.HAL_TIMEx_TransitionErrorCallback
                0x08008bf4        0x2 ./Drivers/STM32G4xx_HAL_Driver/Src/stm32g4xx_hal_tim_ex.o
                0x08008bf4                HAL_TIMEx_TransitionErrorCallback
 .text.UART_EndTxTransfer
                0x08008bf6       0x32 ./Drivers/STM32G4xx_HAL_Driver/Src/stm32g4xx_hal_uart.o
 .text.UART_EndRxTransfer
                0x08008c28       0x56 ./Drivers/STM32G4xx_HAL_Driver/Src/stm32g4xx_hal_uart.o
 .text.HAL_UART_DeInit
                0x08008c7e       0x44 ./Drivers/STM32G4xx_HAL_Driver/Src/stm32g4xx_hal_uart.o
                0x08008c7e                HAL_UART_DeInit
 *fill*         0x08008cc2        0x2 
 .text.HAL_UART_Transmit_DMA
                0x08008cc4       0xa0 ./Drivers/STM32G4xx_HAL_Driver/Src/stm32g4xx_hal_uart.o
                0x08008cc4                HAL_UART_Transmit_DMA
 .text.HAL_UART_TxCpltCallback
                0x08008d64        0x2 ./Drivers/STM32G4xx_HAL_Driver/Src/stm32g4xx_hal_uart.o
                0x08008d64                HAL_UART_TxCpltCallback
 .text.UART_DMATransmitCplt
                0x08008d66       0x48 ./Drivers/STM32G4xx_HAL_Driver/Src/stm32g4xx_hal_uart.o
 .text.UART_EndTransmit_IT
                0x08008dae       0x24 ./Drivers/STM32G4xx_HAL_Driver/Src/stm32g4xx_hal_uart.o
 .text.HAL_UART_TxHalfCpltCallback
                0x08008dd2        0x2 ./Drivers/STM32G4xx_HAL_Driver/Src/stm32g4xx_hal_uart.o
                0x08008dd2                HAL_UART_TxHalfCpltCallback
 .text.UART_DMATxHalfCplt
                0x08008dd4        0xa ./Drivers/STM32G4xx_HAL_Driver/Src/stm32g4xx_hal_uart.o
 .text.HAL_UART_RxCpltCallback
                0x08008dde        0x2 ./Drivers/STM32G4xx_HAL_Driver/Src/stm32g4xx_hal_uart.o
                0x08008dde                HAL_UART_RxCpltCallback
 .text.HAL_UART_RxHalfCpltCallback
                0x08008de0        0x2 ./Drivers/STM32G4xx_HAL_Driver/Src/stm32g4xx_hal_uart.o
                0x08008de0                HAL_UART_RxHalfCpltCallback
 .text.HAL_UART_ErrorCallback
                0x08008de2        0x2 ./Drivers/STM32G4xx_HAL_Driver/Src/stm32g4xx_hal_uart.o
                0x08008de2                HAL_UART_ErrorCallback
 .text.UART_DMAError
                0x08008de4       0x58 ./Drivers/STM32G4xx_HAL_Driver/Src/stm32g4xx_hal_uart.o
 .text.UART_DMAAbortOnError
                0x08008e3c       0x14 ./Drivers/STM32G4xx_HAL_Driver/Src/stm32g4xx_hal_uart.o
 .text.HAL_UARTEx_RxEventCallback
                0x08008e50        0x2 ./Drivers/STM32G4xx_HAL_Driver/Src/stm32g4xx_hal_uart.o
                0x08008e50                HAL_UARTEx_RxEventCallback
 *fill*         0x08008e52        0x2 
 .text.HAL_UART_IRQHandler
                0x08008e54      0x344 ./Drivers/STM32G4xx_HAL_Driver/Src/stm32g4xx_hal_uart.o
                0x08008e54                HAL_UART_IRQHandler
 .text.UART_DMARxHalfCplt
                0x08009198       0x20 ./Drivers/STM32G4xx_HAL_Driver/Src/stm32g4xx_hal_uart.o
 .text.UART_DMAReceiveCplt
                0x080091b8       0x92 ./Drivers/STM32G4xx_HAL_Driver/Src/stm32g4xx_hal_uart.o
 *fill*         0x0800924a        0x2 
 .text.UART_SetConfig
                0x0800924c      0x388 ./Drivers/STM32G4xx_HAL_Driver/Src/stm32g4xx_hal_uart.o
                0x0800924c                UART_SetConfig
 .text.UART_AdvFeatureConfig
                0x080095d4       0xca ./Drivers/STM32G4xx_HAL_Driver/Src/stm32g4xx_hal_uart.o
                0x080095d4                UART_AdvFeatureConfig
 .text.UART_WaitOnFlagUntilTimeout
                0x0800969e       0x9e ./Drivers/STM32G4xx_HAL_Driver/Src/stm32g4xx_hal_uart.o
                0x0800969e                UART_WaitOnFlagUntilTimeout
 .text.HAL_UART_Transmit
                0x0800973c       0xd2 ./Drivers/STM32G4xx_HAL_Driver/Src/stm32g4xx_hal_uart.o
                0x0800973c                HAL_UART_Transmit
 .text.UART_CheckIdleState
                0x0800980e       0xca ./Drivers/STM32G4xx_HAL_Driver/Src/stm32g4xx_hal_uart.o
                0x0800980e                UART_CheckIdleState
 .text.HAL_UART_Init
                0x080098d8       0x66 ./Drivers/STM32G4xx_HAL_Driver/Src/stm32g4xx_hal_uart.o
                0x080098d8                HAL_UART_Init
 *fill*         0x0800993e        0x2 
 .text.UART_Start_Receive_DMA
                0x08009940       0xb0 ./Drivers/STM32G4xx_HAL_Driver/Src/stm32g4xx_hal_uart.o
                0x08009940                UART_Start_Receive_DMA
 .text.HAL_UART_Receive_DMA
                0x080099f0       0x4c ./Drivers/STM32G4xx_HAL_Driver/Src/stm32g4xx_hal_uart.o
                0x080099f0                HAL_UART_Receive_DMA
 .text.UARTEx_SetNbDataToProcess
                0x08009a3c       0x4c ./Drivers/STM32G4xx_HAL_Driver/Src/stm32g4xx_hal_uart_ex.o
 .text.HAL_RS485Ex_Init
                0x08009a88       0x86 ./Drivers/STM32G4xx_HAL_Driver/Src/stm32g4xx_hal_uart_ex.o
                0x08009a88                HAL_RS485Ex_Init
 .text.HAL_UARTEx_WakeupCallback
                0x08009b0e        0x2 ./Drivers/STM32G4xx_HAL_Driver/Src/stm32g4xx_hal_uart_ex.o
                0x08009b0e                HAL_UARTEx_WakeupCallback
 .text.HAL_UARTEx_RxFifoFullCallback
                0x08009b10        0x2 ./Drivers/STM32G4xx_HAL_Driver/Src/stm32g4xx_hal_uart_ex.o
                0x08009b10                HAL_UARTEx_RxFifoFullCallback
 .text.HAL_UARTEx_TxFifoEmptyCallback
                0x08009b12        0x2 ./Drivers/STM32G4xx_HAL_Driver/Src/stm32g4xx_hal_uart_ex.o
                0x08009b12                HAL_UARTEx_TxFifoEmptyCallback
 .text.HAL_UARTEx_DisableFifoMode
                0x08009b14       0x3e ./Drivers/STM32G4xx_HAL_Driver/Src/stm32g4xx_hal_uart_ex.o
                0x08009b14                HAL_UARTEx_DisableFifoMode
 .text.HAL_UARTEx_SetTxFifoThreshold
                0x08009b52       0x4a ./Drivers/STM32G4xx_HAL_Driver/Src/stm32g4xx_hal_uart_ex.o
                0x08009b52                HAL_UARTEx_SetTxFifoThreshold
 .text.HAL_UARTEx_SetRxFifoThreshold
                0x08009b9c       0x4a ./Drivers/STM32G4xx_HAL_Driver/Src/stm32g4xx_hal_uart_ex.o
                0x08009b9c                HAL_UARTEx_SetRxFifoThreshold
 .text.sulp     0x08009be6       0x3c C:/ST/STM32CubeIDE_1.15.0/STM32CubeIDE/plugins/com.st.stm32cube.ide.mcu.externaltools.gnu-tools-for-stm32.12.3.rel1.win32_1.0.100.202403111256/tools/bin/../lib/gcc/arm-none-eabi/12.3.1/../../../../arm-none-eabi/lib/thumb/v7e-m+fp/hard\libc_nano.a(libc_a-strtod.o)
 *fill*         0x08009c22        0x6 
 .text._strtod_l
                0x08009c28      0xbc8 C:/ST/STM32CubeIDE_1.15.0/STM32CubeIDE/plugins/com.st.stm32cube.ide.mcu.externaltools.gnu-tools-for-stm32.12.3.rel1.win32_1.0.100.202403111256/tools/bin/../lib/gcc/arm-none-eabi/12.3.1/../../../../arm-none-eabi/lib/thumb/v7e-m+fp/hard\libc_nano.a(libc_a-strtod.o)
                0x08009c28                _strtod_l
 .text.strtof   0x0800a7f0       0xc8 C:/ST/STM32CubeIDE_1.15.0/STM32CubeIDE/plugins/com.st.stm32cube.ide.mcu.externaltools.gnu-tools-for-stm32.12.3.rel1.win32_1.0.100.202403111256/tools/bin/../lib/gcc/arm-none-eabi/12.3.1/../../../../arm-none-eabi/lib/thumb/v7e-m+fp/hard\libc_nano.a(libc_a-strtod.o)
                0x0800a7f0                strtof
 .text._strtoul_l.constprop.0
                0x0800a8b8       0xdc C:/ST/STM32CubeIDE_1.15.0/STM32CubeIDE/plugins/com.st.stm32cube.ide.mcu.externaltools.gnu-tools-for-stm32.12.3.rel1.win32_1.0.100.202403111256/tools/bin/../lib/gcc/arm-none-eabi/12.3.1/../../../../arm-none-eabi/lib/thumb/v7e-m+fp/hard\libc_nano.a(libc_a-strtoul.o)
 .text.strtoul  0x0800a994       0x14 C:/ST/STM32CubeIDE_1.15.0/STM32CubeIDE/plugins/com.st.stm32cube.ide.mcu.externaltools.gnu-tools-for-stm32.12.3.rel1.win32_1.0.100.202403111256/tools/bin/../lib/gcc/arm-none-eabi/12.3.1/../../../../arm-none-eabi/lib/thumb/v7e-m+fp/hard\libc_nano.a(libc_a-strtoul.o)
                0x0800a994                strtoul
 .text.__cvt    0x0800a9a8       0xca C:/ST/STM32CubeIDE_1.15.0/STM32CubeIDE/plugins/com.st.stm32cube.ide.mcu.externaltools.gnu-tools-for-stm32.12.3.rel1.win32_1.0.100.202403111256/tools/bin/../lib/gcc/arm-none-eabi/12.3.1/../../../../arm-none-eabi/lib/thumb/v7e-m+fp/hard\libc_nano.a(libc_a-nano-vfprintf_float.o)
                0x0800a9a8                __cvt
 .text.__exponent
                0x0800aa72       0x74 C:/ST/STM32CubeIDE_1.15.0/STM32CubeIDE/plugins/com.st.stm32cube.ide.mcu.externaltools.gnu-tools-for-stm32.12.3.rel1.win32_1.0.100.202403111256/tools/bin/../lib/gcc/arm-none-eabi/12.3.1/../../../../arm-none-eabi/lib/thumb/v7e-m+fp/hard\libc_nano.a(libc_a-nano-vfprintf_float.o)
                0x0800aa72                __exponent
 *fill*         0x0800aae6        0x2 
 .text._printf_float
                0x0800aae8      0x454 C:/ST/STM32CubeIDE_1.15.0/STM32CubeIDE/plugins/com.st.stm32cube.ide.mcu.externaltools.gnu-tools-for-stm32.12.3.rel1.win32_1.0.100.202403111256/tools/bin/../lib/gcc/arm-none-eabi/12.3.1/../../../../arm-none-eabi/lib/thumb/v7e-m+fp/hard\libc_nano.a(libc_a-nano-vfprintf_float.o)
                0x0800aae8                _printf_float
 .text._printf_common
                0x0800af3c       0xda C:/ST/STM32CubeIDE_1.15.0/STM32CubeIDE/plugins/com.st.stm32cube.ide.mcu.externaltools.gnu-tools-for-stm32.12.3.rel1.win32_1.0.100.202403111256/tools/bin/../lib/gcc/arm-none-eabi/12.3.1/../../../../arm-none-eabi/lib/thumb/v7e-m+fp/hard\libc_nano.a(libc_a-nano-vfprintf_i.o)
                0x0800af3c                _printf_common
 *fill*         0x0800b016        0x2 
 .text._printf_i
                0x0800b018      0x240 C:/ST/STM32CubeIDE_1.15.0/STM32CubeIDE/plugins/com.st.stm32cube.ide.mcu.externaltools.gnu-tools-for-stm32.12.3.rel1.win32_1.0.100.202403111256/tools/bin/../lib/gcc/arm-none-eabi/12.3.1/../../../../arm-none-eabi/lib/thumb/v7e-m+fp/hard\libc_nano.a(libc_a-nano-vfprintf_i.o)
                0x0800b018                _printf_i
 .text.std      0x0800b258       0x6c C:/ST/STM32CubeIDE_1.15.0/STM32CubeIDE/plugins/com.st.stm32cube.ide.mcu.externaltools.gnu-tools-for-stm32.12.3.rel1.win32_1.0.100.202403111256/tools/bin/../lib/gcc/arm-none-eabi/12.3.1/../../../../arm-none-eabi/lib/thumb/v7e-m+fp/hard\libc_nano.a(libc_a-findfp.o)
 .text.stdio_exit_handler
                0x0800b2c4       0x18 C:/ST/STM32CubeIDE_1.15.0/STM32CubeIDE/plugins/com.st.stm32cube.ide.mcu.externaltools.gnu-tools-for-stm32.12.3.rel1.win32_1.0.100.202403111256/tools/bin/../lib/gcc/arm-none-eabi/12.3.1/../../../../arm-none-eabi/lib/thumb/v7e-m+fp/hard\libc_nano.a(libc_a-findfp.o)
 .text.cleanup_stdio
                0x0800b2dc       0x40 C:/ST/STM32CubeIDE_1.15.0/STM32CubeIDE/plugins/com.st.stm32cube.ide.mcu.externaltools.gnu-tools-for-stm32.12.3.rel1.win32_1.0.100.202403111256/tools/bin/../lib/gcc/arm-none-eabi/12.3.1/../../../../arm-none-eabi/lib/thumb/v7e-m+fp/hard\libc_nano.a(libc_a-findfp.o)
 .text.global_stdio_init.part.0
                0x0800b31c       0x3c C:/ST/STM32CubeIDE_1.15.0/STM32CubeIDE/plugins/com.st.stm32cube.ide.mcu.externaltools.gnu-tools-for-stm32.12.3.rel1.win32_1.0.100.202403111256/tools/bin/../lib/gcc/arm-none-eabi/12.3.1/../../../../arm-none-eabi/lib/thumb/v7e-m+fp/hard\libc_nano.a(libc_a-findfp.o)
 .text.__sfp_lock_acquire
                0x0800b358        0xc C:/ST/STM32CubeIDE_1.15.0/STM32CubeIDE/plugins/com.st.stm32cube.ide.mcu.externaltools.gnu-tools-for-stm32.12.3.rel1.win32_1.0.100.202403111256/tools/bin/../lib/gcc/arm-none-eabi/12.3.1/../../../../arm-none-eabi/lib/thumb/v7e-m+fp/hard\libc_nano.a(libc_a-findfp.o)
                0x0800b358                __sfp_lock_acquire
 .text.__sfp_lock_release
                0x0800b364        0xc C:/ST/STM32CubeIDE_1.15.0/STM32CubeIDE/plugins/com.st.stm32cube.ide.mcu.externaltools.gnu-tools-for-stm32.12.3.rel1.win32_1.0.100.202403111256/tools/bin/../lib/gcc/arm-none-eabi/12.3.1/../../../../arm-none-eabi/lib/thumb/v7e-m+fp/hard\libc_nano.a(libc_a-findfp.o)
                0x0800b364                __sfp_lock_release
 .text.__sinit  0x0800b370       0x30 C:/ST/STM32CubeIDE_1.15.0/STM32CubeIDE/plugins/com.st.stm32cube.ide.mcu.externaltools.gnu-tools-for-stm32.12.3.rel1.win32_1.0.100.202403111256/tools/bin/../lib/gcc/arm-none-eabi/12.3.1/../../../../arm-none-eabi/lib/thumb/v7e-m+fp/hard\libc_nano.a(libc_a-findfp.o)
                0x0800b370                __sinit
 .text._fwalk_sglue
                0x0800b3a0       0x3c C:/ST/STM32CubeIDE_1.15.0/STM32CubeIDE/plugins/com.st.stm32cube.ide.mcu.externaltools.gnu-tools-for-stm32.12.3.rel1.win32_1.0.100.202403111256/tools/bin/../lib/gcc/arm-none-eabi/12.3.1/../../../../arm-none-eabi/lib/thumb/v7e-m+fp/hard\libc_nano.a(libc_a-fwalk.o)
                0x0800b3a0                _fwalk_sglue
 .text.__sread  0x0800b3dc       0x22 C:/ST/STM32CubeIDE_1.15.0/STM32CubeIDE/plugins/com.st.stm32cube.ide.mcu.externaltools.gnu-tools-for-stm32.12.3.rel1.win32_1.0.100.202403111256/tools/bin/../lib/gcc/arm-none-eabi/12.3.1/../../../../arm-none-eabi/lib/thumb/v7e-m+fp/hard\libc_nano.a(libc_a-stdio.o)
                0x0800b3dc                __sread
 .text.__swrite
                0x0800b3fe       0x38 C:/ST/STM32CubeIDE_1.15.0/STM32CubeIDE/plugins/com.st.stm32cube.ide.mcu.externaltools.gnu-tools-for-stm32.12.3.rel1.win32_1.0.100.202403111256/tools/bin/../lib/gcc/arm-none-eabi/12.3.1/../../../../arm-none-eabi/lib/thumb/v7e-m+fp/hard\libc_nano.a(libc_a-stdio.o)
                0x0800b3fe                __swrite
 .text.__sseek  0x0800b436       0x24 C:/ST/STM32CubeIDE_1.15.0/STM32CubeIDE/plugins/com.st.stm32cube.ide.mcu.externaltools.gnu-tools-for-stm32.12.3.rel1.win32_1.0.100.202403111256/tools/bin/../lib/gcc/arm-none-eabi/12.3.1/../../../../arm-none-eabi/lib/thumb/v7e-m+fp/hard\libc_nano.a(libc_a-stdio.o)
                0x0800b436                __sseek
 .text.__sclose
                0x0800b45a        0x8 C:/ST/STM32CubeIDE_1.15.0/STM32CubeIDE/plugins/com.st.stm32cube.ide.mcu.externaltools.gnu-tools-for-stm32.12.3.rel1.win32_1.0.100.202403111256/tools/bin/../lib/gcc/arm-none-eabi/12.3.1/../../../../arm-none-eabi/lib/thumb/v7e-m+fp/hard\libc_nano.a(libc_a-stdio.o)
                0x0800b45a                __sclose
 .text._vsnprintf_r
                0x0800b462       0x56 C:/ST/STM32CubeIDE_1.15.0/STM32CubeIDE/plugins/com.st.stm32cube.ide.mcu.externaltools.gnu-tools-for-stm32.12.3.rel1.win32_1.0.100.202403111256/tools/bin/../lib/gcc/arm-none-eabi/12.3.1/../../../../arm-none-eabi/lib/thumb/v7e-m+fp/hard\libc_nano.a(libc_a-vsnprintf.o)
                0x0800b462                _vsniprintf_r
                0x0800b462                _vsnprintf_r
 .text.vsnprintf
                0x0800b4b8       0x1c C:/ST/STM32CubeIDE_1.15.0/STM32CubeIDE/plugins/com.st.stm32cube.ide.mcu.externaltools.gnu-tools-for-stm32.12.3.rel1.win32_1.0.100.202403111256/tools/bin/../lib/gcc/arm-none-eabi/12.3.1/../../../../arm-none-eabi/lib/thumb/v7e-m+fp/hard\libc_nano.a(libc_a-vsnprintf.o)
                0x0800b4b8                vsniprintf
                0x0800b4b8                vsnprintf
 .text.memset   0x0800b4d4       0x10 C:/ST/STM32CubeIDE_1.15.0/STM32CubeIDE/plugins/com.st.stm32cube.ide.mcu.externaltools.gnu-tools-for-stm32.12.3.rel1.win32_1.0.100.202403111256/tools/bin/../lib/gcc/arm-none-eabi/12.3.1/../../../../arm-none-eabi/lib/thumb/v7e-m+fp/hard\libc_nano.a(libc_a-memset.o)
                0x0800b4d4                memset
 .text.strncmp  0x0800b4e4       0x24 C:/ST/STM32CubeIDE_1.15.0/STM32CubeIDE/plugins/com.st.stm32cube.ide.mcu.externaltools.gnu-tools-for-stm32.12.3.rel1.win32_1.0.100.202403111256/tools/bin/../lib/gcc/arm-none-eabi/12.3.1/../../../../arm-none-eabi/lib/thumb/v7e-m+fp/hard\libc_nano.a(libc_a-strncmp.o)
                0x0800b4e4                strncmp
 .text.__strtok_r
                0x0800b508       0x50 C:/ST/STM32CubeIDE_1.15.0/STM32CubeIDE/plugins/com.st.stm32cube.ide.mcu.externaltools.gnu-tools-for-stm32.12.3.rel1.win32_1.0.100.202403111256/tools/bin/../lib/gcc/arm-none-eabi/12.3.1/../../../../arm-none-eabi/lib/thumb/v7e-m+fp/hard\libc_nano.a(libc_a-strtok_r.o)
                0x0800b508                __strtok_r
 .text.strtok_r
                0x0800b558        0x6 C:/ST/STM32CubeIDE_1.15.0/STM32CubeIDE/plugins/com.st.stm32cube.ide.mcu.externaltools.gnu-tools-for-stm32.12.3.rel1.win32_1.0.100.202403111256/tools/bin/../lib/gcc/arm-none-eabi/12.3.1/../../../../arm-none-eabi/lib/thumb/v7e-m+fp/hard\libc_nano.a(libc_a-strtok_r.o)
                0x0800b558                strtok_r
 *fill*         0x0800b55e        0x2 
 .text._localeconv_r
                0x0800b560        0x8 C:/ST/STM32CubeIDE_1.15.0/STM32CubeIDE/plugins/com.st.stm32cube.ide.mcu.externaltools.gnu-tools-for-stm32.12.3.rel1.win32_1.0.100.202403111256/tools/bin/../lib/gcc/arm-none-eabi/12.3.1/../../../../arm-none-eabi/lib/thumb/v7e-m+fp/hard\libc_nano.a(libc_a-localeconv.o)
                0x0800b560                _localeconv_r
 .text._close_r
                0x0800b568       0x20 C:/ST/STM32CubeIDE_1.15.0/STM32CubeIDE/plugins/com.st.stm32cube.ide.mcu.externaltools.gnu-tools-for-stm32.12.3.rel1.win32_1.0.100.202403111256/tools/bin/../lib/gcc/arm-none-eabi/12.3.1/../../../../arm-none-eabi/lib/thumb/v7e-m+fp/hard\libc_nano.a(libc_a-closer.o)
                0x0800b568                _close_r
 .text._lseek_r
                0x0800b588       0x24 C:/ST/STM32CubeIDE_1.15.0/STM32CubeIDE/plugins/com.st.stm32cube.ide.mcu.externaltools.gnu-tools-for-stm32.12.3.rel1.win32_1.0.100.202403111256/tools/bin/../lib/gcc/arm-none-eabi/12.3.1/../../../../arm-none-eabi/lib/thumb/v7e-m+fp/hard\libc_nano.a(libc_a-lseekr.o)
                0x0800b588                _lseek_r
 .text._read_r  0x0800b5ac       0x24 C:/ST/STM32CubeIDE_1.15.0/STM32CubeIDE/plugins/com.st.stm32cube.ide.mcu.externaltools.gnu-tools-for-stm32.12.3.rel1.win32_1.0.100.202403111256/tools/bin/../lib/gcc/arm-none-eabi/12.3.1/../../../../arm-none-eabi/lib/thumb/v7e-m+fp/hard\libc_nano.a(libc_a-readr.o)
                0x0800b5ac                _read_r
 .text._write_r
                0x0800b5d0       0x24 C:/ST/STM32CubeIDE_1.15.0/STM32CubeIDE/plugins/com.st.stm32cube.ide.mcu.externaltools.gnu-tools-for-stm32.12.3.rel1.win32_1.0.100.202403111256/tools/bin/../lib/gcc/arm-none-eabi/12.3.1/../../../../arm-none-eabi/lib/thumb/v7e-m+fp/hard\libc_nano.a(libc_a-writer.o)
                0x0800b5d0                _write_r
 .text.__errno  0x0800b5f4        0xc C:/ST/STM32CubeIDE_1.15.0/STM32CubeIDE/plugins/com.st.stm32cube.ide.mcu.externaltools.gnu-tools-for-stm32.12.3.rel1.win32_1.0.100.202403111256/tools/bin/../lib/gcc/arm-none-eabi/12.3.1/../../../../arm-none-eabi/lib/thumb/v7e-m+fp/hard\libc_nano.a(libc_a-errno.o)
                0x0800b5f4                __errno
 .text.__libc_init_array
                0x0800b600       0x48 C:/ST/STM32CubeIDE_1.15.0/STM32CubeIDE/plugins/com.st.stm32cube.ide.mcu.externaltools.gnu-tools-for-stm32.12.3.rel1.win32_1.0.100.202403111256/tools/bin/../lib/gcc/arm-none-eabi/12.3.1/../../../../arm-none-eabi/lib/thumb/v7e-m+fp/hard\libc_nano.a(libc_a-init.o)
                0x0800b600                __libc_init_array
 .text.__retarget_lock_init_recursive
                0x0800b648        0x2 C:/ST/STM32CubeIDE_1.15.0/STM32CubeIDE/plugins/com.st.stm32cube.ide.mcu.externaltools.gnu-tools-for-stm32.12.3.rel1.win32_1.0.100.202403111256/tools/bin/../lib/gcc/arm-none-eabi/12.3.1/../../../../arm-none-eabi/lib/thumb/v7e-m+fp/hard\libc_nano.a(libc_a-lock.o)
                0x0800b648                __retarget_lock_init_recursive
 .text.__retarget_lock_acquire_recursive
                0x0800b64a        0x2 C:/ST/STM32CubeIDE_1.15.0/STM32CubeIDE/plugins/com.st.stm32cube.ide.mcu.externaltools.gnu-tools-for-stm32.12.3.rel1.win32_1.0.100.202403111256/tools/bin/../lib/gcc/arm-none-eabi/12.3.1/../../../../arm-none-eabi/lib/thumb/v7e-m+fp/hard\libc_nano.a(libc_a-lock.o)
                0x0800b64a                __retarget_lock_acquire_recursive
 .text.__retarget_lock_release_recursive
                0x0800b64c        0x2 C:/ST/STM32CubeIDE_1.15.0/STM32CubeIDE/plugins/com.st.stm32cube.ide.mcu.externaltools.gnu-tools-for-stm32.12.3.rel1.win32_1.0.100.202403111256/tools/bin/../lib/gcc/arm-none-eabi/12.3.1/../../../../arm-none-eabi/lib/thumb/v7e-m+fp/hard\libc_nano.a(libc_a-lock.o)
                0x0800b64c                __retarget_lock_release_recursive
 .text.strcpy   0x0800b64e       0x10 C:/ST/STM32CubeIDE_1.15.0/STM32CubeIDE/plugins/com.st.stm32cube.ide.mcu.externaltools.gnu-tools-for-stm32.12.3.rel1.win32_1.0.100.202403111256/tools/bin/../lib/gcc/arm-none-eabi/12.3.1/../../../../arm-none-eabi/lib/thumb/v7e-m+fp/hard\libc_nano.a(libc_a-strcpy.o)
                0x0800b64e                strcpy
 .text.memcpy   0x0800b65e       0x1c C:/ST/STM32CubeIDE_1.15.0/STM32CubeIDE/plugins/com.st.stm32cube.ide.mcu.externaltools.gnu-tools-for-stm32.12.3.rel1.win32_1.0.100.202403111256/tools/bin/../lib/gcc/arm-none-eabi/12.3.1/../../../../arm-none-eabi/lib/thumb/v7e-m+fp/hard\libc_nano.a(libc_a-memcpy-stub.o)
                0x0800b65e                memcpy
 *fill*         0x0800b67a        0x6 
 .text.nan      0x0800b680       0x10 C:/ST/STM32CubeIDE_1.15.0/STM32CubeIDE/plugins/com.st.stm32cube.ide.mcu.externaltools.gnu-tools-for-stm32.12.3.rel1.win32_1.0.100.202403111256/tools/bin/../lib/gcc/arm-none-eabi/12.3.1/../../../../arm-none-eabi/lib/thumb/v7e-m+fp/hard\libc_nano.a(libm_a-s_nan.o)
                0x0800b680                nan
 .text.nanf     0x0800b690        0xc C:/ST/STM32CubeIDE_1.15.0/STM32CubeIDE/plugins/com.st.stm32cube.ide.mcu.externaltools.gnu-tools-for-stm32.12.3.rel1.win32_1.0.100.202403111256/tools/bin/../lib/gcc/arm-none-eabi/12.3.1/../../../../arm-none-eabi/lib/thumb/v7e-m+fp/hard\libc_nano.a(libm_a-sf_nan.o)
                0x0800b690                nanf
 .text.quorem   0x0800b69c      0x110 C:/ST/STM32CubeIDE_1.15.0/STM32CubeIDE/plugins/com.st.stm32cube.ide.mcu.externaltools.gnu-tools-for-stm32.12.3.rel1.win32_1.0.100.202403111256/tools/bin/../lib/gcc/arm-none-eabi/12.3.1/../../../../arm-none-eabi/lib/thumb/v7e-m+fp/hard\libc_nano.a(libc_a-dtoa.o)
 *fill*         0x0800b7ac        0x4 
 .text._dtoa_r  0x0800b7b0      0xb88 C:/ST/STM32CubeIDE_1.15.0/STM32CubeIDE/plugins/com.st.stm32cube.ide.mcu.externaltools.gnu-tools-for-stm32.12.3.rel1.win32_1.0.100.202403111256/tools/bin/../lib/gcc/arm-none-eabi/12.3.1/../../../../arm-none-eabi/lib/thumb/v7e-m+fp/hard\libc_nano.a(libc_a-dtoa.o)
                0x0800b7b0                _dtoa_r
 .text._free_r  0x0800c338       0x94 C:/ST/STM32CubeIDE_1.15.0/STM32CubeIDE/plugins/com.st.stm32cube.ide.mcu.externaltools.gnu-tools-for-stm32.12.3.rel1.win32_1.0.100.202403111256/tools/bin/../lib/gcc/arm-none-eabi/12.3.1/../../../../arm-none-eabi/lib/thumb/v7e-m+fp/hard\libc_nano.a(libc_a-freer.o)
                0x0800c338                _free_r
 .text.rshift   0x0800c3cc       0xa4 C:/ST/STM32CubeIDE_1.15.0/STM32CubeIDE/plugins/com.st.stm32cube.ide.mcu.externaltools.gnu-tools-for-stm32.12.3.rel1.win32_1.0.100.202403111256/tools/bin/../lib/gcc/arm-none-eabi/12.3.1/../../../../arm-none-eabi/lib/thumb/v7e-m+fp/hard\libc_nano.a(libc_a-gdtoa-gethex.o)
 .text.__hexdig_fun
                0x0800c470       0x2a C:/ST/STM32CubeIDE_1.15.0/STM32CubeIDE/plugins/com.st.stm32cube.ide.mcu.externaltools.gnu-tools-for-stm32.12.3.rel1.win32_1.0.100.202403111256/tools/bin/../lib/gcc/arm-none-eabi/12.3.1/../../../../arm-none-eabi/lib/thumb/v7e-m+fp/hard\libc_nano.a(libc_a-gdtoa-gethex.o)
                0x0800c470                __hexdig_fun
 *fill*         0x0800c49a        0x2 
 .text.__gethex
                0x0800c49c      0x420 C:/ST/STM32CubeIDE_1.15.0/STM32CubeIDE/plugins/com.st.stm32cube.ide.mcu.externaltools.gnu-tools-for-stm32.12.3.rel1.win32_1.0.100.202403111256/tools/bin/../lib/gcc/arm-none-eabi/12.3.1/../../../../arm-none-eabi/lib/thumb/v7e-m+fp/hard\libc_nano.a(libc_a-gdtoa-gethex.o)
                0x0800c49c                __gethex
 .text.L_shift  0x0800c8bc       0x24 C:/ST/STM32CubeIDE_1.15.0/STM32CubeIDE/plugins/com.st.stm32cube.ide.mcu.externaltools.gnu-tools-for-stm32.12.3.rel1.win32_1.0.100.202403111256/tools/bin/../lib/gcc/arm-none-eabi/12.3.1/../../../../arm-none-eabi/lib/thumb/v7e-m+fp/hard\libc_nano.a(libc_a-gdtoa-hexnan.o)
 .text.__match  0x0800c8e0       0x28 C:/ST/STM32CubeIDE_1.15.0/STM32CubeIDE/plugins/com.st.stm32cube.ide.mcu.externaltools.gnu-tools-for-stm32.12.3.rel1.win32_1.0.100.202403111256/tools/bin/../lib/gcc/arm-none-eabi/12.3.1/../../../../arm-none-eabi/lib/thumb/v7e-m+fp/hard\libc_nano.a(libc_a-gdtoa-hexnan.o)
                0x0800c8e0                __match
 .text.__hexnan
                0x0800c908      0x136 C:/ST/STM32CubeIDE_1.15.0/STM32CubeIDE/plugins/com.st.stm32cube.ide.mcu.externaltools.gnu-tools-for-stm32.12.3.rel1.win32_1.0.100.202403111256/tools/bin/../lib/gcc/arm-none-eabi/12.3.1/../../../../arm-none-eabi/lib/thumb/v7e-m+fp/hard\libc_nano.a(libc_a-gdtoa-hexnan.o)
                0x0800c908                __hexnan
 *fill*         0x0800ca3e        0x2 
 .text.malloc   0x0800ca40       0x10 C:/ST/STM32CubeIDE_1.15.0/STM32CubeIDE/plugins/com.st.stm32cube.ide.mcu.externaltools.gnu-tools-for-stm32.12.3.rel1.win32_1.0.100.202403111256/tools/bin/../lib/gcc/arm-none-eabi/12.3.1/../../../../arm-none-eabi/lib/thumb/v7e-m+fp/hard\libc_nano.a(libc_a-malloc.o)
                0x0800ca40                malloc
 .text.sbrk_aligned
                0x0800ca50       0x44 C:/ST/STM32CubeIDE_1.15.0/STM32CubeIDE/plugins/com.st.stm32cube.ide.mcu.externaltools.gnu-tools-for-stm32.12.3.rel1.win32_1.0.100.202403111256/tools/bin/../lib/gcc/arm-none-eabi/12.3.1/../../../../arm-none-eabi/lib/thumb/v7e-m+fp/hard\libc_nano.a(libc_a-mallocr.o)
 .text._malloc_r
                0x0800ca94      0x100 C:/ST/STM32CubeIDE_1.15.0/STM32CubeIDE/plugins/com.st.stm32cube.ide.mcu.externaltools.gnu-tools-for-stm32.12.3.rel1.win32_1.0.100.202403111256/tools/bin/../lib/gcc/arm-none-eabi/12.3.1/../../../../arm-none-eabi/lib/thumb/v7e-m+fp/hard\libc_nano.a(libc_a-mallocr.o)
                0x0800ca94                _malloc_r
 .text.__ascii_mbtowc
                0x0800cb94       0x24 C:/ST/STM32CubeIDE_1.15.0/STM32CubeIDE/plugins/com.st.stm32cube.ide.mcu.externaltools.gnu-tools-for-stm32.12.3.rel1.win32_1.0.100.202403111256/tools/bin/../lib/gcc/arm-none-eabi/12.3.1/../../../../arm-none-eabi/lib/thumb/v7e-m+fp/hard\libc_nano.a(libc_a-mbtowc_r.o)
                0x0800cb94                __ascii_mbtowc
 .text.__malloc_lock
                0x0800cbb8        0xc C:/ST/STM32CubeIDE_1.15.0/STM32CubeIDE/plugins/com.st.stm32cube.ide.mcu.externaltools.gnu-tools-for-stm32.12.3.rel1.win32_1.0.100.202403111256/tools/bin/../lib/gcc/arm-none-eabi/12.3.1/../../../../arm-none-eabi/lib/thumb/v7e-m+fp/hard\libc_nano.a(libc_a-mlock.o)
                0x0800cbb8                __malloc_lock
 .text.__malloc_unlock
                0x0800cbc4        0xc C:/ST/STM32CubeIDE_1.15.0/STM32CubeIDE/plugins/com.st.stm32cube.ide.mcu.externaltools.gnu-tools-for-stm32.12.3.rel1.win32_1.0.100.202403111256/tools/bin/../lib/gcc/arm-none-eabi/12.3.1/../../../../arm-none-eabi/lib/thumb/v7e-m+fp/hard\libc_nano.a(libc_a-mlock.o)
                0x0800cbc4                __malloc_unlock
 .text._Balloc  0x0800cbd0       0x80 C:/ST/STM32CubeIDE_1.15.0/STM32CubeIDE/plugins/com.st.stm32cube.ide.mcu.externaltools.gnu-tools-for-stm32.12.3.rel1.win32_1.0.100.202403111256/tools/bin/../lib/gcc/arm-none-eabi/12.3.1/../../../../arm-none-eabi/lib/thumb/v7e-m+fp/hard\libc_nano.a(libc_a-mprec.o)
                0x0800cbd0                _Balloc
 .text._Bfree   0x0800cc50       0x44 C:/ST/STM32CubeIDE_1.15.0/STM32CubeIDE/plugins/com.st.stm32cube.ide.mcu.externaltools.gnu-tools-for-stm32.12.3.rel1.win32_1.0.100.202403111256/tools/bin/../lib/gcc/arm-none-eabi/12.3.1/../../../../arm-none-eabi/lib/thumb/v7e-m+fp/hard\libc_nano.a(libc_a-mprec.o)
                0x0800cc50                _Bfree
 .text.__multadd
                0x0800cc94       0x8c C:/ST/STM32CubeIDE_1.15.0/STM32CubeIDE/plugins/com.st.stm32cube.ide.mcu.externaltools.gnu-tools-for-stm32.12.3.rel1.win32_1.0.100.202403111256/tools/bin/../lib/gcc/arm-none-eabi/12.3.1/../../../../arm-none-eabi/lib/thumb/v7e-m+fp/hard\libc_nano.a(libc_a-mprec.o)
                0x0800cc94                __multadd
 .text.__s2b    0x0800cd20       0x94 C:/ST/STM32CubeIDE_1.15.0/STM32CubeIDE/plugins/com.st.stm32cube.ide.mcu.externaltools.gnu-tools-for-stm32.12.3.rel1.win32_1.0.100.202403111256/tools/bin/../lib/gcc/arm-none-eabi/12.3.1/../../../../arm-none-eabi/lib/thumb/v7e-m+fp/hard\libc_nano.a(libc_a-mprec.o)
                0x0800cd20                __s2b
 .text.__hi0bits
                0x0800cdb4       0x3e C:/ST/STM32CubeIDE_1.15.0/STM32CubeIDE/plugins/com.st.stm32cube.ide.mcu.externaltools.gnu-tools-for-stm32.12.3.rel1.win32_1.0.100.202403111256/tools/bin/../lib/gcc/arm-none-eabi/12.3.1/../../../../arm-none-eabi/lib/thumb/v7e-m+fp/hard\libc_nano.a(libc_a-mprec.o)
                0x0800cdb4                __hi0bits
 .text.__lo0bits
                0x0800cdf2       0x5a C:/ST/STM32CubeIDE_1.15.0/STM32CubeIDE/plugins/com.st.stm32cube.ide.mcu.externaltools.gnu-tools-for-stm32.12.3.rel1.win32_1.0.100.202403111256/tools/bin/../lib/gcc/arm-none-eabi/12.3.1/../../../../arm-none-eabi/lib/thumb/v7e-m+fp/hard\libc_nano.a(libc_a-mprec.o)
                0x0800cdf2                __lo0bits
 .text.__i2b    0x0800ce4c       0x2c C:/ST/STM32CubeIDE_1.15.0/STM32CubeIDE/plugins/com.st.stm32cube.ide.mcu.externaltools.gnu-tools-for-stm32.12.3.rel1.win32_1.0.100.202403111256/tools/bin/../lib/gcc/arm-none-eabi/12.3.1/../../../../arm-none-eabi/lib/thumb/v7e-m+fp/hard\libc_nano.a(libc_a-mprec.o)
                0x0800ce4c                __i2b
 .text.__multiply
                0x0800ce78      0x154 C:/ST/STM32CubeIDE_1.15.0/STM32CubeIDE/plugins/com.st.stm32cube.ide.mcu.externaltools.gnu-tools-for-stm32.12.3.rel1.win32_1.0.100.202403111256/tools/bin/../lib/gcc/arm-none-eabi/12.3.1/../../../../arm-none-eabi/lib/thumb/v7e-m+fp/hard\libc_nano.a(libc_a-mprec.o)
                0x0800ce78                __multiply
 .text.__pow5mult
                0x0800cfcc       0xb4 C:/ST/STM32CubeIDE_1.15.0/STM32CubeIDE/plugins/com.st.stm32cube.ide.mcu.externaltools.gnu-tools-for-stm32.12.3.rel1.win32_1.0.100.202403111256/tools/bin/../lib/gcc/arm-none-eabi/12.3.1/../../../../arm-none-eabi/lib/thumb/v7e-m+fp/hard\libc_nano.a(libc_a-mprec.o)
                0x0800cfcc                __pow5mult
 .text.__lshift
                0x0800d080       0xd8 C:/ST/STM32CubeIDE_1.15.0/STM32CubeIDE/plugins/com.st.stm32cube.ide.mcu.externaltools.gnu-tools-for-stm32.12.3.rel1.win32_1.0.100.202403111256/tools/bin/../lib/gcc/arm-none-eabi/12.3.1/../../../../arm-none-eabi/lib/thumb/v7e-m+fp/hard\libc_nano.a(libc_a-mprec.o)
                0x0800d080                __lshift
 .text.__mcmp   0x0800d158       0x36 C:/ST/STM32CubeIDE_1.15.0/STM32CubeIDE/plugins/com.st.stm32cube.ide.mcu.externaltools.gnu-tools-for-stm32.12.3.rel1.win32_1.0.100.202403111256/tools/bin/../lib/gcc/arm-none-eabi/12.3.1/../../../../arm-none-eabi/lib/thumb/v7e-m+fp/hard\libc_nano.a(libc_a-mprec.o)
                0x0800d158                __mcmp
 *fill*         0x0800d18e        0x2 
 .text.__mdiff  0x0800d190      0x128 C:/ST/STM32CubeIDE_1.15.0/STM32CubeIDE/plugins/com.st.stm32cube.ide.mcu.externaltools.gnu-tools-for-stm32.12.3.rel1.win32_1.0.100.202403111256/tools/bin/../lib/gcc/arm-none-eabi/12.3.1/../../../../arm-none-eabi/lib/thumb/v7e-m+fp/hard\libc_nano.a(libc_a-mprec.o)
                0x0800d190                __mdiff
 .text.__ulp    0x0800d2b8       0x4c C:/ST/STM32CubeIDE_1.15.0/STM32CubeIDE/plugins/com.st.stm32cube.ide.mcu.externaltools.gnu-tools-for-stm32.12.3.rel1.win32_1.0.100.202403111256/tools/bin/../lib/gcc/arm-none-eabi/12.3.1/../../../../arm-none-eabi/lib/thumb/v7e-m+fp/hard\libc_nano.a(libc_a-mprec.o)
                0x0800d2b8                __ulp
 .text.__b2d    0x0800d304       0x94 C:/ST/STM32CubeIDE_1.15.0/STM32CubeIDE/plugins/com.st.stm32cube.ide.mcu.externaltools.gnu-tools-for-stm32.12.3.rel1.win32_1.0.100.202403111256/tools/bin/../lib/gcc/arm-none-eabi/12.3.1/../../../../arm-none-eabi/lib/thumb/v7e-m+fp/hard\libc_nano.a(libc_a-mprec.o)
                0x0800d304                __b2d
 .text.__d2b    0x0800d398       0xb0 C:/ST/STM32CubeIDE_1.15.0/STM32CubeIDE/plugins/com.st.stm32cube.ide.mcu.externaltools.gnu-tools-for-stm32.12.3.rel1.win32_1.0.100.202403111256/tools/bin/../lib/gcc/arm-none-eabi/12.3.1/../../../../arm-none-eabi/lib/thumb/v7e-m+fp/hard\libc_nano.a(libc_a-mprec.o)
                0x0800d398                __d2b
 .text.__ratio  0x0800d448       0x64 C:/ST/STM32CubeIDE_1.15.0/STM32CubeIDE/plugins/com.st.stm32cube.ide.mcu.externaltools.gnu-tools-for-stm32.12.3.rel1.win32_1.0.100.202403111256/tools/bin/../lib/gcc/arm-none-eabi/12.3.1/../../../../arm-none-eabi/lib/thumb/v7e-m+fp/hard\libc_nano.a(libc_a-mprec.o)
                0x0800d448                __ratio
 .text.__copybits
                0x0800d4ac       0x46 C:/ST/STM32CubeIDE_1.15.0/STM32CubeIDE/plugins/com.st.stm32cube.ide.mcu.externaltools.gnu-tools-for-stm32.12.3.rel1.win32_1.0.100.202403111256/tools/bin/../lib/gcc/arm-none-eabi/12.3.1/../../../../arm-none-eabi/lib/thumb/v7e-m+fp/hard\libc_nano.a(libc_a-mprec.o)
                0x0800d4ac                __copybits
 .text.__any_on
                0x0800d4f2       0x42 C:/ST/STM32CubeIDE_1.15.0/STM32CubeIDE/plugins/com.st.stm32cube.ide.mcu.externaltools.gnu-tools-for-stm32.12.3.rel1.win32_1.0.100.202403111256/tools/bin/../lib/gcc/arm-none-eabi/12.3.1/../../../../arm-none-eabi/lib/thumb/v7e-m+fp/hard\libc_nano.a(libc_a-mprec.o)
                0x0800d4f2                __any_on
 .text.__ascii_wctomb
                0x0800d534       0x1a C:/ST/STM32CubeIDE_1.15.0/STM32CubeIDE/plugins/com.st.stm32cube.ide.mcu.externaltools.gnu-tools-for-stm32.12.3.rel1.win32_1.0.100.202403111256/tools/bin/../lib/gcc/arm-none-eabi/12.3.1/../../../../arm-none-eabi/lib/thumb/v7e-m+fp/hard\libc_nano.a(libc_a-wctomb_r.o)
                0x0800d534                __ascii_wctomb
 .text.__ssputs_r
                0x0800d54e       0xb6 C:/ST/STM32CubeIDE_1.15.0/STM32CubeIDE/plugins/com.st.stm32cube.ide.mcu.externaltools.gnu-tools-for-stm32.12.3.rel1.win32_1.0.100.202403111256/tools/bin/../lib/gcc/arm-none-eabi/12.3.1/../../../../arm-none-eabi/lib/thumb/v7e-m+fp/hard\libc_nano.a(libc_a-nano-svfprintf.o)
                0x0800d54e                __ssputs_r
 .text._svfprintf_r
                0x0800d604      0x1f8 C:/ST/STM32CubeIDE_1.15.0/STM32CubeIDE/plugins/com.st.stm32cube.ide.mcu.externaltools.gnu-tools-for-stm32.12.3.rel1.win32_1.0.100.202403111256/tools/bin/../lib/gcc/arm-none-eabi/12.3.1/../../../../arm-none-eabi/lib/thumb/v7e-m+fp/hard\libc_nano.a(libc_a-nano-svfprintf.o)
                0x0800d604                _svfiprintf_r
                0x0800d604                _svfprintf_r
 .text.__sflush_r
                0x0800d7fc      0x108 C:/ST/STM32CubeIDE_1.15.0/STM32CubeIDE/plugins/com.st.stm32cube.ide.mcu.externaltools.gnu-tools-for-stm32.12.3.rel1.win32_1.0.100.202403111256/tools/bin/../lib/gcc/arm-none-eabi/12.3.1/../../../../arm-none-eabi/lib/thumb/v7e-m+fp/hard\libc_nano.a(libc_a-fflush.o)
                0x0800d7fc                __sflush_r
 .text._fflush_r
                0x0800d904       0x50 C:/ST/STM32CubeIDE_1.15.0/STM32CubeIDE/plugins/com.st.stm32cube.ide.mcu.externaltools.gnu-tools-for-stm32.12.3.rel1.win32_1.0.100.202403111256/tools/bin/../lib/gcc/arm-none-eabi/12.3.1/../../../../arm-none-eabi/lib/thumb/v7e-m+fp/hard\libc_nano.a(libc_a-fflush.o)
                0x0800d904                _fflush_r