../App/hw/driver/uart.c:78:6:uartInit	8	static
../App/hw/driver/uart.c:99:6:uartDeInit	0	static
../App/hw/driver/uart.c:104:6:uartIsInit	0	static
../App/hw/driver/uart.c:109:6:uartOpen	40	static
../App/hw/driver/uart.c:234:6:uartIsOpen	0	static
../App/hw/driver/uart.c:251:6:uartClose	0	static
../App/hw/driver/uart.c:260:10:uartAvailable	8	static
../App/hw/driver/uart.c:299:9:uartRead	16	static
../App/hw/driver/uart.c:281:6:uartFlush	16	static
../App/hw/driver/uart.c:319:10:uartWrite	16	static
../App/hw/driver/uart.c:345:10:uartVPrintf	264	static
../App/hw/driver/uart.c:362:10:uartPrintf	276	static
../App/hw/driver/uart.c:380:10:uartGetBaud	0	static
../App/hw/driver/uart.c:407:6:cliUart	32	static
../App/hw/driver/uart.c:392:10:uartGetRxCnt	0	static
../App/hw/driver/uart.c:399:10:uartGetTxCnt	0	static
