../App/hw/driver/i2c.c:407:6:delayUs	8	static
../App/hw/driver/i2c.c:62:6:i2cInit	8	static
../App/hw/driver/i2c.c:87:6:i2cIsInit	0	static
../App/hw/driver/i2c.c:92:6:i2cBegin	0	static
../App/hw/driver/i2c.c:97:6:i2cIsBegin	0	static
../App/hw/driver/i2c.c:108:6:i2cReset	144	static
../App/hw/driver/i2c.c:169:6:i2cIsDeviceReady	8	static,ignoring_inline_asm
../App/hw/driver/i2c.c:184:6:i2cRecovery	8	static
../App/hw/driver/i2c.c:200:6:i2cReadBytes	0	static
../App/hw/driver/i2c.c:195:6:i2cReadByte	16	static
../App/hw/driver/i2c.c:231:6:i2cReadA16Bytes	24	static
../App/hw/driver/i2c.c:261:6:i2cReadData	0	static
../App/hw/driver/i2c.c:297:6:i2cWriteBytes	24	static
../App/hw/driver/i2c.c:292:6:i2cWriteByte	24	static
../App/hw/driver/i2c.c:327:6:i2cWriteA16Bytes	24	static
../App/hw/driver/i2c.c:357:6:i2cWriteData	16	static
../App/hw/driver/i2c.c:387:6:i2cSetTimeout	0	static
../App/hw/driver/i2c.c:392:10:i2cGetTimeout	0	static
../App/hw/driver/i2c.c:397:6:i2cClearErrCount	0	static
../App/hw/driver/i2c.c:402:10:i2cGetErrCount	0	static
../App/hw/driver/i2c.c:418:6:I2C1_EV_IRQHandler	0	static
