Archive member included to satisfy reference by file (symbol)

C:/ST/STM32CubeIDE_1.15.0/STM32CubeIDE/plugins/com.st.stm32cube.ide.mcu.externaltools.gnu-tools-for-stm32.12.3.rel1.win32_1.0.100.202403111256/tools/bin/../lib/gcc/arm-none-eabi/12.3.1/../../../../arm-none-eabi/lib/thumb/v7e-m+fp/hard\libc_nano.a(libc_a-exit.o)
                              C:/ST/STM32CubeIDE_1.15.0/STM32CubeIDE/plugins/com.st.stm32cube.ide.mcu.externaltools.gnu-tools-for-stm32.12.3.rel1.win32_1.0.100.202403111256/tools/bin/../lib/gcc/arm-none-eabi/12.3.1/../../../../arm-none-eabi/lib/thumb/v7e-m+fp/hard/crt0.o (exit)
C:/ST/STM32CubeIDE_1.15.0/STM32CubeIDE/plugins/com.st.stm32cube.ide.mcu.externaltools.gnu-tools-for-stm32.12.3.rel1.win32_1.0.100.202403111256/tools/bin/../lib/gcc/arm-none-eabi/12.3.1/../../../../arm-none-eabi/lib/thumb/v7e-m+fp/hard\libc_nano.a(libc_a-strtod.o)
                              ./Core/Src/cli.o (strtof)
C:/ST/STM32CubeIDE_1.15.0/STM32CubeIDE/plugins/com.st.stm32cube.ide.mcu.externaltools.gnu-tools-for-stm32.12.3.rel1.win32_1.0.100.202403111256/tools/bin/../lib/gcc/arm-none-eabi/12.3.1/../../../../arm-none-eabi/lib/thumb/v7e-m+fp/hard\libc_nano.a(libc_a-strtoul.o)
                              ./Core/Src/cli.o (strtoul)
C:/ST/STM32CubeIDE_1.15.0/STM32CubeIDE/plugins/com.st.stm32cube.ide.mcu.externaltools.gnu-tools-for-stm32.12.3.rel1.win32_1.0.100.202403111256/tools/bin/../lib/gcc/arm-none-eabi/12.3.1/../../../../arm-none-eabi/lib/thumb/v7e-m+fp/hard\libc_nano.a(libc_a-ctype_.o)
                              C:/ST/STM32CubeIDE_1.15.0/STM32CubeIDE/plugins/com.st.stm32cube.ide.mcu.externaltools.gnu-tools-for-stm32.12.3.rel1.win32_1.0.100.202403111256/tools/bin/../lib/gcc/arm-none-eabi/12.3.1/../../../../arm-none-eabi/lib/thumb/v7e-m+fp/hard\libc_nano.a(libc_a-strtoul.o) (_ctype_)
C:/ST/STM32CubeIDE_1.15.0/STM32CubeIDE/plugins/com.st.stm32cube.ide.mcu.externaltools.gnu-tools-for-stm32.12.3.rel1.win32_1.0.100.202403111256/tools/bin/../lib/gcc/arm-none-eabi/12.3.1/../../../../arm-none-eabi/lib/thumb/v7e-m+fp/hard\libc_nano.a(libc_a-nano-vfprintf_float.o)
                              (_printf_float)
C:/ST/STM32CubeIDE_1.15.0/STM32CubeIDE/plugins/com.st.stm32cube.ide.mcu.externaltools.gnu-tools-for-stm32.12.3.rel1.win32_1.0.100.202403111256/tools/bin/../lib/gcc/arm-none-eabi/12.3.1/../../../../arm-none-eabi/lib/thumb/v7e-m+fp/hard\libc_nano.a(libc_a-nano-vfprintf_i.o)
                              C:/ST/STM32CubeIDE_1.15.0/STM32CubeIDE/plugins/com.st.stm32cube.ide.mcu.externaltools.gnu-tools-for-stm32.12.3.rel1.win32_1.0.100.202403111256/tools/bin/../lib/gcc/arm-none-eabi/12.3.1/../../../../arm-none-eabi/lib/thumb/v7e-m+fp/hard\libc_nano.a(libc_a-nano-vfprintf_float.o) (_printf_common)
C:/ST/STM32CubeIDE_1.15.0/STM32CubeIDE/plugins/com.st.stm32cube.ide.mcu.externaltools.gnu-tools-for-stm32.12.3.rel1.win32_1.0.100.202403111256/tools/bin/../lib/gcc/arm-none-eabi/12.3.1/../../../../arm-none-eabi/lib/thumb/v7e-m+fp/hard\libc_nano.a(libc_a-findfp.o)
                              C:/ST/STM32CubeIDE_1.15.0/STM32CubeIDE/plugins/com.st.stm32cube.ide.mcu.externaltools.gnu-tools-for-stm32.12.3.rel1.win32_1.0.100.202403111256/tools/bin/../lib/gcc/arm-none-eabi/12.3.1/../../../../arm-none-eabi/lib/thumb/v7e-m+fp/hard\libc_nano.a(libc_a-exit.o) (__stdio_exit_handler)
C:/ST/STM32CubeIDE_1.15.0/STM32CubeIDE/plugins/com.st.stm32cube.ide.mcu.externaltools.gnu-tools-for-stm32.12.3.rel1.win32_1.0.100.202403111256/tools/bin/../lib/gcc/arm-none-eabi/12.3.1/../../../../arm-none-eabi/lib/thumb/v7e-m+fp/hard\libc_nano.a(libc_a-fwalk.o)
                              C:/ST/STM32CubeIDE_1.15.0/STM32CubeIDE/plugins/com.st.stm32cube.ide.mcu.externaltools.gnu-tools-for-stm32.12.3.rel1.win32_1.0.100.202403111256/tools/bin/../lib/gcc/arm-none-eabi/12.3.1/../../../../arm-none-eabi/lib/thumb/v7e-m+fp/hard\libc_nano.a(libc_a-findfp.o) (_fwalk_sglue)
C:/ST/STM32CubeIDE_1.15.0/STM32CubeIDE/plugins/com.st.stm32cube.ide.mcu.externaltools.gnu-tools-for-stm32.12.3.rel1.win32_1.0.100.202403111256/tools/bin/../lib/gcc/arm-none-eabi/12.3.1/../../../../arm-none-eabi/lib/thumb/v7e-m+fp/hard\libc_nano.a(libc_a-stdio.o)
                              C:/ST/STM32CubeIDE_1.15.0/STM32CubeIDE/plugins/com.st.stm32cube.ide.mcu.externaltools.gnu-tools-for-stm32.12.3.rel1.win32_1.0.100.202403111256/tools/bin/../lib/gcc/arm-none-eabi/12.3.1/../../../../arm-none-eabi/lib/thumb/v7e-m+fp/hard\libc_nano.a(libc_a-findfp.o) (__sread)
C:/ST/STM32CubeIDE_1.15.0/STM32CubeIDE/plugins/com.st.stm32cube.ide.mcu.externaltools.gnu-tools-for-stm32.12.3.rel1.win32_1.0.100.202403111256/tools/bin/../lib/gcc/arm-none-eabi/12.3.1/../../../../arm-none-eabi/lib/thumb/v7e-m+fp/hard\libc_nano.a(libc_a-vsnprintf.o)
                              ./App/hw/driver/lcd.o (vsnprintf)
[...]
Memory Configuration

Name             Origin             Length             Attributes
RAM              0x20000000         0x00020000         xrw
FLASH            0x08000000         0x00020000         xr
*default*        0x00000000         0xffffffff

Linker script and memory map

LOAD C:/ST/STM32CubeIDE_1.15.0/STM32CubeIDE/plugins/com.st.stm32cube.ide.mcu.externaltools.gnu-tools-for-stm32.12.3.rel1.win32_1.0.100.202403111256/tools/bin/../lib/gcc/arm-none-eabi/12.3.1/thumb/v7e-m+fp/hard/crti.o
LOAD C:/ST/STM32CubeIDE_1.15.0/STM32CubeIDE/plugins/com.st.stm32cube.ide.mcu.externaltools.gnu-tools-for-stm32.12.3.rel1.win32_1.0.100.202403111256/tools/bin/../lib/gcc/arm-none-eabi/12.3.1/thumb/v7e-m+fp/hard/crtbegin.o
LOAD C:/ST/STM32CubeIDE_1.15.0/STM32CubeIDE/plugins/com.st.stm32cube.ide.mcu.externaltools.gnu-tools-for-stm32.12.3.rel1.win32_1.0.100.202403111256/tools/bin/../lib/gcc/arm-none-eabi/12.3.1/../../../../arm-none-eabi/lib/thumb/v7e-m+fp/hard/crt0.o
LOAD ./App/ap/ap.o
LOAD ./App/ap/control.o
LOAD ./App/bsp/bsp.o
LOAD ./App/common/core/qbuffer.o
LOAD ./App/hw/driver/adc.o
LOAD ./App/hw/driver/dac.o
LOAD ./App/hw/driver/i2c.o
LOAD ./App/hw/driver/lcd.o
LOAD ./App/hw/driver/resize.o
LOAD ./App/hw/driver/uart.o
LOAD ./App/hw/driver/hangul/han.o
LOAD ./App/hw/driver/lcd/lcd_fonts.o
LOAD ./App/hw/driver/lcd/ssd1306.o
LOAD ./App/hw/hw.o
LOAD ./Core/Src/adc.o
LOAD ./Core/Src/cli.o
LOAD ./Core/Src/dac.o
LOAD ./Core/Src/dma.o
LOAD ./Core/Src/gpio.o
LOAD ./Core/Src/i2c.o
LOAD ./Core/Src/log.o
LOAD ./Core/Src/main.o
LOAD ./Core/Src/stm32g4xx_hal_msp.o
LOAD ./Core/Src/stm32g4xx_it.o
LOAD ./Core/Src/syscalls.o
LOAD ./Core/Src/sysmem.o
LOAD ./Core/Src/system_stm32g4xx.o
LOAD ./Core/Src/tim.o
LOAD ./Core/Src/usart.o
LOAD ./Core/Startup/startup_stm32g473cbtx.o
LOAD ./Drivers/STM32G4xx_HAL_Driver/Src/stm32g4xx_hal.o
LOAD ./Drivers/STM32G4xx_HAL_Driver/Src/stm32g4xx_hal_adc.o
LOAD ./Drivers/STM32G4xx_HAL_Driver/Src/stm32g4xx_hal_adc_ex.o
LOAD ./Drivers/STM32G4xx_HAL_Driver/Src/stm32g4xx_hal_cortex.o
LOAD ./Drivers/STM32G4xx_HAL_Driver/Src/stm32g4xx_hal_dac.o
LOAD ./Drivers/STM32G4xx_HAL_Driver/Src/stm32g4xx_hal_dac_ex.o
LOAD ./Drivers/STM32G4xx_HAL_Driver/Src/stm32g4xx_hal_dma.o
LOAD ./Drivers/STM32G4xx_HAL_Driver/Src/stm32g4xx_hal_dma_ex.o
LOAD ./Drivers/STM32G4xx_HAL_Driver/Src/stm32g4xx_hal_exti.o
LOAD ./Drivers/STM32G4xx_HAL_Driver/Src/stm32g4xx_hal_flash.o
LOAD ./Drivers/STM32G4xx_HAL_Driver/Src/stm32g4xx_hal_flash_ex.o
LOAD ./Drivers/STM32G4xx_HAL_Driver/Src/stm32g4xx_hal_flash_ramfunc.o
LOAD ./Drivers/STM32G4xx_HAL_Driver/Src/stm32g4xx_hal_gpio.o
LOAD ./Drivers/STM32G4xx_HAL_Driver/Src/stm32g4xx_hal_i2c.o
LOAD ./Drivers/STM32G4xx_HAL_Driver/Src/stm32g4xx_hal_i2c_ex.o
LOAD ./Drivers/STM32G4xx_HAL_Driver/Src/stm32g4xx_hal_pwr.o
LOAD ./Drivers/STM32G4xx_HAL_Driver/Src/stm32g4xx_hal_pwr_ex.o
LOAD ./Drivers/STM32G4xx_HAL_Driver/Src/stm32g4xx_hal_rcc.o
LOAD ./Drivers/STM32G4xx_HAL_Driver/Src/stm32g4xx_hal_rcc_ex.o
LOAD ./Drivers/STM32G4xx_HAL_Driver/Src/stm32g4xx_hal_tim.o
LOAD ./Drivers/STM32G4xx_HAL_Driver/Src/stm32g4xx_hal_tim_ex.o
LOAD ./Drivers/STM32G4xx_HAL_Driver/Src/stm32g4xx_hal_uart.o
LOAD ./Drivers/STM32G4xx_HAL_Driver/Src/stm32g4xx_hal_uart_ex.o
LOAD ./Drivers/STM32G4xx_HAL_Driver/Src/stm32g4xx_ll_adc.o
START GROUP
LOAD C:/ST/STM32CubeIDE_1.15.0/STM32CubeIDE/plugins/com.st.stm32cube.ide.mcu.externaltools.gnu-tools-for-stm32.12.3.rel1.win32_1.0.100.202403111256/tools/bin/../lib/gcc/arm-none-eabi/12.3.1/../../../../arm-none-eabi/lib/thumb/v7e-m+fp/hard\libc_nano.a
LOAD C:/ST/STM32CubeIDE_1.15.0/STM32CubeIDE/plugins/com.st.stm32cube.ide.mcu.externaltools.gnu-tools-for-stm32.12.3.rel1.win32_1.0.100.202403111256/tools/bin/../lib/gcc/arm-none-eabi/12.3.1/../../../../arm-none-eabi/lib/thumb/v7e-m+fp/hard\libm.a
END GROUP
START GROUP
LOAD C:/ST/STM32CubeIDE_1.15.0/STM32CubeIDE/plugins/com.st.stm32cube.ide.mcu.externaltools.gnu-tools-for-stm32.12.3.rel1.win32_1.0.100.202403111256/tools/bin/../lib/gcc/arm-none-eabi/12.3.1/thumb/v7e-m+fp/hard\libgcc.a
LOAD C:/ST/STM32CubeIDE_1.15.0/STM32CubeIDE/plugins/com.st.stm32cube.ide.mcu.externaltools.gnu-tools-for-stm32.12.3.rel1.win32_1.0.100.202403111256/tools/bin/../lib/gcc/arm-none-eabi/12.3.1/../../../../arm-none-eabi/lib/thumb/v7e-m+fp/hard\libc_nano.a
END GROUP
START GROUP
LOAD C:/ST/STM32CubeIDE_1.15.0/STM32CubeIDE/plugins/com.st.stm32cube.ide.mcu.externaltools.gnu-tools-for-stm32.12.3.rel1.win32_1.0.100.202403111256/tools/bin/../lib/gcc/arm-none-eabi/12.3.1/thumb/v7e-m+fp/hard\libgcc.a
LOAD C:/ST/STM32CubeIDE_1.15.0/STM32CubeIDE/plugins/com.st.stm32cube.ide.mcu.externaltools.gnu-tools-for-stm32.12.3.rel1.win32_1.0.100.202403111256/tools/bin/../lib/gcc/arm-none-eabi/12.3.1/../../../../arm-none-eabi/lib/thumb/v7e-m+fp/hard\libc_nano.a
LOAD C:/ST/STM32CubeIDE_1.15.0/STM32CubeIDE/plugins/com.st.stm32cube.ide.mcu.externaltools.gnu-tools-for-stm32.12.3.rel1.win32_1.0.100.202403111256/tools/bin/../lib/gcc/arm-none-eabi/12.3.1/../../../../arm-none-eabi/lib/thumb/v7e-m+fp/hard\libnosys.a
END GROUP
START GROUP
LOAD C:/ST/STM32CubeIDE_1.15.0/STM32CubeIDE/plugins/com.st.stm32cube.ide.mcu.externaltools.gnu-tools-for-stm32.12.3.rel1.win32_1.0.100.202403111256/tools/bin/../lib/gcc/arm-none-eabi/12.3.1/thumb/v7e-m+fp/hard\libgcc.a
LOAD C:/ST/STM32CubeIDE_1.15.0/STM32CubeIDE/plugins/com.st.stm32cube.ide.mcu.externaltools.gnu-tools-for-stm32.12.3.rel1.win32_1.0.100.202403111256/tools/bin/../lib/gcc/arm-none-eabi/12.3.1/../../../../arm-none-eabi/lib/thumb/v7e-m+fp/hard\libc_nano.a
LOAD C:/ST/STM32CubeIDE_1.15.0/STM32CubeIDE/plugins/com.st.stm32cube.ide.mcu.externaltools.gnu-tools-for-stm32.12.3.rel1.win32_1.0.100.202403111256/tools/bin/../lib/gcc/arm-none-eabi/12.3.1/../../../../arm-none-eabi/lib/thumb/v7e-m+fp/hard\libnosys.a
END GROUP
LOAD C:/ST/STM32CubeIDE_1.15.0/STM32CubeIDE/plugins/com.st.stm32cube.ide.mcu.externaltools.gnu-tools-for-stm32.12.3.rel1.win32_1.0.100.202403111256/tools/bin/../lib/gcc/arm-none-eabi/12.3.1/thumb/v7e-m+fp/hard/crtend.o
LOAD C:/ST/STM32CubeIDE_1.15.0/STM32CubeIDE/plugins/com.st.stm32cube.ide.mcu.externaltools.gnu-tools-for-stm32.12.3.rel1.win32_1.0.100.202403111256/tools/bin/../lib/gcc/arm-none-eabi/12.3.1/thumb/v7e-m+fp/hard/crtn.o
                0x20020000                        _estack = (ORIGIN (RAM) + LENGTH (RAM))
                0x00000200                        _Min_Heap_Size = 0x200
                0x00000400                        _Min_Stack_Size = 0x400

.isr_vector     0x08000000      0x1d8
                0x08000000                        . = ALIGN (0x4)
 *(.isr_vector)
 .isr_vector    0x08000000      0x1d8 ./Core/Startup/startup_stm32g473cbtx.o
                0x08000000                g_pfnVectors
                0x080001d8                        . = ALIGN (0x4)

.text           0x080001e0     0xe7b0
                0x080001e0                        . = ALIGN (0x4)
 *(.text)
 .text          0x080001e0       0x40 C:/ST/STM32CubeIDE_1.15.0/STM32CubeIDE/plugins/com.st.stm32cube.ide.mcu.externaltools.gnu-tools-for-stm32.12.3.rel1.win32_1.0.100.202403111256/tools/bin/../lib/gcc/arm-none-eabi/12.3.1/thumb/v7e-m+fp/hard/crtbegin.o
 .text          0x08000220       0x14 C:/ST/STM32CubeIDE_1.15.0/STM32CubeIDE/plugins/com.st.stm32cube.ide.mcu.externaltools.gnu-tools-for-stm32.12.3.rel1.win32_1.0.100.202403111256/tools/bin/../lib/gcc/arm-none-eabi/12.3.1/../../../../arm-none-eabi/lib/thumb/v7e-m+fp/hard\libc_nano.a(libc_a-strcmp.o)
                0x08000220                strcmp
 *fill*         0x08000234        0xc 
 .text          0x08000240       0xa0 C:/ST/STM32CubeIDE_1.15.0/STM32CubeIDE/plugins/com.st.stm32cube.ide.mcu.externaltools.gnu-tools-for-stm32.12.3.rel1.win32_1.0.100.202403111256/tools/bin/../lib/gcc/arm-none-eabi/12.3.1/../../../../arm-none-eabi/lib/thumb/v7e-m+fp/hard\libc_nano.a(libc_a-memchr.o)
                0x08000240                memchr
 .text          0x080002e0       0x10 C:/ST/STM32CubeIDE_1.15.0/STM32CubeIDE/plugins/com.st.stm32cube.ide.mcu.externaltools.gnu-tools-for-stm32.12.3.rel1.win32_1.0.100.202403111256/tools/bin/../lib/gcc/arm-none-eabi/12.3.1/../../../../arm-none-eabi/lib/thumb/v7e-m+fp/hard\libc_nano.a(libc_a-strlen.o)
                0x080002e0                strlen
 .text          0x080002f0      0x378 C:/ST/STM32CubeIDE_1.15.0/STM32CubeIDE/plugins/com.st.stm32cube.ide.mcu.externaltools.gnu-tools-for-stm32.12.3.rel1.win32_1.0.100.202403111256/tools/bin/../lib/gcc/arm-none-eabi/12.3.1/thumb/v7e-m+fp/hard\libgcc.a(_arm_addsubdf3.o)
                0x080002f0                __aeabi_drsub
                0x080002f8                __aeabi_dsub
                0x080002f8                __subdf3
                0x080002fc                __aeabi_dadd
                0x080002fc                __adddf3
                0x08000574                __floatunsidf
                0x08000574                __aeabi_ui2d
                0x08000594                __floatsidf
                0x08000594                __aeabi_i2d
                0x080005b8                __aeabi_f2d
                0x080005b8                __extendsfdf2
                0x080005fc                __floatundidf
                0x080005fc                __aeabi_ul2d
                0x0800060c                __floatdidf
                0x0800060c                __aeabi_l2d
 .text          0x08000668      0x424 C:/ST/STM32CubeIDE_1.15.0/STM32CubeIDE/plugins/com.st.stm32cube.ide.mcu.externaltools.gnu-tools-for-stm32.12.3.rel1.win32_1.0.100.202403111256/tools/bin/../lib/gcc/arm-none-eabi/12.3.1/thumb/v7e-m+fp/hard\libgcc.a(_arm_muldivdf3.o)
                0x08000668                __aeabi_dmul
                0x08000668                __muldf3
                0x080008bc                __divdf3
                0x080008bc                __aeabi_ddiv
 .text          0x08000a8c      0x110 C:/ST/STM32CubeIDE_1.15.0/STM32CubeIDE/plugins/com.st.stm32cube.ide.mcu.externaltools.gnu-tools-for-stm32.12.3.rel1.win32_1.0.100.202403111256/tools/bin/../lib/gcc/arm-none-eabi/12.3.1/thumb/v7e-m+fp/hard\libgcc.a(_arm_cmpdf2.o)
                0x08000a8c                __gtdf2
                0x08000a8c                __gedf2
                0x08000a94                __ltdf2
                0x08000a94                __ledf2
                0x08000a9c                __nedf2
                0x08000a9c                __eqdf2
                0x08000a9c                __cmpdf2
                0x08000b18                __aeabi_cdrcmple
                0x08000b28                __aeabi_cdcmpeq
                0x08000b28                __aeabi_cdcmple
                0x08000b38                __aeabi_dcmpeq
                0x08000b4c                __aeabi_dcmplt
                0x08000b60                __aeabi_dcmple
                0x08000b74                __aeabi_dcmpge
                0x08000b88                __aeabi_dcmpgt
 .text          0x08000b9c       0x2c C:/ST/STM32CubeIDE_1.15.0/STM32CubeIDE/plugins/com.st.stm32cube.ide.mcu.externaltools.gnu-tools-for-stm32.12.3.rel1.win32_1.0.100.202403111256/tools/bin/../lib/gcc/arm-none-eabi/12.3.1/thumb/v7e-m+fp/hard\libgcc.a(_arm_unorddf2.o)
                0x08000b9c                __unorddf2
                0x08000b9c                __aeabi_dcmpun
 .text          0x08000bc8       0x50 C:/ST/STM32CubeIDE_1.15.0/STM32CubeIDE/plugins/com.st.stm32cube.ide.mcu.externaltools.gnu-tools-for-stm32.12.3.rel1.win32_1.0.100.202403111256/tools/bin/../lib/gcc/arm-none-eabi/12.3.1/thumb/v7e-m+fp/hard\libgcc.a(_arm_fixdfsi.o)
                0x08000bc8                __aeabi_d2iz
                0x08000bc8                __fixdfsi
 .text          0x08000c18       0x40 C:/ST/STM32CubeIDE_1.15.0/STM32CubeIDE/plugins/com.st.stm32cube.ide.mcu.externaltools.gnu-tools-for-stm32.12.3.rel1.win32_1.0.100.202403111256/tools/bin/../lib/gcc/arm-none-eabi/12.3.1/thumb/v7e-m+fp/hard\libgcc.a(_arm_fixunsdfsi.o)
                0x08000c18                __aeabi_d2uiz
                0x08000c18                __fixunsdfsi
 .text          0x08000c58       0xa0 C:/ST/STM32CubeIDE_1.15.0/STM32CubeIDE/plugins/com.st.stm32cube.ide.mcu.externaltools.gnu-tools-for-stm32.12.3.rel1.win32_1.0.100.202403111256/tools/bin/../lib/gcc/arm-none-eabi/12.3.1/thumb/v7e-m+fp/hard\libgcc.a(_arm_truncdfsf2.o)
                0x08000c58                __truncdfsf2
                0x08000c58                __aeabi_d2f
 .text          0x08000cf8       0x30 C:/ST/STM32CubeIDE_1.15.0/STM32CubeIDE/plugins/com.st.stm32cube.ide.mcu.externaltools.gnu-tools-for-stm32.12.3.rel1.win32_1.0.100.202403111256/tools/bin/../lib/gcc/arm-none-eabi/12.3.1/thumb/v7e-m+fp/hard\libgcc.a(_aeabi_uldivmod.o)
                0x08000cf8                __aeabi_uldivmod
 .text          0x08000d28       0x30 C:/ST/STM32CubeIDE_1.15.0/STM32CubeIDE/plugins/com.st.stm32cube.ide.mcu.externaltools.gnu-tools-for-stm32.12.3.rel1.win32_1.0.100.202403111256/tools/bin/../lib/gcc/arm-none-eabi/12.3.1/thumb/v7e-m+fp/hard\libgcc.a(_fixdfdi.o)
                0x08000d28                __fixdfdi
                0x08000d28                __aeabi_d2lz
 .text          0x08000d58       0x3c C:/ST/STM32CubeIDE_1.15.0/STM32CubeIDE/plugins/com.st.stm32cube.ide.mcu.externaltools.gnu-tools-for-stm32.12.3.rel1.win32_1.0.100.202403111256/tools/bin/../lib/gcc/arm-none-eabi/12.3.1/thumb/v7e-m+fp/hard\libgcc.a(_fixunsdfdi.o)
                0x08000d58                __fixunsdfdi
                0x08000d58                __aeabi_d2ulz
 .text          0x08000d94      0x2bc C:/ST/STM32CubeIDE_1.15.0/STM32CubeIDE/plugins/com.st.stm32cube.ide.mcu.externaltools.gnu-tools-for-stm32.12.3.rel1.win32_1.0.100.202403111256/tools/bin/../lib/gcc/arm-none-eabi/12.3.1/thumb/v7e-m+fp/hard\libgcc.a(_udivmoddi4.o)
                0x08000d94                __udivmoddi4
 .text          0x08001050        0x4 C:/ST/STM32CubeIDE_1.15.0/STM32CubeIDE/plugins/com.st.stm32cube.ide.mcu.externaltools.gnu-tools-for-stm32.12.3.rel1.win32_1.0.100.202403111256/tools/bin/../lib/gcc/arm-none-eabi/12.3.1/thumb/v7e-m+fp/hard\libgcc.a(_dvmd_tls.o)
                0x08001050                __aeabi_idiv0
                0x08001050                __aeabi_ldiv0
 *(.text*)
 .text.apInit   0x08001054       0x70 ./App/ap/ap.o
                0x08001054                apInit
 .text.apMain   0x080010c4       0x3c ./App/ap/ap.o
                0x080010c4                apMain
 .text.cliControl
                0x08001100      0x374 ./App/ap/control.o
                0x08001100                cliControl
 .text.controlInit
                0x08001474       0x48 ./App/ap/control.o
                0x08001474                controlInit
 .text.lcdUpdate
                0x080014bc      0x170 ./App/ap/control.o
                0x080014bc                lcdUpdate
 .text.dacAvailableForWrite
                0x0800162c       0x18 ./App/ap/control.o
                0x0800162c                dacAvailableForWrite
 .text.controlDacUpdate
                0x08001644      0x14c ./App/ap/control.o
                0x08001644                controlDacUpdate
 .text.controlMotorUpdate
                0x08001790       0xac ./App/ap/control.o
                0x08001790                controlMotorUpdate
 .text.controlUartUpdate
                0x0800183c       0x34 ./App/ap/control.o
                0x0800183c                controlUartUpdate
 .text.controlMain
                0x08001870        0x8 ./App/ap/control.o
                0x08001870                controlMain
 .text.HAL_ADC_ConvCpltCallback
                0x08001878       0x44 ./App/ap/control.o
                0x08001878                HAL_ADC_ConvCpltCallback
 .text.adcVrms1UpadateProc
                0x080018bc       0xf8 ./App/ap/control.o
                0x080018bc                adcVrms1UpadateProc
 .text.adcVrms2UpadateProc
                0x080019b4       0xf8 ./App/ap/control.o
                0x080019b4                adcVrms2UpadateProc
 .text.adcVrms3UpadateProc
                0x08001aac       0xf8 ./App/ap/control.o
                0x08001aac                adcVrms3UpadateProc
 .text.adcVrms4UpadateProc
                0x08001ba4       0xf8 ./App/ap/control.o
                0x08001ba4                adcVrms4UpadateProc
 .text.adcIrms1UpadateProc
                0x08001c9c       0xf8 ./App/ap/control.o
                0x08001c9c                adcIrms1UpadateProc
 .text.controlAdcUpdate
                0x08001d94       0x18 ./App/ap/control.o
                0x08001d94                controlAdcUpdate
 .text.controlInterruptHandler
                0x08001dac       0x10 ./App/ap/control.o
                0x08001dac                controlInterruptHandler
 .text.HAL_TIM_PeriodElapsedCallback
                0x08001dbc       0x24 ./App/ap/control.o
                0x08001dbc                HAL_TIM_PeriodElapsedCallback
 .text.bspInit  0x08001de0        0x4 ./App/bsp/bsp.o
                0x08001de0                bspInit
 .text.delay    0x08001de4        0x8 ./App/bsp/bsp.o
                0x08001de4                delay
 .text.millis   0x08001dec        0x8 ./App/bsp/bsp.o
                0x08001dec                millis
 .text.qbufferCreate
                0x08001df4       0x12 ./App/common/core/qbuffer.o
                0x08001df4                qbufferCreate
 .text.qbufferCreateBySize
                0x08001e06       0x16 ./App/common/core/qbuffer.o
                0x08001e06                qbufferCreateBySize
 .text.qbufferWrite
                0x08001e1c       0x54 ./App/common/core/qbuffer.o
                0x08001e1c                qbufferWrite
 .text.qbufferRead
                0x08001e70       0x5a ./App/common/core/qbuffer.o
                0x08001e70                qbufferRead
 .text.qbufferAvailable
                0x08001eca       0x14 ./App/common/core/qbuffer.o
                0x08001eca                qbufferAvailable
 *fill*         0x08001ede        0x2 
 .text.cliAdc   0x08001ee0       0x48 ./App/hw/driver/adc.o
                0x08001ee0                cliAdc
 .text.adcInit  0x08001f28       0x40 ./App/hw/driver/adc.o
                0x08001f28                adcInit
 .text.cliDac   0x08001f68       0x48 ./App/hw/driver/dac.o
                0x08001f68                cliDac
 .text.dacInit  0x08001fb0       0x38 ./App/hw/driver/dac.o
                0x08001fb0                dacInit
 .text.i2cInit  0x08001fe8       0x40 ./App/hw/driver/i2c.o
                0x08001fe8                i2cInit
 .text.i2cBegin
                0x08002028        0x4 ./App/hw/driver/i2c.o
                0x08002028                i2cBegin
 .text.i2cIsDeviceReady
                0x0800202c       0x28 ./App/hw/driver/i2c.o
                0x0800202c                i2cIsDeviceReady
 .text.i2cWriteBytes
                0x08002054       0x3c ./App/hw/driver/i2c.o
                0x08002054                i2cWriteBytes
 .text.i2cWriteByte
                0x08002090       0x1e ./App/hw/driver/i2c.o
                0x08002090                i2cWriteByte
 .text.I2C1_EV_IRQHandler
                0x080020ae        0x2 ./App/hw/driver/i2c.o
                0x080020ae                I2C1_EV_IRQHandler
 .text.TransferDoneISR
                0x080020b0       0x58 ./App/hw/driver/lcd.o
                0x080020b0                TransferDoneISR
 .text.lcdDrawPixel
                0x08002108       0x20 ./App/hw/driver/lcd.o
                0x08002108                lcdDrawPixel
 .text.disEngFont
                0x08002128       0x58 ./App/hw/driver/lcd.o
 .text.disHanFont
                0x08002180       0x8c ./App/hw/driver/lcd.o
 .text.lcdGetFps
                0x0800220c        0xc ./App/hw/driver/lcd.o
                0x0800220c                lcdGetFps
 .text.lcdDrawAvailable
                0x08002218       0x54 ./App/hw/driver/lcd.o
                0x08002218                lcdDrawAvailable
 .text.lcdRequestDraw
                0x0800226c       0x48 ./App/hw/driver/lcd.o
                0x0800226c                lcdRequestDraw
 .text.lcdUpdateDraw
                0x080022b4       0x30 ./App/hw/driver/lcd.o
                0x080022b4                lcdUpdateDraw
 .text.lcdGetFrameBuffer
                0x080022e4        0xc ./App/hw/driver/lcd.o
                0x080022e4                lcdGetFrameBuffer
 .text.lcdClearBuffer
                0x080022f0       0x30 ./App/hw/driver/lcd.o
                0x080022f0                lcdClearBuffer
 .text.lcdClear
                0x08002320       0x34 ./App/hw/driver/lcd.o
                0x08002320                lcdClear
 .text.lcdDrawLine
                0x08002354       0xd4 ./App/hw/driver/lcd.o
                0x08002354                lcdDrawLine
 .text.lcdDrawVLine
                0x08002428       0x1c ./App/hw/driver/lcd.o
                0x08002428                lcdDrawVLine
 .text.lcdDrawHLine
                0x08002444       0x1c ./App/hw/driver/lcd.o
                0x08002444                lcdDrawHLine
 .text.lcdDrawFillRect
                0x08002460       0x30 ./App/hw/driver/lcd.o
                0x08002460                lcdDrawFillRect
 .text.lcdInit  0x08002490       0xb4 ./App/hw/driver/lcd.o
                0x08002490                lcdInit
 .text.lcdDrawRect
                0x08002544       0x4c ./App/hw/driver/lcd.o
                0x08002544                lcdDrawRect
 .text.lcdPrintf
                0x08002590       0xd4 ./App/hw/driver/lcd.o
                0x08002590                lcdPrintf
 .text.lcdSetFont
                0x08002664        0xc ./App/hw/driver/lcd.o
                0x08002664                lcdSetFont
 .text.cliLcd   0x08002670       0x84 ./App/hw/driver/lcd.o
 .text.lcdGetFont
                0x080026f4        0xc ./App/hw/driver/lcd.o
                0x080026f4                lcdGetFont
 .text.uartInit
                0x08002700       0x58 ./App/hw/driver/uart.o
                0x08002700                uartInit
 .text.uartOpen
                0x08002758      0x224 ./App/hw/driver/uart.o
                0x08002758                uartOpen
 .text.uartAvailable
                0x0800297c       0x58 ./App/hw/driver/uart.o
                0x0800297c                uartAvailable
 .text.uartRead
                0x080029d4       0x60 ./App/hw/driver/uart.o
                0x080029d4                uartRead
 .text.uartWrite
                0x08002a34       0x58 ./App/hw/driver/uart.o
                0x08002a34                uartWrite
 .text.uartPrintf
                0x08002a8c       0x2e ./App/hw/driver/uart.o
                0x08002a8c                uartPrintf
 *fill*         0x08002aba        0x2 
 .text.uartGetBaud
                0x08002abc       0x18 ./App/hw/driver/uart.o
                0x08002abc                uartGetBaud
 .text.cliUart  0x08002ad4      0x118 ./App/hw/driver/uart.o
 .text.hanUniFontLoad
                0x08002bec      0x16c ./App/hw/driver/hangul/han.o
                0x08002bec                hanUniFontLoad
 .text.hanEngFontLoad
                0x08002d58       0x2c ./App/hw/driver/hangul/han.o
                0x08002d58                hanEngFontLoad
 .text.hanCnvCodeWan2Johab
                0x08002d84       0x1c ./App/hw/driver/hangul/han.o
                0x08002d84                hanCnvCodeWan2Johab
 .text.hanWanFontLoad
                0x08002da0      0x12c ./App/hw/driver/hangul/han.o
                0x08002da0                hanWanFontLoad
 .text.hanFontLoad
                0x08002ecc       0x84 ./App/hw/driver/hangul/han.o
                0x08002ecc                hanFontLoad
 .text.ssd1306SetWindow
                0x08002f50        0x2 ./App/hw/driver/lcd/ssd1306.o
 .text.ssd1306GetWidth
                0x08002f52        0x4 ./App/hw/driver/lcd/ssd1306.o
 .text.ssd1306GetHeight
                0x08002f56        0x4 ./App/hw/driver/lcd/ssd1306.o
 *fill*         0x08002f5a        0x2 
 .text.ssd1306SetCallBack
                0x08002f5c        0xc ./App/hw/driver/lcd/ssd1306.o
 .text.ssd1306Fill
                0x08002f68       0x20 ./App/hw/driver/lcd/ssd1306.o
 .text.ssd1306DrawPixel
                0x08002f88       0x4c ./App/hw/driver/lcd/ssd1306.o
 .text.ssd1306InitDriver
                0x08002fd4       0x3c ./App/hw/driver/lcd/ssd1306.o
                0x08002fd4                ssd1306InitDriver
 .text.ssd1306WriteCmd
                0x08003010       0x1a ./App/hw/driver/lcd/ssd1306.o
                0x08003010                ssd1306WriteCmd
 *fill*         0x0800302a        0x2 
 .text.ssd1306UpdateDraw
                0x0800302c       0x50 ./App/hw/driver/lcd/ssd1306.o
 .text.ssd1306SendBuffer
                0x0800307c       0x3c ./App/hw/driver/lcd/ssd1306.o
 .text.ssd1306Reset
                0x080030b8       0xe2 ./App/hw/driver/lcd/ssd1306.o
 .text.ssd1306Init
                0x0800319a        0x8 ./App/hw/driver/lcd/ssd1306.o
                0x0800319a                ssd1306Init
 *fill*         0x080031a2        0x2 
 .text.hwInit   0x080031a4       0xa0 ./App/hw/hw.o
                0x080031a4                hwInit
 .text.MX_ADC1_Init
                0x08003244      0x12c ./Core/Src/adc.o
                0x08003244                MX_ADC1_Init
 .text.HAL_ADC_MspInit
                0x08003370       0xbc ./Core/Src/adc.o
                0x08003370                HAL_ADC_MspInit
 .text.cliLineClean
                0x0800342c       0x16 ./Core/Src/cli.o
 .text.cliLineAdd
                0x08003442       0x4e ./Core/Src/cli.o
 .text.cliToUpper
                0x08003490       0x36 ./Core/Src/cli.o
 *fill*         0x080034c6        0x2 
 .text.cliArgsGetStr
                0x080034c8       0x20 ./Core/Src/cli.o
 .text.cliArgsIsStr
                0x080034e8       0x30 ./Core/Src/cli.o
 .text.cliArgsGetFloat
                0x08003518       0x2c ./Core/Src/cli.o
 .text.cliArgsGetData
                0x08003544       0x28 ./Core/Src/cli.o
 .text.cliShowPrompt
                0x0800356c       0x20 ./Core/Src/cli.o
 .text.cliLineChange
                0x0800358c       0xa4 ./Core/Src/cli.o
 .text.cliParseArgs
                0x08003630       0x4c ./Core/Src/cli.o
 .text.cliOpen  0x0800367c       0x30 ./Core/Src/cli.o
                0x0800367c                cliOpen
 .text.cliGetPort
                0x080036ac        0xc ./Core/Src/cli.o
                0x080036ac                cliGetPort
 .text.cliShowLog
                0x080036b8       0xb8 ./Core/Src/cli.o
                0x080036b8                cliShowLog
 .text.cliAvailable
                0x08003770       0x10 ./Core/Src/cli.o
                0x08003770                cliAvailable
 .text.cliRead  0x08003780       0x10 ./Core/Src/cli.o
                0x08003780                cliRead
 .text.cliPrintf
                0x08003790       0x34 ./Core/Src/cli.o
                0x08003790                cliPrintf
 .text.cliRunCmd
                0x080037c4       0x6c ./Core/Src/cli.o
 .text.cliUpdate
                0x08003830      0x310 ./Core/Src/cli.o
 .text.cliMain  0x08003b40       0x2c ./Core/Src/cli.o
                0x08003b40                cliMain
 .text.cliShowList
                0x08003b6c       0x50 ./Core/Src/cli.o
                0x08003b6c                cliShowList
 .text.cliKeepLoop
                0x08003bbc       0x18 ./Core/Src/cli.o
                0x08003bbc                cliKeepLoop
 .text.cliAdd   0x08003bd4       0x50 ./Core/Src/cli.o
                0x08003bd4                cliAdd
 .text.cliInit  0x08003c24       0x60 ./Core/Src/cli.o
                0x08003c24                cliInit
 .text.MX_DAC1_Init
                0x08003c84       0x5c ./Core/Src/dac.o
                0x08003c84                MX_DAC1_Init
 .text.MX_DAC2_Init
                0x08003ce0       0x5c ./Core/Src/dac.o
                0x08003ce0                MX_DAC2_Init
 .text.HAL_DAC_MspInit
                0x08003d3c       0xf4 ./Core/Src/dac.o
                0x08003d3c                HAL_DAC_MspInit
 .text.MX_DMA_Init
                0x08003e30       0x74 ./Core/Src/dma.o
                0x08003e30                MX_DMA_Init
 .text.MX_GPIO_Init
                0x08003ea4      0x12c ./Core/Src/gpio.o
                0x08003ea4                MX_GPIO_Init
 .text.MX_I2C1_Init
                0x08003fd0       0x58 ./Core/Src/i2c.o
                0x08003fd0                MX_I2C1_Init
 .text.HAL_I2C_MspInit
                0x08004028       0xcc ./Core/Src/i2c.o
                0x08004028                HAL_I2C_MspInit
 .text.logInit  0x080040f4        0xc ./Core/Src/log.o
                0x080040f4                logInit
 .text.logOpen  0x08004100       0x24 ./Core/Src/log.o
                0x08004100                logOpen
 .text.logPrintf
                0x08004124       0x58 ./Core/Src/log.o
                0x08004124                logPrintf
 .text.Error_Handler
                0x0800417c        0x4 ./Core/Src/main.o
                0x0800417c                Error_Handler
 .text.SystemClock_Config
                0x08004180       0x6e ./Core/Src/main.o
                0x08004180                SystemClock_Config
 .text.main     0x080041ee       0x48 ./Core/Src/main.o
                0x080041ee                main
 *fill*         0x08004236        0x2 
 .text.HAL_MspInit
                0x08004238       0x38 ./Core/Src/stm32g4xx_hal_msp.o
                0x08004238                HAL_MspInit
 .text.NMI_Handler
                0x08004270        0x2 ./Core/Src/stm32g4xx_it.o
                0x08004270                NMI_Handler
 .text.HardFault_Handler
                0x08004272        0x2 ./Core/Src/stm32g4xx_it.o
                0x08004272                HardFault_Handler
 .text.MemManage_Handler
                0x08004274        0x2 ./Core/Src/stm32g4xx_it.o
                0x08004274                MemManage_Handler
 .text.BusFault_Handler
                0x08004276        0x2 ./Core/Src/stm32g4xx_it.o
                0x08004276                BusFault_Handler
 .text.UsageFault_Handler
                0x08004278        0x2 ./Core/Src/stm32g4xx_it.o
                0x08004278                UsageFault_Handler
 .text.SVC_Handler
                0x0800427a        0x2 ./Core/Src/stm32g4xx_it.o
                0x0800427a                SVC_Handler
 .text.DebugMon_Handler
                0x0800427c        0x2 ./Core/Src/stm32g4xx_it.o
                0x0800427c                DebugMon_Handler
 .text.PendSV_Handler
                0x0800427e        0x2 ./Core/Src/stm32g4xx_it.o
                0x0800427e                PendSV_Handler
 .text.SysTick_Handler
                0x08004280        0x8 ./Core/Src/stm32g4xx_it.o
                0x08004280                SysTick_Handler
 .text.DMA1_Channel1_IRQHandler
                0x08004288       0x10 ./Core/Src/stm32g4xx_it.o
                0x08004288                DMA1_Channel1_IRQHandler
 .text.DMA1_Channel2_IRQHandler
                0x08004298       0x10 ./Core/Src/stm32g4xx_it.o
                0x08004298                DMA1_Channel2_IRQHandler
 .text.DMA1_Channel3_IRQHandler
                0x080042a8       0x10 ./Core/Src/stm32g4xx_it.o
                0x080042a8                DMA1_Channel3_IRQHandler
 .text.DMA1_Channel4_IRQHandler
                0x080042b8       0x10 ./Core/Src/stm32g4xx_it.o
                0x080042b8                DMA1_Channel4_IRQHandler
 .text.ADC1_2_IRQHandler
                0x080042c8       0x10 ./Core/Src/stm32g4xx_it.o
                0x080042c8                ADC1_2_IRQHandler
 .text.TIM1_UP_TIM16_IRQHandler
                0x080042d8       0x10 ./Core/Src/stm32g4xx_it.o
                0x080042d8                TIM1_UP_TIM16_IRQHandler
 .text.USART3_IRQHandler
                0x080042e8       0x10 ./Core/Src/stm32g4xx_it.o
                0x080042e8                USART3_IRQHandler
 .text.TIM7_DAC_IRQHandler
                0x080042f8       0x18 ./Core/Src/stm32g4xx_it.o
                0x080042f8                TIM7_DAC_IRQHandler
 .text._getpid  0x08004310        0x4 ./Core/Src/syscalls.o
                0x08004310                _getpid
 .text._kill    0x08004314       0x10 ./Core/Src/syscalls.o
                0x08004314                _kill
 .text._exit    0x08004324        0xc ./Core/Src/syscalls.o
                0x08004324                _exit
 .text._read    0x08004330       0x20 ./Core/Src/syscalls.o
                0x08004330                _read
 .text._write   0x08004350       0x18 ./Core/Src/syscalls.o
                0x08004350                _write
 .text._close   0x08004368        0x6 ./Core/Src/syscalls.o
                0x08004368                _close
 .text._fstat   0x0800436e        0xa ./Core/Src/syscalls.o
                0x0800436e                _fstat
 .text._isatty  0x08004378        0x4 ./Core/Src/syscalls.o
                0x08004378                _isatty
 .text._lseek   0x0800437c        0x4 ./Core/Src/syscalls.o
                0x0800437c                _lseek
 .text._sbrk    0x08004380       0x48 ./Core/Src/sysmem.o
                0x08004380                _sbrk
 .text.SystemInit
                0x080043c8       0x14 ./Core/Src/system_stm32g4xx.o
                0x080043c8                SystemInit
 .text.MX_TIM6_Init
                0x080043dc       0x54 ./Core/Src/tim.o
                0x080043dc                MX_TIM6_Init
 .text.MX_TIM7_Init
                0x08004430       0x50 ./Core/Src/tim.o
                0x08004430                MX_TIM7_Init
 .text.MX_TIM8_Init
                0x08004480       0x74 ./Core/Src/tim.o
                0x08004480                MX_TIM8_Init
 .text.HAL_TIM_Base_MspInit
                0x080044f4       0xb0 ./Core/Src/tim.o
                0x080044f4                HAL_TIM_Base_MspInit
 .text.HAL_TIM_MspPostInit
                0x080045a4       0x54 ./Core/Src/tim.o
                0x080045a4                HAL_TIM_MspPostInit
 .text.MX_TIM1_Init
                0x080045f8      0x104 ./Core/Src/tim.o
                0x080045f8                MX_TIM1_Init
 .text.MX_USART1_UART_Init
                0x080046fc       0x68 ./Core/Src/usart.o
                0x080046fc                MX_USART1_UART_Init
 .text.MX_USART3_UART_Init
                0x08004764       0x68 ./Core/Src/usart.o
                0x08004764                MX_USART3_UART_Init
 .text.HAL_UART_MspInit
                0x080047cc      0x1d0 ./Core/Src/usart.o
                0x080047cc                HAL_UART_MspInit
 .text.HAL_UART_MspDeInit
                0x0800499c       0x78 ./Core/Src/usart.o
                0x0800499c                HAL_UART_MspDeInit
 .text.Reset_Handler
                0x08004a14       0x50 ./Core/Startup/startup_stm32g473cbtx.o
                0x08004a14                Reset_Handler
 .text.Default_Handler
                0x08004a64        0x2 ./Core/Startup/startup_stm32g473cbtx.o
                0x08004a64                RTC_Alarm_IRQHandler
                0x08004a64                EXTI2_IRQHandler
                0x08004a64                TIM8_TRG_COM_IRQHandler
                0x08004a64                TIM8_CC_IRQHandler
                0x08004a64                SPI4_IRQHandler
                0x08004a64                FDCAN3_IT0_IRQHandler
                0x08004a64                TIM1_CC_IRQHandler
                0x08004a64                USB_HP_IRQHandler
                0x08004a64                CORDIC_IRQHandler
                0x08004a64                DMA2_Channel8_IRQHandler
                0x08004a64                EXTI3_IRQHandler
                0x08004a64                I2C3_ER_IRQHandler
                0x08004a64                EXTI0_IRQHandler
                0x08004a64                I2C2_EV_IRQHandler
                0x08004a64                FPU_IRQHandler
                0x08004a64                FDCAN1_IT1_IRQHandler
                0x08004a64                SPI1_IRQHandler
                0x08004a64                TIM6_DAC_IRQHandler
                0x08004a64                TIM8_UP_IRQHandler
                0x08004a64                DMA2_Channel2_IRQHandler
                0x08004a64                TIM20_TRG_COM_IRQHandler
                0x08004a64                DMA1_Channel7_IRQHandler
                0x08004a64                UART5_IRQHandler
                0x08004a64                ADC3_IRQHandler
                0x08004a64                TIM4_IRQHandler
                0x08004a64                DMA2_Channel1_IRQHandler
                0x08004a64                QUADSPI_IRQHandler
                0x08004a64                DMA1_Channel6_IRQHandler
                0x08004a64                UART4_IRQHandler
                0x08004a64                DMA2_Channel4_IRQHandler
                0x08004a64                TIM3_IRQHandler
                0x08004a64                RCC_IRQHandler
                0x08004a64                TIM20_UP_IRQHandler
                0x08004a64                Default_Handler
                0x08004a64                DMA2_Channel7_IRQHandler
                0x08004a64                RTC_TAMP_LSECSS_IRQHandler
                0x08004a64                FMAC_IRQHandler
                0x08004a64                EXTI15_10_IRQHandler
                0x08004a64                DMA1_Channel8_IRQHandler
                0x08004a64                FDCAN3_IT1_IRQHandler
                0x08004a64                TIM5_IRQHandler
                0x08004a64                UCPD1_IRQHandler
                0x08004a64                I2C3_EV_IRQHandler
                0x08004a64                EXTI9_5_IRQHandler
                0x08004a64                RTC_WKUP_IRQHandler
                0x08004a64                PVD_PVM_IRQHandler
                0x08004a64                SPI2_IRQHandler
                0x08004a64                ADC5_IRQHandler
                0x08004a64                DMA2_Channel5_IRQHandler
                0x08004a64                CRS_IRQHandler
                0x08004a64                DMA1_Channel5_IRQHandler
                0x08004a64                USB_LP_IRQHandler
                0x08004a64                EXTI4_IRQHandler
                0x08004a64                RNG_IRQHandler
                0x08004a64                TIM1_TRG_COM_TIM17_IRQHandler
                0x08004a64                FDCAN2_IT1_IRQHandler
                0x08004a64                ADC4_IRQHandler
                0x08004a64                WWDG_IRQHandler
                0x08004a64                I2C4_EV_IRQHandler
                0x08004a64                FDCAN2_IT0_IRQHandler
                0x08004a64                LPUART1_IRQHandler
                0x08004a64                DMA2_Channel6_IRQHandler
                0x08004a64                FDCAN1_IT0_IRQHandler
                0x08004a64                TIM2_IRQHandler
                0x08004a64                COMP7_IRQHandler
                0x08004a64                COMP1_2_3_IRQHandler
                0x08004a64                EXTI1_IRQHandler
                0x08004a64                USART2_IRQHandler
                0x08004a64                COMP4_5_6_IRQHandler
                0x08004a64                TIM20_BRK_IRQHandler
                0x08004a64                I2C2_ER_IRQHandler
                0x08004a64                TIM8_BRK_IRQHandler
                0x08004a64                FLASH_IRQHandler
                0x08004a64                TIM20_CC_IRQHandler
                0x08004a64                USART1_IRQHandler
                0x08004a64                SPI3_IRQHandler
                0x08004a64                I2C1_ER_IRQHandler
                0x08004a64                FMC_IRQHandler
                0x08004a64                LPTIM1_IRQHandler
                0x08004a64                DMAMUX_OVR_IRQHandler
                0x08004a64                I2C4_ER_IRQHandler
                0x08004a64                USBWakeUp_IRQHandler
                0x08004a64                SAI1_IRQHandler
                0x08004a64                DMA2_Channel3_IRQHandler
                0x08004a64                TIM1_BRK_TIM15_IRQHandler
 *fill*         0x08004a66        0x2 
 .text.HAL_InitTick
                0x08004a68       0x50 ./Drivers/STM32G4xx_HAL_Driver/Src/stm32g4xx_hal.o
                0x08004a68                HAL_InitTick
 .text.HAL_Init
                0x08004ab8       0x1e ./Drivers/STM32G4xx_HAL_Driver/Src/stm32g4xx_hal.o
                0x08004ab8                HAL_Init
 *fill*         0x08004ad6        0x2 
 .text.HAL_IncTick
                0x08004ad8       0x18 ./Drivers/STM32G4xx_HAL_Driver/Src/stm32g4xx_hal.o
                0x08004ad8                HAL_IncTick
 .text.HAL_GetTick
                0x08004af0        0xc ./Drivers/STM32G4xx_HAL_Driver/Src/stm32g4xx_hal.o
                0x08004af0                HAL_GetTick
 .text.HAL_Delay
                0x08004afc       0x28 ./Drivers/STM32G4xx_HAL_Driver/Src/stm32g4xx_hal.o
                0x08004afc                HAL_Delay
 .text.LL_ADC_REG_SetSequencerRanks
                0x08004b24       0x30 ./Drivers/STM32G4xx_HAL_Driver/Src/stm32g4xx_hal_adc.o
 .text.LL_ADC_SetChannelSamplingTime
                0x08004b54       0x2c ./Drivers/STM32G4xx_HAL_Driver/Src/stm32g4xx_hal_adc.o
 .text.HAL_ADC_Init
                0x08004b80      0x29c ./Drivers/STM32G4xx_HAL_Driver/Src/stm32g4xx_hal_adc.o
                0x08004b80                HAL_ADC_Init
 .text.HAL_ADC_GetValue
                0x08004e1c        0x6 ./Drivers/STM32G4xx_HAL_Driver/Src/stm32g4xx_hal_adc.o
                0x08004e1c                HAL_ADC_GetValue
 .text.HAL_ADC_LevelOutOfWindowCallback
                0x08004e22        0x2 ./Drivers/STM32G4xx_HAL_Driver/Src/stm32g4xx_hal_adc.o
                0x08004e22                HAL_ADC_LevelOutOfWindowCallback
 .text.HAL_ADC_ErrorCallback
                0x08004e24        0x2 ./Drivers/STM32G4xx_HAL_Driver/Src/stm32g4xx_hal_adc.o
                0x08004e24                HAL_ADC_ErrorCallback
 *fill*         0x08004e26        0x2 
 .text.HAL_ADC_IRQHandler
                0x08004e28      0x2e8 ./Drivers/STM32G4xx_HAL_Driver/Src/stm32g4xx_hal_adc.o
                0x08004e28                HAL_ADC_IRQHandler
 .text.HAL_ADC_ConfigChannel
                0x08005110      0x4b4 ./Drivers/STM32G4xx_HAL_Driver/Src/stm32g4xx_hal_adc.o
                0x08005110                HAL_ADC_ConfigChannel
 .text.ADC_Enable
                0x080055c4       0xf8 ./Drivers/STM32G4xx_HAL_Driver/Src/stm32g4xx_hal_adc.o
                0x080055c4                ADC_Enable
 .text.HAL_ADC_Start_IT
                0x080056bc      0x1c8 ./Drivers/STM32G4xx_HAL_Driver/Src/stm32g4xx_hal_adc.o
                0x080056bc                HAL_ADC_Start_IT
 .text.ADC_Disable
                0x08005884       0x94 ./Drivers/STM32G4xx_HAL_Driver/Src/stm32g4xx_hal_adc.o
                0x08005884                ADC_Disable
 .text.HAL_ADCEx_Calibration_Start
                0x08005918       0x9c ./Drivers/STM32G4xx_HAL_Driver/Src/stm32g4xx_hal_adc_ex.o
                0x08005918                HAL_ADCEx_Calibration_Start
 .text.HAL_ADCEx_InjectedConvCpltCallback
                0x080059b4        0x2 ./Drivers/STM32G4xx_HAL_Driver/Src/stm32g4xx_hal_adc_ex.o
                0x080059b4                HAL_ADCEx_InjectedConvCpltCallback
 .text.HAL_ADCEx_InjectedQueueOverflowCallback
                0x080059b6        0x2 ./Drivers/STM32G4xx_HAL_Driver/Src/stm32g4xx_hal_adc_ex.o
                0x080059b6                HAL_ADCEx_InjectedQueueOverflowCallback
 .text.HAL_ADCEx_LevelOutOfWindow2Callback
                0x080059b8        0x2 ./Drivers/STM32G4xx_HAL_Driver/Src/stm32g4xx_hal_adc_ex.o
                0x080059b8                HAL_ADCEx_LevelOutOfWindow2Callback
 .text.HAL_ADCEx_LevelOutOfWindow3Callback
                0x080059ba        0x2 ./Drivers/STM32G4xx_HAL_Driver/Src/stm32g4xx_hal_adc_ex.o
                0x080059ba                HAL_ADCEx_LevelOutOfWindow3Callback
 .text.HAL_ADCEx_EndOfSamplingCallback
                0x080059bc        0x2 ./Drivers/STM32G4xx_HAL_Driver/Src/stm32g4xx_hal_adc_ex.o
                0x080059bc                HAL_ADCEx_EndOfSamplingCallback
 *fill*         0x080059be        0x2 
 .text.HAL_ADCEx_MultiModeConfigChannel
                0x080059c0      0x1d4 ./Drivers/STM32G4xx_HAL_Driver/Src/stm32g4xx_hal_adc_ex.o
                0x080059c0                HAL_ADCEx_MultiModeConfigChannel
 .text.__NVIC_EnableIRQ
                0x08005b94       0x1c ./Drivers/STM32G4xx_HAL_Driver/Src/stm32g4xx_hal_cortex.o
 .text.__NVIC_DisableIRQ
                0x08005bb0       0x24 ./Drivers/STM32G4xx_HAL_Driver/Src/stm32g4xx_hal_cortex.o
 .text.__NVIC_SetPriority
                0x08005bd4       0x28 ./Drivers/STM32G4xx_HAL_Driver/Src/stm32g4xx_hal_cortex.o
 .text.NVIC_EncodePriority
                0x08005bfc       0x3e ./Drivers/STM32G4xx_HAL_Driver/Src/stm32g4xx_hal_cortex.o
 *fill*         0x08005c3a        0x2 
 .text.HAL_NVIC_SetPriorityGrouping
                0x08005c3c       0x24 ./Drivers/STM32G4xx_HAL_Driver/Src/stm32g4xx_hal_cortex.o
                0x08005c3c                HAL_NVIC_SetPriorityGrouping
 .text.HAL_NVIC_SetPriority
                0x08005c60       0x20 ./Drivers/STM32G4xx_HAL_Driver/Src/stm32g4xx_hal_cortex.o
                0x08005c60                HAL_NVIC_SetPriority
 .text.HAL_NVIC_EnableIRQ
                0x08005c80        0x8 ./Drivers/STM32G4xx_HAL_Driver/Src/stm32g4xx_hal_cortex.o
                0x08005c80                HAL_NVIC_EnableIRQ
 .text.HAL_NVIC_DisableIRQ
                0x08005c88        0x8 ./Drivers/STM32G4xx_HAL_Driver/Src/stm32g4xx_hal_cortex.o
                0x08005c88                HAL_NVIC_DisableIRQ
 .text.HAL_SYSTICK_Config
                0x08005c90       0x28 ./Drivers/STM32G4xx_HAL_Driver/Src/stm32g4xx_hal_cortex.o
                0x08005c90                HAL_SYSTICK_Config
 .text.HAL_DAC_Init
                0x08005cb8       0x24 ./Drivers/STM32G4xx_HAL_Driver/Src/stm32g4xx_hal_dac.o
                0x08005cb8                HAL_DAC_Init
 .text.HAL_DAC_Start
                0x08005cdc       0x98 ./Drivers/STM32G4xx_HAL_Driver/Src/stm32g4xx_hal_dac.o
                0x08005cdc                HAL_DAC_Start
 .text.HAL_DAC_SetValue
                0x08005d74       0x36 ./Drivers/STM32G4xx_HAL_Driver/Src/stm32g4xx_hal_dac.o
                0x08005d74                HAL_DAC_SetValue
 .text.HAL_DAC_DMAUnderrunCallbackCh1
                0x08005daa        0x2 ./Drivers/STM32G4xx_HAL_Driver/Src/stm32g4xx_hal_dac.o
                0x08005daa                HAL_DAC_DMAUnderrunCallbackCh1
 .text.HAL_DAC_IRQHandler
                0x08005dac       0x6c ./Drivers/STM32G4xx_HAL_Driver/Src/stm32g4xx_hal_dac.o
                0x08005dac                HAL_DAC_IRQHandler
 .text.HAL_DAC_ConfigChannel
                0x08005e18      0x204 ./Drivers/STM32G4xx_HAL_Driver/Src/stm32g4xx_hal_dac.o
                0x08005e18                HAL_DAC_ConfigChannel
 .text.HAL_DACEx_DMAUnderrunCallbackCh2
                0x0800601c        0x2 ./Drivers/STM32G4xx_HAL_Driver/Src/stm32g4xx_hal_dac_ex.o
                0x0800601c                HAL_DACEx_DMAUnderrunCallbackCh2
 .text.DMA_SetConfig
                0x0800601e       0x42 ./Drivers/STM32G4xx_HAL_Driver/Src/stm32g4xx_hal_dma.o
 .text.DMA_CalcDMAMUXChannelBaseAndMask
                0x08006060       0x48 ./Drivers/STM32G4xx_HAL_Driver/Src/stm32g4xx_hal_dma.o
 .text.DMA_CalcDMAMUXRequestGenBaseAndMask
                0x080060a8       0x28 ./Drivers/STM32G4xx_HAL_Driver/Src/stm32g4xx_hal_dma.o
 .text.HAL_DMA_Init
                0x080060d0       0xd8 ./Drivers/STM32G4xx_HAL_Driver/Src/stm32g4xx_hal_dma.o
                0x080060d0                HAL_DMA_Init
 .text.HAL_DMA_DeInit
                0x080061a8       0xb8 ./Drivers/STM32G4xx_HAL_Driver/Src/stm32g4xx_hal_dma.o
                0x080061a8                HAL_DMA_DeInit
 .text.HAL_DMA_Start_IT
                0x08006260       0x94 ./Drivers/STM32G4xx_HAL_Driver/Src/stm32g4xx_hal_dma.o
                0x08006260                HAL_DMA_Start_IT
 .text.HAL_DMA_Abort
                0x080062f4       0x6c ./Drivers/STM32G4xx_HAL_Driver/Src/stm32g4xx_hal_dma.o
                0x080062f4                HAL_DMA_Abort
 .text.HAL_DMA_Abort_IT
                0x08006360       0x7e ./Drivers/STM32G4xx_HAL_Driver/Src/stm32g4xx_hal_dma.o
                0x08006360                HAL_DMA_Abort_IT
 .text.HAL_DMA_IRQHandler
                0x080063de       0xc4 ./Drivers/STM32G4xx_HAL_Driver/Src/stm32g4xx_hal_dma.o
                0x080063de                HAL_DMA_IRQHandler
 *fill*         0x080064a2        0x2 
 .text.HAL_GPIO_Init
                0x080064a4      0x1d4 ./Drivers/STM32G4xx_HAL_Driver/Src/stm32g4xx_hal_gpio.o
                0x080064a4                HAL_GPIO_Init
 .text.HAL_GPIO_DeInit
                0x08006678      0x11c ./Drivers/STM32G4xx_HAL_Driver/Src/stm32g4xx_hal_gpio.o
                0x08006678                HAL_GPIO_DeInit
 .text.HAL_GPIO_WritePin
                0x08006794        0xa ./Drivers/STM32G4xx_HAL_Driver/Src/stm32g4xx_hal_gpio.o
                0x08006794                HAL_GPIO_WritePin
 .text.HAL_GPIO_TogglePin
                0x0800679e       0x12 ./Drivers/STM32G4xx_HAL_Driver/Src/stm32g4xx_hal_gpio.o
                0x0800679e                HAL_GPIO_TogglePin
 .text.I2C_Flush_TXDR
                0x080067b0       0x22 ./Drivers/STM32G4xx_HAL_Driver/Src/stm32g4xx_hal_i2c.o
 .text.I2C_TransferConfig
                0x080067d2       0x3c ./Drivers/STM32G4xx_HAL_Driver/Src/stm32g4xx_hal_i2c.o
 .text.I2C_IsErrorOccurred
                0x0800680e      0x114 ./Drivers/STM32G4xx_HAL_Driver/Src/stm32g4xx_hal_i2c.o
 .text.I2C_WaitOnTXISFlagUntilTimeout
                0x08006922       0x60 ./Drivers/STM32G4xx_HAL_Driver/Src/stm32g4xx_hal_i2c.o
 .text.I2C_WaitOnFlagUntilTimeout
                0x08006982       0x7c ./Drivers/STM32G4xx_HAL_Driver/Src/stm32g4xx_hal_i2c.o
 *fill*         0x080069fe        0x2 
 .text.I2C_RequestMemoryWrite
                0x08006a00       0x7c ./Drivers/STM32G4xx_HAL_Driver/Src/stm32g4xx_hal_i2c.o
 .text.I2C_WaitOnSTOPFlagUntilTimeout
                0x08006a7c       0x5e ./Drivers/STM32G4xx_HAL_Driver/Src/stm32g4xx_hal_i2c.o
 .text.HAL_I2C_Init
                0x08006ada       0xc8 ./Drivers/STM32G4xx_HAL_Driver/Src/stm32g4xx_hal_i2c.o
                0x08006ada                HAL_I2C_Init
 .text.HAL_I2C_Mem_Write
                0x08006ba2      0x1a8 ./Drivers/STM32G4xx_HAL_Driver/Src/stm32g4xx_hal_i2c.o
                0x08006ba2                HAL_I2C_Mem_Write
 .text.HAL_I2C_IsDeviceReady
                0x08006d4a      0x13e ./Drivers/STM32G4xx_HAL_Driver/Src/stm32g4xx_hal_i2c.o
                0x08006d4a                HAL_I2C_IsDeviceReady
 .text.HAL_I2CEx_ConfigAnalogFilter
                0x08006e88       0x5c ./Drivers/STM32G4xx_HAL_Driver/Src/stm32g4xx_hal_i2c_ex.o
                0x08006e88                HAL_I2CEx_ConfigAnalogFilter
 .text.HAL_I2CEx_ConfigDigitalFilter
                0x08006ee4       0x58 ./Drivers/STM32G4xx_HAL_Driver/Src/stm32g4xx_hal_i2c_ex.o
                0x08006ee4                HAL_I2CEx_ConfigDigitalFilter
 .text.HAL_PWREx_ControlVoltageScaling
                0x08006f3c      0x10c ./Drivers/STM32G4xx_HAL_Driver/Src/stm32g4xx_hal_pwr_ex.o
                0x08006f3c                HAL_PWREx_ControlVoltageScaling
 .text.HAL_PWREx_DisableUCPDDeadBattery
                0x08007048       0x10 ./Drivers/STM32G4xx_HAL_Driver/Src/stm32g4xx_hal_pwr_ex.o
                0x08007048                HAL_PWREx_DisableUCPDDeadBattery
 .text.RCC_GetSysClockFreqFromPLLSource
                0x08007058       0x58 ./Drivers/STM32G4xx_HAL_Driver/Src/stm32g4xx_hal_rcc.o
 .text.HAL_RCC_OscConfig
                0x080070b0      0x4e4 ./Drivers/STM32G4xx_HAL_Driver/Src/stm32g4xx_hal_rcc.o
                0x080070b0                HAL_RCC_OscConfig
 .text.HAL_RCC_GetSysClockFreq
                0x08007594       0x88 ./Drivers/STM32G4xx_HAL_Driver/Src/stm32g4xx_hal_rcc.o
                0x08007594                HAL_RCC_GetSysClockFreq
 .text.HAL_RCC_ClockConfig
                0x0800761c      0x1f8 ./Drivers/STM32G4xx_HAL_Driver/Src/stm32g4xx_hal_rcc.o
                0x0800761c                HAL_RCC_ClockConfig
 .text.HAL_RCC_GetHCLKFreq
                0x08007814        0xc ./Drivers/STM32G4xx_HAL_Driver/Src/stm32g4xx_hal_rcc.o
                0x08007814                HAL_RCC_GetHCLKFreq
 .text.HAL_RCC_GetPCLK1Freq
                0x08007820       0x24 ./Drivers/STM32G4xx_HAL_Driver/Src/stm32g4xx_hal_rcc.o
                0x08007820                HAL_RCC_GetPCLK1Freq
 .text.HAL_RCC_GetPCLK2Freq
                0x08007844       0x24 ./Drivers/STM32G4xx_HAL_Driver/Src/stm32g4xx_hal_rcc.o
                0x08007844                HAL_RCC_GetPCLK2Freq
 .text.HAL_RCCEx_PeriphCLKConfig
                0x08007868      0x378 ./Drivers/STM32G4xx_HAL_Driver/Src/stm32g4xx_hal_rcc_ex.o
                0x08007868                HAL_RCCEx_PeriphCLKConfig
 .text.TIM_OC1_SetConfig
                0x08007be0       0xac ./Drivers/STM32G4xx_HAL_Driver/Src/stm32g4xx_hal_tim.o
 .text.TIM_OC3_SetConfig
                0x08007c8c       0x9c ./Drivers/STM32G4xx_HAL_Driver/Src/stm32g4xx_hal_tim.o
 .text.TIM_OC4_SetConfig
                0x08007d28       0x9c ./Drivers/STM32G4xx_HAL_Driver/Src/stm32g4xx_hal_tim.o
 .text.TIM_OC5_SetConfig
                0x08007dc4       0x70 ./Drivers/STM32G4xx_HAL_Driver/Src/stm32g4xx_hal_tim.o
 .text.TIM_OC6_SetConfig
                0x08007e34       0x74 ./Drivers/STM32G4xx_HAL_Driver/Src/stm32g4xx_hal_tim.o
 .text.TIM_TI1_ConfigInputStage
                0x08007ea8       0x26 ./Drivers/STM32G4xx_HAL_Driver/Src/stm32g4xx_hal_tim.o
 .text.TIM_TI2_ConfigInputStage
                0x08007ece       0x28 ./Drivers/STM32G4xx_HAL_Driver/Src/stm32g4xx_hal_tim.o
 .text.TIM_ITRx_SetConfig
                0x08007ef6       0x14 ./Drivers/STM32G4xx_HAL_Driver/Src/stm32g4xx_hal_tim.o
 *fill*         0x08007f0a        0x2 
 .text.HAL_TIM_Base_Start
                0x08007f0c       0x8c ./Drivers/STM32G4xx_HAL_Driver/Src/stm32g4xx_hal_tim.o
                0x08007f0c                HAL_TIM_Base_Start
 .text.HAL_TIM_Base_Start_IT
                0x08007f98       0x94 ./Drivers/STM32G4xx_HAL_Driver/Src/stm32g4xx_hal_tim.o
                0x08007f98                HAL_TIM_Base_Start_IT
 .text.HAL_TIM_PWM_MspInit
                0x0800802c        0x2 ./Drivers/STM32G4xx_HAL_Driver/Src/stm32g4xx_hal_tim.o
                0x0800802c                HAL_TIM_PWM_MspInit
 .text.HAL_TIM_OC_DelayElapsedCallback
                0x0800802e        0x2 ./Drivers/STM32G4xx_HAL_Driver/Src/stm32g4xx_hal_tim.o
                0x0800802e                HAL_TIM_OC_DelayElapsedCallback
 .text.HAL_TIM_IC_CaptureCallback
                0x08008030        0x2 ./Drivers/STM32G4xx_HAL_Driver/Src/stm32g4xx_hal_tim.o
                0x08008030                HAL_TIM_IC_CaptureCallback
 .text.HAL_TIM_PWM_PulseFinishedCallback
                0x08008032        0x2 ./Drivers/STM32G4xx_HAL_Driver/Src/stm32g4xx_hal_tim.o
                0x08008032                HAL_TIM_PWM_PulseFinishedCallback
 .text.HAL_TIM_TriggerCallback
                0x08008034        0x2 ./Drivers/STM32G4xx_HAL_Driver/Src/stm32g4xx_hal_tim.o
                0x08008034                HAL_TIM_TriggerCallback
 .text.HAL_TIM_IRQHandler
                0x08008036      0x1ea ./Drivers/STM32G4xx_HAL_Driver/Src/stm32g4xx_hal_tim.o
                0x08008036                HAL_TIM_IRQHandler
 .text.TIM_Base_SetConfig
                0x08008220       0xf0 ./Drivers/STM32G4xx_HAL_Driver/Src/stm32g4xx_hal_tim.o
                0x08008220                TIM_Base_SetConfig
 .text.HAL_TIM_Base_Init
                0x08008310       0x60 ./Drivers/STM32G4xx_HAL_Driver/Src/stm32g4xx_hal_tim.o
                0x08008310                HAL_TIM_Base_Init
 .text.HAL_TIM_PWM_Init
                0x08008370       0x60 ./Drivers/STM32G4xx_HAL_Driver/Src/stm32g4xx_hal_tim.o
                0x08008370                HAL_TIM_PWM_Init
 .text.TIM_OC2_SetConfig
                0x080083d0       0x9c ./Drivers/STM32G4xx_HAL_Driver/Src/stm32g4xx_hal_tim.o
                0x080083d0                TIM_OC2_SetConfig
 .text.HAL_TIM_PWM_ConfigChannel
                0x0800846c      0x13a ./Drivers/STM32G4xx_HAL_Driver/Src/stm32g4xx_hal_tim.o
                0x0800846c                HAL_TIM_PWM_ConfigChannel
 .text.TIM_ETR_SetConfig
                0x080085a6       0x1a ./Drivers/STM32G4xx_HAL_Driver/Src/stm32g4xx_hal_tim.o
                0x080085a6                TIM_ETR_SetConfig
 .text.HAL_TIM_ConfigClockSource
                0x080085c0      0x144 ./Drivers/STM32G4xx_HAL_Driver/Src/stm32g4xx_hal_tim.o
                0x080085c0                HAL_TIM_ConfigClockSource
 .text.TIM_CCxChannelCmd
                0x08008704       0x1e ./Drivers/STM32G4xx_HAL_Driver/Src/stm32g4xx_hal_tim.o
                0x08008704                TIM_CCxChannelCmd
 *fill*         0x08008722        0x2 
 .text.HAL_TIM_PWM_Start
                0x08008724      0x17c ./Drivers/STM32G4xx_HAL_Driver/Src/stm32g4xx_hal_tim.o
                0x08008724                HAL_TIM_PWM_Start
 .text.HAL_TIMEx_MasterConfigSynchronization
                0x080088a0       0xac ./Drivers/STM32G4xx_HAL_Driver/Src/stm32g4xx_hal_tim_ex.o
                0x080088a0                HAL_TIMEx_MasterConfigSynchronization
 .text.HAL_TIMEx_ConfigBreakDeadTime
                0x0800894c       0xa8 ./Drivers/STM32G4xx_HAL_Driver/Src/stm32g4xx_hal_tim_ex.o
                0x0800894c                HAL_TIMEx_ConfigBreakDeadTime
 .text.HAL_TIMEx_CommutCallback
                0x080089f4        0x2 ./Drivers/STM32G4xx_HAL_Driver/Src/stm32g4xx_hal_tim_ex.o
                0x080089f4                HAL_TIMEx_CommutCallback
 .text.HAL_TIMEx_BreakCallback
                0x080089f6        0x2 ./Drivers/STM32G4xx_HAL_Driver/Src/stm32g4xx_hal_tim_ex.o
                0x080089f6                HAL_TIMEx_BreakCallback
 .text.HAL_TIMEx_Break2Callback
                0x080089f8        0x2 ./Drivers/STM32G4xx_HAL_Driver/Src/stm32g4xx_hal_tim_ex.o
                0x080089f8                HAL_TIMEx_Break2Callback
 .text.HAL_TIMEx_EncoderIndexCallback
                0x080089fa        0x2 ./Drivers/STM32G4xx_HAL_Driver/Src/stm32g4xx_hal_tim_ex.o
                0x080089fa                HAL_TIMEx_EncoderIndexCallback
 .text.HAL_TIMEx_DirectionChangeCallback
                0x080089fc        0x2 ./Drivers/STM32G4xx_HAL_Driver/Src/stm32g4xx_hal_tim_ex.o
                0x080089fc                HAL_TIMEx_DirectionChangeCallback
 .text.HAL_TIMEx_IndexErrorCallback
                0x080089fe        0x2 ./Drivers/STM32G4xx_HAL_Driver/Src/stm32g4xx_hal_tim_ex.o
                0x080089fe                HAL_TIMEx_IndexErrorCallback
 .text.HAL_TIMEx_TransitionErrorCallback
                0x08008a00        0x2 ./Drivers/STM32G4xx_HAL_Driver/Src/stm32g4xx_hal_tim_ex.o
                0x08008a00                HAL_TIMEx_TransitionErrorCallback
 .text.UART_EndTxTransfer
                0x08008a02       0x32 ./Drivers/STM32G4xx_HAL_Driver/Src/stm32g4xx_hal_uart.o
 .text.UART_EndRxTransfer
                0x08008a34       0x56 ./Drivers/STM32G4xx_HAL_Driver/Src/stm32g4xx_hal_uart.o
 .text.HAL_UART_DeInit
                0x08008a8a       0x44 ./Drivers/STM32G4xx_HAL_Driver/Src/stm32g4xx_hal_uart.o
                0x08008a8a                HAL_UART_DeInit
 *fill*         0x08008ace        0x2 
 .text.HAL_UART_Transmit_DMA
                0x08008ad0       0xa0 ./Drivers/STM32G4xx_HAL_Driver/Src/stm32g4xx_hal_uart.o
                0x08008ad0                HAL_UART_Transmit_DMA
 .text.HAL_UART_TxCpltCallback
                0x08008b70        0x2 ./Drivers/STM32G4xx_HAL_Driver/Src/stm32g4xx_hal_uart.o
                0x08008b70                HAL_UART_TxCpltCallback
 .text.UART_DMATransmitCplt
                0x08008b72       0x48 ./Drivers/STM32G4xx_HAL_Driver/Src/stm32g4xx_hal_uart.o
 .text.UART_EndTransmit_IT
                0x08008bba       0x24 ./Drivers/STM32G4xx_HAL_Driver/Src/stm32g4xx_hal_uart.o
 .text.HAL_UART_TxHalfCpltCallback
                0x08008bde        0x2 ./Drivers/STM32G4xx_HAL_Driver/Src/stm32g4xx_hal_uart.o
                0x08008bde                HAL_UART_TxHalfCpltCallback
 .text.UART_DMATxHalfCplt
                0x08008be0        0xa ./Drivers/STM32G4xx_HAL_Driver/Src/stm32g4xx_hal_uart.o
 .text.HAL_UART_RxCpltCallback
                0x08008bea        0x2 ./Drivers/STM32G4xx_HAL_Driver/Src/stm32g4xx_hal_uart.o
                0x08008bea                HAL_UART_RxCpltCallback
 .text.HAL_UART_RxHalfCpltCallback
                0x08008bec        0x2 ./Drivers/STM32G4xx_HAL_Driver/Src/stm32g4xx_hal_uart.o
                0x08008bec                HAL_UART_RxHalfCpltCallback
 .text.HAL_UART_ErrorCallback
                0x08008bee        0x2 ./Drivers/STM32G4xx_HAL_Driver/Src/stm32g4xx_hal_uart.o
                0x08008bee                HAL_UART_ErrorCallback
 .text.UART_DMAError
                0x08008bf0       0x58 ./Drivers/STM32G4xx_HAL_Driver/Src/stm32g4xx_hal_uart.o
 .text.UART_DMAAbortOnError
                0x08008c48       0x14 ./Drivers/STM32G4xx_HAL_Driver/Src/stm32g4xx_hal_uart.o
 .text.HAL_UARTEx_RxEventCallback
                0x08008c5c        0x2 ./Drivers/STM32G4xx_HAL_Driver/Src/stm32g4xx_hal_uart.o
                0x08008c5c                HAL_UARTEx_RxEventCallback
 *fill*         0x08008c5e        0x2 
 .text.HAL_UART_IRQHandler
                0x08008c60      0x344 ./Drivers/STM32G4xx_HAL_Driver/Src/stm32g4xx_hal_uart.o
                0x08008c60                HAL_UART_IRQHandler
 .text.UART_DMARxHalfCplt
                0x08008fa4       0x20 ./Drivers/STM32G4xx_HAL_Driver/Src/stm32g4xx_hal_uart.o
 .text.UART_DMAReceiveCplt
                0x08008fc4       0x92 ./Drivers/STM32G4xx_HAL_Driver/Src/stm32g4xx_hal_uart.o
 *fill*         0x08009056        0x2 
 .text.UART_SetConfig
                0x08009058      0x388 ./Drivers/STM32G4xx_HAL_Driver/Src/stm32g4xx_hal_uart.o
                0x08009058                UART_SetConfig
 .text.UART_AdvFeatureConfig
                0x080093e0       0xca ./Drivers/STM32G4xx_HAL_Driver/Src/stm32g4xx_hal_uart.o
                0x080093e0                UART_AdvFeatureConfig
 .text.UART_WaitOnFlagUntilTimeout
                0x080094aa       0x9e ./Drivers/STM32G4xx_HAL_Driver/Src/stm32g4xx_hal_uart.o
                0x080094aa                UART_WaitOnFlagUntilTimeout
 .text.HAL_UART_Transmit
                0x08009548       0xd2 ./Drivers/STM32G4xx_HAL_Driver/Src/stm32g4xx_hal_uart.o
                0x08009548                HAL_UART_Transmit
 .text.UART_CheckIdleState
                0x0800961a       0xca ./Drivers/STM32G4xx_HAL_Driver/Src/stm32g4xx_hal_uart.o
                0x0800961a                UART_CheckIdleState
 .text.HAL_UART_Init
                0x080096e4       0x66 ./Drivers/STM32G4xx_HAL_Driver/Src/stm32g4xx_hal_uart.o
                0x080096e4                HAL_UART_Init
 *fill*         0x0800974a        0x2 
 .text.UART_Start_Receive_DMA
                0x0800974c       0xb0 ./Drivers/STM32G4xx_HAL_Driver/Src/stm32g4xx_hal_uart.o
                0x0800974c                UART_Start_Receive_DMA
 .text.HAL_UART_Receive_DMA
                0x080097fc       0x4c ./Drivers/STM32G4xx_HAL_Driver/Src/stm32g4xx_hal_uart.o
                0x080097fc                HAL_UART_Receive_DMA
 .text.UARTEx_SetNbDataToProcess
                0x08009848       0x4c ./Drivers/STM32G4xx_HAL_Driver/Src/stm32g4xx_hal_uart_ex.o
 .text.HAL_RS485Ex_Init
                0x08009894       0x86 ./Drivers/STM32G4xx_HAL_Driver/Src/stm32g4xx_hal_uart_ex.o
                0x08009894                HAL_RS485Ex_Init
 .text.HAL_UARTEx_WakeupCallback
                0x0800991a        0x2 ./Drivers/STM32G4xx_HAL_Driver/Src/stm32g4xx_hal_uart_ex.o
                0x0800991a                HAL_UARTEx_WakeupCallback
 .text.HAL_UARTEx_RxFifoFullCallback
                0x0800991c        0x2 ./Drivers/STM32G4xx_HAL_Driver/Src/stm32g4xx_hal_uart_ex.o
                0x0800991c                HAL_UARTEx_RxFifoFullCallback
 .text.HAL_UARTEx_TxFifoEmptyCallback
                0x0800991e        0x2 ./Drivers/STM32G4xx_HAL_Driver/Src/stm32g4xx_hal_uart_ex.o
                0x0800991e                HAL_UARTEx_TxFifoEmptyCallback
 .text.HAL_UARTEx_DisableFifoMode
                0x08009920       0x3e ./Drivers/STM32G4xx_HAL_Driver/Src/stm32g4xx_hal_uart_ex.o
                0x08009920                HAL_UARTEx_DisableFifoMode
 .text.HAL_UARTEx_SetTxFifoThreshold
                0x0800995e       0x4a ./Drivers/STM32G4xx_HAL_Driver/Src/stm32g4xx_hal_uart_ex.o
                0x0800995e                HAL_UARTEx_SetTxFifoThreshold
 .text.HAL_UARTEx_SetRxFifoThreshold
                0x080099a8       0x4a ./Drivers/STM32G4xx_HAL_Driver/Src/stm32g4xx_hal_uart_ex.o
                0x080099a8                HAL_UARTEx_SetRxFifoThreshold
 .text.sulp     0x080099f2       0x3c C:/ST/STM32CubeIDE_1.15.0/STM32CubeIDE/plugins/com.st.stm32cube.ide.mcu.externaltools.gnu-tools-for-stm32.12.3.rel1.win32_1.0.100.202403111256/tools/bin/../lib/gcc/arm-none-eabi/12.3.1/../../../../arm-none-eabi/lib/thumb/v7e-m+fp/hard\libc_nano.a(libc_a-strtod.o)
 *fill*         0x08009a2e        0x2 
 .text._strtod_l
                0x08009a30      0xbc8 C:/ST/STM32CubeIDE_1.15.0/STM32CubeIDE/plugins/com.st.stm32cube.ide.mcu.externaltools.gnu-tools-for-stm32.12.3.rel1.win32_1.0.100.202403111256/tools/bin/../lib/gcc/arm-none-eabi/12.3.1/../../../../arm-none-eabi/lib/thumb/v7e-m+fp/hard\libc_nano.a(libc_a-strtod.o)
                0x08009a30                _strtod_l
 .text.strtof   0x0800a5f8       0xc8 C:/ST/STM32CubeIDE_1.15.0/STM32CubeIDE/plugins/com.st.stm32cube.ide.mcu.externaltools.gnu-tools-for-stm32.12.3.rel1.win32_1.0.100.202403111256/tools/bin/../lib/gcc/arm-none-eabi/12.3.1/../../../../arm-none-eabi/lib/thumb/v7e-m+fp/hard\libc_nano.a(libc_a-strtod.o)
                0x0800a5f8                strtof
 .text._strtoul_l.constprop.0
                0x0800a6c0       0xdc C:/ST/STM32CubeIDE_1.15.0/STM32CubeIDE/plugins/com.st.stm32cube.ide.mcu.externaltools.gnu-tools-for-stm32.12.3.rel1.win32_1.0.100.202403111256/tools/bin/../lib/gcc/arm-none-eabi/12.3.1/../../../../arm-none-eabi/lib/thumb/v7e-m+fp/hard\libc_nano.a(libc_a-strtoul.o)
 .text.strtoul  0x0800a79c       0x14 C:/ST/STM32CubeIDE_1.15.0/STM32CubeIDE/plugins/com.st.stm32cube.ide.mcu.externaltools.gnu-tools-for-stm32.12.3.rel1.win32_1.0.100.202403111256/tools/bin/../lib/gcc/arm-none-eabi/12.3.1/../../../../arm-none-eabi/lib/thumb/v7e-m+fp/hard\libc_nano.a(libc_a-strtoul.o)
                0x0800a79c                strtoul
 .text.__cvt    0x0800a7b0       0xca C:/ST/STM32CubeIDE_1.15.0/STM32CubeIDE/plugins/com.st.stm32cube.ide.mcu.externaltools.gnu-tools-for-stm32.12.3.rel1.win32_1.0.100.202403111256/tools/bin/../lib/gcc/arm-none-eabi/12.3.1/../../../../arm-none-eabi/lib/thumb/v7e-m+fp/hard\libc_nano.a(libc_a-nano-vfprintf_float.o)
                0x0800a7b0                __cvt
 .text.__exponent
                0x0800a87a       0x74 C:/ST/STM32CubeIDE_1.15.0/STM32CubeIDE/plugins/com.st.stm32cube.ide.mcu.externaltools.gnu-tools-for-stm32.12.3.rel1.win32_1.0.100.202403111256/tools/bin/../lib/gcc/arm-none-eabi/12.3.1/../../../../arm-none-eabi/lib/thumb/v7e-m+fp/hard\libc_nano.a(libc_a-nano-vfprintf_float.o)
                0x0800a87a                __exponent
 *fill*         0x0800a8ee        0x2 
 .text._printf_float
                0x0800a8f0      0x454 C:/ST/STM32CubeIDE_1.15.0/STM32CubeIDE/plugins/com.st.stm32cube.ide.mcu.externaltools.gnu-tools-for-stm32.12.3.rel1.win32_1.0.100.202403111256/tools/bin/../lib/gcc/arm-none-eabi/12.3.1/../../../../arm-none-eabi/lib/thumb/v7e-m+fp/hard\libc_nano.a(libc_a-nano-vfprintf_float.o)
                0x0800a8f0                _printf_float
 .text._printf_common
                0x0800ad44       0xda C:/ST/STM32CubeIDE_1.15.0/STM32CubeIDE/plugins/com.st.stm32cube.ide.mcu.externaltools.gnu-tools-for-stm32.12.3.rel1.win32_1.0.100.202403111256/tools/bin/../lib/gcc/arm-none-eabi/12.3.1/../../../../arm-none-eabi/lib/thumb/v7e-m+fp/hard\libc_nano.a(libc_a-nano-vfprintf_i.o)
                0x0800ad44                _printf_common
 *fill*         0x0800ae1e        0x2 
 .text._printf_i
                0x0800ae20      0x240 C:/ST/STM32CubeIDE_1.15.0/STM32CubeIDE/plugins/com.st.stm32cube.ide.mcu.externaltools.gnu-tools-for-stm32.12.3.rel1.win32_1.0.100.202403111256/tools/bin/../lib/gcc/arm-none-eabi/12.3.1/../../../../arm-none-eabi/lib/thumb/v7e-m+fp/hard\libc_nano.a(libc_a-nano-vfprintf_i.o)
                0x0800ae20                _printf_i
 .text.std      0x0800b060       0x6c C:/ST/STM32CubeIDE_1.15.0/STM32CubeIDE/plugins/com.st.stm32cube.ide.mcu.externaltools.gnu-tools-for-stm32.12.3.rel1.win32_1.0.100.202403111256/tools/bin/../lib/gcc/arm-none-eabi/12.3.1/../../../../arm-none-eabi/lib/thumb/v7e-m+fp/hard\libc_nano.a(libc_a-findfp.o)
 .text.stdio_exit_handler
                0x0800b0cc       0x18 C:/ST/STM32CubeIDE_1.15.0/STM32CubeIDE/plugins/com.st.stm32cube.ide.mcu.externaltools.gnu-tools-for-stm32.12.3.rel1.win32_1.0.100.202403111256/tools/bin/../lib/gcc/arm-none-eabi/12.3.1/../../../../arm-none-eabi/lib/thumb/v7e-m+fp/hard\libc_nano.a(libc_a-findfp.o)
 .text.cleanup_stdio
                0x0800b0e4       0x40 C:/ST/STM32CubeIDE_1.15.0/STM32CubeIDE/plugins/com.st.stm32cube.ide.mcu.externaltools.gnu-tools-for-stm32.12.3.rel1.win32_1.0.100.202403111256/tools/bin/../lib/gcc/arm-none-eabi/12.3.1/../../../../arm-none-eabi/lib/thumb/v7e-m+fp/hard\libc_nano.a(libc_a-findfp.o)
 .text.global_stdio_init.part.0
                0x0800b124       0x3c C:/ST/STM32CubeIDE_1.15.0/STM32CubeIDE/plugins/com.st.stm32cube.ide.mcu.externaltools.gnu-tools-for-stm32.12.3.rel1.win32_1.0.100.202403111256/tools/bin/../lib/gcc/arm-none-eabi/12.3.1/../../../../arm-none-eabi/lib/thumb/v7e-m+fp/hard\libc_nano.a(libc_a-findfp.o)
 .text.__sfp_lock_acquire
                0x0800b160        0xc C:/ST/STM32CubeIDE_1.15.0/STM32CubeIDE/plugins/com.st.stm32cube.ide.mcu.externaltools.gnu-tools-for-stm32.12.3.rel1.win32_1.0.100.202403111256/tools/bin/../lib/gcc/arm-none-eabi/12.3.1/../../../../arm-none-eabi/lib/thumb/v7e-m+fp/hard\libc_nano.a(libc_a-findfp.o)
                0x0800b160                __sfp_lock_acquire
 .text.__sfp_lock_release
                0x0800b16c        0xc C:/ST/STM32CubeIDE_1.15.0/STM32CubeIDE/plugins/com.st.stm32cube.ide.mcu.externaltools.gnu-tools-for-stm32.12.3.rel1.win32_1.0.100.202403111256/tools/bin/../lib/gcc/arm-none-eabi/12.3.1/../../../../arm-none-eabi/lib/thumb/v7e-m+fp/hard\libc_nano.a(libc_a-findfp.o)
                0x0800b16c                __sfp_lock_release
 .text.__sinit  0x0800b178       0x30 C:/ST/STM32CubeIDE_1.15.0/STM32CubeIDE/plugins/com.st.stm32cube.ide.mcu.externaltools.gnu-tools-for-stm32.12.3.rel1.win32_1.0.100.202403111256/tools/bin/../lib/gcc/arm-none-eabi/12.3.1/../../../../arm-none-eabi/lib/thumb/v7e-m+fp/hard\libc_nano.a(libc_a-findfp.o)
                0x0800b178                __sinit
 .text._fwalk_sglue
                0x0800b1a8       0x3c C:/ST/STM32CubeIDE_1.15.0/STM32CubeIDE/plugins/com.st.stm32cube.ide.mcu.externaltools.gnu-tools-for-stm32.12.3.rel1.win32_1.0.100.202403111256/tools/bin/../lib/gcc/arm-none-eabi/12.3.1/../../../../arm-none-eabi/lib/thumb/v7e-m+fp/hard\libc_nano.a(libc_a-fwalk.o)
                0x0800b1a8                _fwalk_sglue
 .text.__sread  0x0800b1e4       0x22 C:/ST/STM32CubeIDE_1.15.0/STM32CubeIDE/plugins/com.st.stm32cube.ide.mcu.externaltools.gnu-tools-for-stm32.12.3.rel1.win32_1.0.100.202403111256/tools/bin/../lib/gcc/arm-none-eabi/12.3.1/../../../../arm-none-eabi/lib/thumb/v7e-m+fp/hard\libc_nano.a(libc_a-stdio.o)
                0x0800b1e4                __sread
 .text.__swrite
                0x0800b206       0x38 C:/ST/STM32CubeIDE_1.15.0/STM32CubeIDE/plugins/com.st.stm32cube.ide.mcu.externaltools.gnu-tools-for-stm32.12.3.rel1.win32_1.0.100.202403111256/tools/bin/../lib/gcc/arm-none-eabi/12.3.1/../../../../arm-none-eabi/lib/thumb/v7e-m+fp/hard\libc_nano.a(libc_a-stdio.o)
                0x0800b206                __swrite
 .text.__sseek  0x0800b23e       0x24 C:/ST/STM32CubeIDE_1.15.0/STM32CubeIDE/plugins/com.st.stm32cube.ide.mcu.externaltools.gnu-tools-for-stm32.12.3.rel1.win32_1.0.100.202403111256/tools/bin/../lib/gcc/arm-none-eabi/12.3.1/../../../../arm-none-eabi/lib/thumb/v7e-m+fp/hard\libc_nano.a(libc_a-stdio.o)
                0x0800b23e                __sseek
 .text.__sclose
                0x0800b262        0x8 C:/ST/STM32CubeIDE_1.15.0/STM32CubeIDE/plugins/com.st.stm32cube.ide.mcu.externaltools.gnu-tools-for-stm32.12.3.rel1.win32_1.0.100.202403111256/tools/bin/../lib/gcc/arm-none-eabi/12.3.1/../../../../arm-none-eabi/lib/thumb/v7e-m+fp/hard\libc_nano.a(libc_a-stdio.o)
                0x0800b262                __sclose
 .text._vsnprintf_r
                0x0800b26a       0x56 C:/ST/STM32CubeIDE_1.15.0/STM32CubeIDE/plugins/com.st.stm32cube.ide.mcu.externaltools.gnu-tools-for-stm32.12.3.rel1.win32_1.0.100.202403111256/tools/bin/../lib/gcc/arm-none-eabi/12.3.1/../../../../arm-none-eabi/lib/thumb/v7e-m+fp/hard\libc_nano.a(libc_a-vsnprintf.o)
                0x0800b26a                _vsniprintf_r
                0x0800b26a                _vsnprintf_r
 .text.vsnprintf
                0x0800b2c0       0x1c C:/ST/STM32CubeIDE_1.15.0/STM32CubeIDE/plugins/com.st.stm32cube.ide.mcu.externaltools.gnu-tools-for-stm32.12.3.rel1.win32_1.0.100.202403111256/tools/bin/../lib/gcc/arm-none-eabi/12.3.1/../../../../arm-none-eabi/lib/thumb/v7e-m+fp/hard\libc_nano.a(libc_a-vsnprintf.o)
                0x0800b2c0                vsniprintf
                0x0800b2c0                vsnprintf
 .text.memset   0x0800b2dc       0x10 C:/ST/STM32CubeIDE_1.15.0/STM32CubeIDE/plugins/com.st.stm32cube.ide.mcu.externaltools.gnu-tools-for-stm32.12.3.rel1.win32_1.0.100.202403111256/tools/bin/../lib/gcc/arm-none-eabi/12.3.1/../../../../arm-none-eabi/lib/thumb/v7e-m+fp/hard\libc_nano.a(libc_a-memset.o)
                0x0800b2dc                memset
 .text.strncmp  0x0800b2ec       0x24 C:/ST/STM32CubeIDE_1.15.0/STM32CubeIDE/plugins/com.st.stm32cube.ide.mcu.externaltools.gnu-tools-for-stm32.12.3.rel1.win32_1.0.100.202403111256/tools/bin/../lib/gcc/arm-none-eabi/12.3.1/../../../../arm-none-eabi/lib/thumb/v7e-m+fp/hard\libc_nano.a(libc_a-strncmp.o)
                0x0800b2ec                strncmp
 .text.__strtok_r
                0x0800b310       0x50 C:/ST/STM32CubeIDE_1.15.0/STM32CubeIDE/plugins/com.st.stm32cube.ide.mcu.externaltools.gnu-tools-for-stm32.12.3.rel1.win32_1.0.100.202403111256/tools/bin/../lib/gcc/arm-none-eabi/12.3.1/../../../../arm-none-eabi/lib/thumb/v7e-m+fp/hard\libc_nano.a(libc_a-strtok_r.o)
                0x0800b310                __strtok_r
 .text.strtok_r
                0x0800b360        0x6 C:/ST/STM32CubeIDE_1.15.0/STM32CubeIDE/plugins/com.st.stm32cube.ide.mcu.externaltools.gnu-tools-for-stm32.12.3.rel1.win32_1.0.100.202403111256/tools/bin/../lib/gcc/arm-none-eabi/12.3.1/../../../../arm-none-eabi/lib/thumb/v7e-m+fp/hard\libc_nano.a(libc_a-strtok_r.o)
                0x0800b360                strtok_r
 *fill*         0x0800b366        0x2 
 .text._localeconv_r
                0x0800b368        0x8 C:/ST/STM32CubeIDE_1.15.0/STM32CubeIDE/plugins/com.st.stm32cube.ide.mcu.externaltools.gnu-tools-for-stm32.12.3.rel1.win32_1.0.100.202403111256/tools/bin/../lib/gcc/arm-none-eabi/12.3.1/../../../../arm-none-eabi/lib/thumb/v7e-m+fp/hard\libc_nano.a(libc_a-localeconv.o)
                0x0800b368                _localeconv_r
 .text._close_r
                0x0800b370       0x20 C:/ST/STM32CubeIDE_1.15.0/STM32CubeIDE/plugins/com.st.stm32cube.ide.mcu.externaltools.gnu-tools-for-stm32.12.3.rel1.win32_1.0.100.202403111256/tools/bin/../lib/gcc/arm-none-eabi/12.3.1/../../../../arm-none-eabi/lib/thumb/v7e-m+fp/hard\libc_nano.a(libc_a-closer.o)
                0x0800b370                _close_r
 .text._lseek_r
                0x0800b390       0x24 C:/ST/STM32CubeIDE_1.15.0/STM32CubeIDE/plugins/com.st.stm32cube.ide.mcu.externaltools.gnu-tools-for-stm32.12.3.rel1.win32_1.0.100.202403111256/tools/bin/../lib/gcc/arm-none-eabi/12.3.1/../../../../arm-none-eabi/lib/thumb/v7e-m+fp/hard\libc_nano.a(libc_a-lseekr.o)
                0x0800b390                _lseek_r
 .text._read_r  0x0800b3b4       0x24 C:/ST/STM32CubeIDE_1.15.0/STM32CubeIDE/plugins/com.st.stm32cube.ide.mcu.externaltools.gnu-tools-for-stm32.12.3.rel1.win32_1.0.100.202403111256/tools/bin/../lib/gcc/arm-none-eabi/12.3.1/../../../../arm-none-eabi/lib/thumb/v7e-m+fp/hard\libc_nano.a(libc_a-readr.o)
                0x0800b3b4                _read_r
 .text._write_r
                0x0800b3d8       0x24 C:/ST/STM32CubeIDE_1.15.0/STM32CubeIDE/plugins/com.st.stm32cube.ide.mcu.externaltools.gnu-tools-for-stm32.12.3.rel1.win32_1.0.100.202403111256/tools/bin/../lib/gcc/arm-none-eabi/12.3.1/../../../../arm-none-eabi/lib/thumb/v7e-m+fp/hard\libc_nano.a(libc_a-writer.o)
                0x0800b3d8                _write_r
 .text.__errno  0x0800b3fc        0xc C:/ST/STM32CubeIDE_1.15.0/STM32CubeIDE/plugins/com.st.stm32cube.ide.mcu.externaltools.gnu-tools-for-stm32.12.3.rel1.win32_1.0.100.202403111256/tools/bin/../lib/gcc/arm-none-eabi/12.3.1/../../../../arm-none-eabi/lib/thumb/v7e-m+fp/hard\libc_nano.a(libc_a-errno.o)
                0x0800b3fc                __errno
 .text.__libc_init_array
                0x0800b408       0x48 C:/ST/STM32CubeIDE_1.15.0/STM32CubeIDE/plugins/com.st.stm32cube.ide.mcu.externaltools.gnu-tools-for-stm32.12.3.rel1.win32_1.0.100.202403111256/tools/bin/../lib/gcc/arm-none-eabi/12.3.1/../../../../arm-none-eabi/lib/thumb/v7e-m+fp/hard\libc_nano.a(libc_a-init.o)
                0x0800b408                __libc_init_array
 .text.__retarget_lock_init_recursive
                0x0800b450        0x2 C:/ST/STM32CubeIDE_1.15.0/STM32CubeIDE/plugins/com.st.stm32cube.ide.mcu.externaltools.gnu-tools-for-stm32.12.3.rel1.win32_1.0.100.202403111256/tools/bin/../lib/gcc/arm-none-eabi/12.3.1/../../../../arm-none-eabi/lib/thumb/v7e-m+fp/hard\libc_nano.a(libc_a-lock.o)
                0x0800b450                __retarget_lock_init_recursive
 .text.__retarget_lock_acquire_recursive
                0x0800b452        0x2 C:/ST/STM32CubeIDE_1.15.0/STM32CubeIDE/plugins/com.st.stm32cube.ide.mcu.externaltools.gnu-tools-for-stm32.12.3.rel1.win32_1.0.100.202403111256/tools/bin/../lib/gcc/arm-none-eabi/12.3.1/../../../../arm-none-eabi/lib/thumb/v7e-m+fp/hard\libc_nano.a(libc_a-lock.o)
                0x0800b452                __retarget_lock_acquire_recursive
 .text.__retarget_lock_release_recursive
                0x0800b454        0x2 C:/ST/STM32CubeIDE_1.15.0/STM32CubeIDE/plugins/com.st.stm32cube.ide.mcu.externaltools.gnu-tools-for-stm32.12.3.rel1.win32_1.0.100.202403111256/tools/bin/../lib/gcc/arm-none-eabi/12.3.1/../../../../arm-none-eabi/lib/thumb/v7e-m+fp/hard\libc_nano.a(libc_a-lock.o)
                0x0800b454                __retarget_lock_release_recursive
 .text.strcpy   0x0800b456       0x10 C:/ST/STM32CubeIDE_1.15.0/STM32CubeIDE/plugins/com.st.stm32cube.ide.mcu.externaltools.gnu-tools-for-stm32.12.3.rel1.win32_1.0.100.202403111256/tools/bin/../lib/gcc/arm-none-eabi/12.3.1/../../../../arm-none-eabi/lib/thumb/v7e-m+fp/hard\libc_nano.a(libc_a-strcpy.o)
                0x0800b456                strcpy
 .text.memcpy   0x0800b466       0x1c C:/ST/STM32CubeIDE_1.15.0/STM32CubeIDE/plugins/com.st.stm32cube.ide.mcu.externaltools.gnu-tools-for-stm32.12.3.rel1.win32_1.0.100.202403111256/tools/bin/../lib/gcc/arm-none-eabi/12.3.1/../../../../arm-none-eabi/lib/thumb/v7e-m+fp/hard\libc_nano.a(libc_a-memcpy-stub.o)
                0x0800b466                memcpy
 *fill*         0x0800b482        0x6 
 .text.nan      0x0800b488       0x10 C:/ST/STM32CubeIDE_1.15.0/STM32CubeIDE/plugins/com.st.stm32cube.ide.mcu.externaltools.gnu-tools-for-stm32.12.3.rel1.win32_1.0.100.202403111256/tools/bin/../lib/gcc/arm-none-eabi/12.3.1/../../../../arm-none-eabi/lib/thumb/v7e-m+fp/hard\libc_nano.a(libm_a-s_nan.o)
                0x0800b488                nan
 .text.nanf     0x0800b498        0xc C:/ST/STM32CubeIDE_1.15.0/STM32CubeIDE/plugins/com.st.stm32cube.ide.mcu.externaltools.gnu-tools-for-stm32.12.3.rel1.win32_1.0.100.202403111256/tools/bin/../lib/gcc/arm-none-eabi/12.3.1/../../../../arm-none-eabi/lib/thumb/v7e-m+fp/hard\libc_nano.a(libm_a-sf_nan.o)
                0x0800b498                nanf
 .text.quorem   0x0800b4a4      0x110 C:/ST/STM32CubeIDE_1.15.0/STM32CubeIDE/plugins/com.st.stm32cube.ide.mcu.externaltools.gnu-tools-for-stm32.12.3.rel1.win32_1.0.100.202403111256/tools/bin/../lib/gcc/arm-none-eabi/12.3.1/../../../../arm-none-eabi/lib/thumb/v7e-m+fp/hard\libc_nano.a(libc_a-dtoa.o)
 *fill*         0x0800b5b4        0x4 
 .text._dtoa_r  0x0800b5b8      0xb88 C:/ST/STM32CubeIDE_1.15.0/STM32CubeIDE/plugins/com.st.stm32cube.ide.mcu.externaltools.gnu-tools-for-stm32.12.3.rel1.win32_1.0.100.202403111256/tools/bin/../lib/gcc/arm-none-eabi/12.3.1/../../../../arm-none-eabi/lib/thumb/v7e-m+fp/hard\libc_nano.a(libc_a-dtoa.o)
                0x0800b5b8                _dtoa_r
 .text._free_r  0x0800c140       0x94 C:/ST/STM32CubeIDE_1.15.0/STM32CubeIDE/plugins/com.st.stm32cube.ide.mcu.externaltools.gnu-tools-for-stm32.12.3.rel1.win32_1.0.100.202403111256/tools/bin/../lib/gcc/arm-none-eabi/12.3.1/../../../../arm-none-eabi/lib/thumb/v7e-m+fp/hard\libc_nano.a(libc_a-freer.o)
                0x0800c140                _free_r
 .text.rshift   0x0800c1d4       0xa4 C:/ST/STM32CubeIDE_1.15.0/STM32CubeIDE/plugins/com.st.stm32cube.ide.mcu.externaltools.gnu-tools-for-stm32.12.3.rel1.win32_1.0.100.202403111256/tools/bin/../lib/gcc/arm-none-eabi/12.3.1/../../../../arm-none-eabi/lib/thumb/v7e-m+fp/hard\libc_nano.a(libc_a-gdtoa-gethex.o)
 .text.__hexdig_fun
                0x0800c278       0x2a C:/ST/STM32CubeIDE_1.15.0/STM32CubeIDE/plugins/com.st.stm32cube.ide.mcu.externaltools.gnu-tools-for-stm32.12.3.rel1.win32_1.0.100.202403111256/tools/bin/../lib/gcc/arm-none-eabi/12.3.1/../../../../arm-none-eabi/lib/thumb/v7e-m+fp/hard\libc_nano.a(libc_a-gdtoa-gethex.o)
                0x0800c278                __hexdig_fun
 *fill*         0x0800c2a2        0x2 
 .text.__gethex
                0x0800c2a4      0x420 C:/ST/STM32CubeIDE_1.15.0/STM32CubeIDE/plugins/com.st.stm32cube.ide.mcu.externaltools.gnu-tools-for-stm32.12.3.rel1.win32_1.0.100.202403111256/tools/bin/../lib/gcc/arm-none-eabi/12.3.1/../../../../arm-none-eabi/lib/thumb/v7e-m+fp/hard\libc_nano.a(libc_a-gdtoa-gethex.o)
                0x0800c2a4                __gethex
 .text.L_shift  0x0800c6c4       0x24 C:/ST/STM32CubeIDE_1.15.0/STM32CubeIDE/plugins/com.st.stm32cube.ide.mcu.externaltools.gnu-tools-for-stm32.12.3.rel1.win32_1.0.100.202403111256/tools/bin/../lib/gcc/arm-none-eabi/12.3.1/../../../../arm-none-eabi/lib/thumb/v7e-m+fp/hard\libc_nano.a(libc_a-gdtoa-hexnan.o)
 .text.__match  0x0800c6e8       0x28 C:/ST/STM32CubeIDE_1.15.0/STM32CubeIDE/plugins/com.st.stm32cube.ide.mcu.externaltools.gnu-tools-for-stm32.12.3.rel1.win32_1.0.100.202403111256/tools/bin/../lib/gcc/arm-none-eabi/12.3.1/../../../../arm-none-eabi/lib/thumb/v7e-m+fp/hard\libc_nano.a(libc_a-gdtoa-hexnan.o)
                0x0800c6e8                __match
 .text.__hexnan
                0x0800c710      0x136 C:/ST/STM32CubeIDE_1.15.0/STM32CubeIDE/plugins/com.st.stm32cube.ide.mcu.externaltools.gnu-tools-for-stm32.12.3.rel1.win32_1.0.100.202403111256/tools/bin/../lib/gcc/arm-none-eabi/12.3.1/../../../../arm-none-eabi/lib/thumb/v7e-m+fp/hard\libc_nano.a(libc_a-gdtoa-hexnan.o)
                0x0800c710                __hexnan
 *fill*         0x0800c846        0x2 
 .text.malloc   0x0800c848       0x10 C:/ST/STM32CubeIDE_1.15.0/STM32CubeIDE/plugins/com.st.stm32cube.ide.mcu.externaltools.gnu-tools-for-stm32.12.3.rel1.win32_1.0.100.202403111256/tools/bin/../lib/gcc/arm-none-eabi/12.3.1/../../../../arm-none-eabi/lib/thumb/v7e-m+fp/hard\libc_nano.a(libc_a-malloc.o)
                0x0800c848                malloc
 .text.sbrk_aligned
                0x0800c858       0x44 C:/ST/STM32CubeIDE_1.15.0/STM32CubeIDE/plugins/com.st.stm32cube.ide.mcu.externaltools.gnu-tools-for-stm32.12.3.rel1.win32_1.0.100.202403111256/tools/bin/../lib/gcc/arm-none-eabi/12.3.1/../../../../arm-none-eabi/lib/thumb/v7e-m+fp/hard\libc_nano.a(libc_a-mallocr.o)
 .text._malloc_r
                0x0800c89c      0x100 C:/ST/STM32CubeIDE_1.15.0/STM32CubeIDE/plugins/com.st.stm32cube.ide.mcu.externaltools.gnu-tools-for-stm32.12.3.rel1.win32_1.0.100.202403111256/tools/bin/../lib/gcc/arm-none-eabi/12.3.1/../../../../arm-none-eabi/lib/thumb/v7e-m+fp/hard\libc_nano.a(libc_a-mallocr.o)
                0x0800c89c                _malloc_r
 .text.__ascii_mbtowc
                0x0800c99c       0x24 C:/ST/STM32CubeIDE_1.15.0/STM32CubeIDE/plugins/com.st.stm32cube.ide.mcu.externaltools.gnu-tools-for-stm32.12.3.rel1.win32_1.0.100.202403111256/tools/bin/../lib/gcc/arm-none-eabi/12.3.1/../../../../arm-none-eabi/lib/thumb/v7e-m+fp/hard\libc_nano.a(libc_a-mbtowc_r.o)
                0x0800c99c                __ascii_mbtowc
 .text.__malloc_lock
                0x0800c9c0        0xc C:/ST/STM32CubeIDE_1.15.0/STM32CubeIDE/plugins/com.st.stm32cube.ide.mcu.externaltools.gnu-tools-for-stm32.12.3.rel1.win32_1.0.100.202403111256/tools/bin/../lib/gcc/arm-none-eabi/12.3.1/../../../../arm-none-eabi/lib/thumb/v7e-m+fp/hard\libc_nano.a(libc_a-mlock.o)
                0x0800c9c0                __malloc_lock
 .text.__malloc_unlock
                0x0800c9cc        0xc C:/ST/STM32CubeIDE_1.15.0/STM32CubeIDE/plugins/com.st.stm32cube.ide.mcu.externaltools.gnu-tools-for-stm32.12.3.rel1.win32_1.0.100.202403111256/tools/bin/../lib/gcc/arm-none-eabi/12.3.1/../../../../arm-none-eabi/lib/thumb/v7e-m+fp/hard\libc_nano.a(libc_a-mlock.o)
                0x0800c9cc                __malloc_unlock
 .text._Balloc  0x0800c9d8       0x80 C:/ST/STM32CubeIDE_1.15.0/STM32CubeIDE/plugins/com.st.stm32cube.ide.mcu.externaltools.gnu-tools-for-stm32.12.3.rel1.win32_1.0.100.202403111256/tools/bin/../lib/gcc/arm-none-eabi/12.3.1/../../../../arm-none-eabi/lib/thumb/v7e-m+fp/hard\libc_nano.a(libc_a-mprec.o)
                0x0800c9d8                _Balloc
 .text._Bfree   0x0800ca58       0x44 C:/ST/STM32CubeIDE_1.15.0/STM32CubeIDE/plugins/com.st.stm32cube.ide.mcu.externaltools.gnu-tools-for-stm32.12.3.rel1.win32_1.0.100.202403111256/tools/bin/../lib/gcc/arm-none-eabi/12.3.1/../../../../arm-none-eabi/lib/thumb/v7e-m+fp/hard\libc_nano.a(libc_a-mprec.o)
                0x0800ca58                _Bfree
 .text.__multadd
                0x0800ca9c       0x8c C:/ST/STM32CubeIDE_1.15.0/STM32CubeIDE/plugins/com.st.stm32cube.ide.mcu.externaltools.gnu-tools-for-stm32.12.3.rel1.win32_1.0.100.202403111256/tools/bin/../lib/gcc/arm-none-eabi/12.3.1/../../../../arm-none-eabi/lib/thumb/v7e-m+fp/hard\libc_nano.a(libc_a-mprec.o)
                0x0800ca9c                __multadd
 .text.__s2b    0x0800cb28       0x94 C:/ST/STM32CubeIDE_1.15.0/STM32CubeIDE/plugins/com.st.stm32cube.ide.mcu.externaltools.gnu-tools-for-stm32.12.3.rel1.win32_1.0.100.202403111256/tools/bin/../lib/gcc/arm-none-eabi/12.3.1/../../../../arm-none-eabi/lib/thumb/v7e-m+fp/hard\libc_nano.a(libc_a-mprec.o)
                0x0800cb28                __s2b
 .text.__hi0bits
                0x0800cbbc       0x3e C:/ST/STM32CubeIDE_1.15.0/STM32CubeIDE/plugins/com.st.stm32cube.ide.mcu.externaltools.gnu-tools-for-stm32.12.3.rel1.win32_1.0.100.202403111256/tools/bin/../lib/gcc/arm-none-eabi/12.3.1/../../../../arm-none-eabi/lib/thumb/v7e-m+fp/hard\libc_nano.a(libc_a-mprec.o)
                0x0800cbbc                __hi0bits
 .text.__lo0bits
                0x0800cbfa       0x5a C:/ST/STM32CubeIDE_1.15.0/STM32CubeIDE/plugins/com.st.stm32cube.ide.mcu.externaltools.gnu-tools-for-stm32.12.3.rel1.win32_1.0.100.202403111256/tools/bin/../lib/gcc/arm-none-eabi/12.3.1/../../../../arm-none-eabi/lib/thumb/v7e-m+fp/hard\libc_nano.a(libc_a-mprec.o)
                0x0800cbfa                __lo0bits
 .text.__i2b    0x0800cc54       0x2c C:/ST/STM32CubeIDE_1.15.0/STM32CubeIDE/plugins/com.st.stm32cube.ide.mcu.externaltools.gnu-tools-for-stm32.12.3.rel1.win32_1.0.100.202403111256/tools/bin/../lib/gcc/arm-none-eabi/12.3.1/../../../../arm-none-eabi/lib/thumb/v7e-m+fp/hard\libc_nano.a(libc_a-mprec.o)
                0x0800cc54                __i2b
 .text.__multiply
                0x0800cc80      0x154 C:/ST/STM32CubeIDE_1.15.0/STM32CubeIDE/plugins/com.st.stm32cube.ide.mcu.externaltools.gnu-tools-for-stm32.12.3.rel1.win32_1.0.100.202403111256/tools/bin/../lib/gcc/arm-none-eabi/12.3.1/../../../../arm-none-eabi/lib/thumb/v7e-m+fp/hard\libc_nano.a(libc_a-mprec.o)
                0x0800cc80                __multiply
 .text.__pow5mult
                0x0800cdd4       0xb4 C:/ST/STM32CubeIDE_1.15.0/STM32CubeIDE/plugins/com.st.stm32cube.ide.mcu.externaltools.gnu-tools-for-stm32.12.3.rel1.win32_1.0.100.202403111256/tools/bin/../lib/gcc/arm-none-eabi/12.3.1/../../../../arm-none-eabi/lib/thumb/v7e-m+fp/hard\libc_nano.a(libc_a-mprec.o)
                0x0800cdd4                __pow5mult
 .text.__lshift
                0x0800ce88       0xd8 C:/ST/STM32CubeIDE_1.15.0/STM32CubeIDE/plugins/com.st.stm32cube.ide.mcu.externaltools.gnu-tools-for-stm32.12.3.rel1.win32_1.0.100.202403111256/tools/bin/../lib/gcc/arm-none-eabi/12.3.1/../../../../arm-none-eabi/lib/thumb/v7e-m+fp/hard\libc_nano.a(libc_a-mprec.o)
                0x0800ce88                __lshift
 .text.__mcmp   0x0800cf60       0x36 C:/ST/STM32CubeIDE_1.15.0/STM32CubeIDE/plugins/com.st.stm32cube.ide.mcu.externaltools.gnu-tools-for-stm32.12.3.rel1.win32_1.0.100.202403111256/tools/bin/../lib/gcc/arm-none-eabi/12.3.1/../../../../arm-none-eabi/lib/thumb/v7e-m+fp/hard\libc_nano.a(libc_a-mprec.o)
                0x0800cf60                __mcmp
 *fill*         0x0800cf96        0x2 
 .text.__mdiff  0x0800cf98      0x128 C:/ST/STM32CubeIDE_1.15.0/STM32CubeIDE/plugins/com.st.stm32cube.ide.mcu.externaltools.gnu-tools-for-stm32.12.3.rel1.win32_1.0.100.202403111256/tools/bin/../lib/gcc/arm-none-eabi/12.3.1/../../../../arm-none-eabi/lib/thumb/v7e-m+fp/hard\libc_nano.a(libc_a-mprec.o)
                0x0800cf98                __mdiff
 .text.__ulp    0x0800d0c0       0x4c C:/ST/STM32CubeIDE_1.15.0/STM32CubeIDE/plugins/com.st.stm32cube.ide.mcu.externaltools.gnu-tools-for-stm32.12.3.rel1.win32_1.0.100.202403111256/tools/bin/../lib/gcc/arm-none-eabi/12.3.1/../../../../arm-none-eabi/lib/thumb/v7e-m+fp/hard\libc_nano.a(libc_a-mprec.o)
                0x0800d0c0                __ulp
 .text.__b2d    0x0800d10c       0x94 C:/ST/STM32CubeIDE_1.15.0/STM32CubeIDE/plugins/com.st.stm32cube.ide.mcu.externaltools.gnu-tools-for-stm32.12.3.rel1.win32_1.0.100.202403111256/tools/bin/../lib/gcc/arm-none-eabi/12.3.1/../../../../arm-none-eabi/lib/thumb/v7e-m+fp/hard\libc_nano.a(libc_a-mprec.o)
                0x0800d10c                __b2d
 .text.__d2b    0x0800d1a0       0xb0 C:/ST/STM32CubeIDE_1.15.0/STM32CubeIDE/plugins/com.st.stm32cube.ide.mcu.externaltools.gnu-tools-for-stm32.12.3.rel1.win32_1.0.100.202403111256/tools/bin/../lib/gcc/arm-none-eabi/12.3.1/../../../../arm-none-eabi/lib/thumb/v7e-m+fp/hard\libc_nano.a(libc_a-mprec.o)
                0x0800d1a0                __d2b
 .text.__ratio  0x0800d250       0x64 C:/ST/STM32CubeIDE_1.15.0/STM32CubeIDE/plugins/com.st.stm32cube.ide.mcu.externaltools.gnu-tools-for-stm32.12.3.rel1.win32_1.0.100.202403111256/tools/bin/../lib/gcc/arm-none-eabi/12.3.1/../../../../arm-none-eabi/lib/thumb/v7e-m+fp/hard\libc_nano.a(libc_a-mprec.o)
                0x0800d250                __ratio
 .text.__copybits
                0x0800d2b4       0x46 C:/ST/STM32CubeIDE_1.15.0/STM32CubeIDE/plugins/com.st.stm32cube.ide.mcu.externaltools.gnu-tools-for-stm32.12.3.rel1.win32_1.0.100.202403111256/tools/bin/../lib/gcc/arm-none-eabi/12.3.1/../../../../arm-none-eabi/lib/thumb/v7e-m+fp/hard\libc_nano.a(libc_a-mprec.o)
                0x0800d2b4                __copybits
 .text.__any_on
                0x0800d2fa       0x42 C:/ST/STM32CubeIDE_1.15.0/STM32CubeIDE/plugins/com.st.stm32cube.ide.mcu.externaltools.gnu-tools-for-stm32.12.3.rel1.win32_1.0.100.202403111256/tools/bin/../lib/gcc/arm-none-eabi/12.3.1/../../../../arm-none-eabi/lib/thumb/v7e-m+fp/hard\libc_nano.a(libc_a-mprec.o)
                0x0800d2fa                __any_on
 .text.__ascii_wctomb
                0x0800d33c       0x1a C:/ST/STM32CubeIDE_1.15.0/STM32CubeIDE/plugins/com.st.stm32cube.ide.mcu.externaltools.gnu-tools-for-stm32.12.3.rel1.win32_1.0.100.202403111256/tools/bin/../lib/gcc/arm-none-eabi/12.3.1/../../../../arm-none-eabi/lib/thumb/v7e-m+fp/hard\libc_nano.a(libc_a-wctomb_r.o)
                0x0800d33c                __ascii_wctomb
 .text.__ssputs_r
                0x0800d356       0xb6 C:/ST/STM32CubeIDE_1.15.0/STM32CubeIDE/plugins/com.st.stm32cube.ide.mcu.externaltools.gnu-tools-for-stm32.12.3.rel1.win32_1.0.100.202403111256/tools/bin/../lib/gcc/arm-none-eabi/12.3.1/../../../../arm-none-eabi/lib/thumb/v7e-m+fp/hard\libc_nano.a(libc_a-nano-svfprintf.o)
                0x0800d356                __ssputs_r
 .text._svfprintf_r
                0x0800d40c      0x1f8 C:/ST/STM32CubeIDE_1.15.0/STM32CubeIDE/plugins/com.st.stm32cube.ide.mcu.externaltools.gnu-tools-for-stm32.12.3.rel1.win32_1.0.100.202403111256/tools/bin/../lib/gcc/arm-none-eabi/12.3.1/../../../../arm-none-eabi/lib/thumb/v7e-m+fp/hard\libc_nano.a(libc_a-nano-svfprintf.o)
                0x0800d40c                _svfiprintf_r
                0x0800d40c                _svfprintf_r
 .text.__sflush_r
                0x0800d604      0x108 C:/ST/STM32CubeIDE_1.15.0/STM32CubeIDE/plugins/com.st.stm32cube.ide.mcu.externaltools.gnu-tools-for-stm32.12.3.rel1.win32_1.0.100.202403111256/tools/bin/../lib/gcc/arm-none-eabi/12.3.1/../../../../arm-none-eabi/lib/thumb/v7e-m+fp/hard\libc_nano.a(libc_a-fflush.o)
                0x0800d604                __sflush_r
 .text._fflush_r
                0x0800d70c       0x50 C:/ST/STM32CubeIDE_1.15.0/STM32CubeIDE/plugins/com.st.stm32cube.ide.mcu.externaltools.gnu-tools-for-stm32.12.3.rel1.win32_1.0.100.202403111256/tools/bin/../lib/gcc/arm-none-eabi/12.3.1/../../../../arm-none-eabi/lib/thumb/v7e-m+fp/hard\libc_nano.a(libc_a-fflush.o)
                0x0800d70c                _fflush_r
 .text.memmove  0x0800d75c       0x34 C:/ST/STM32CubeIDE_1.15.0/STM32CubeIDE/plugins/com.st.stm32cube.ide.mcu.externaltools.gnu-tools-for-stm32.12.3.rel1.win32_1.0.100.202403111256/tools/bin/../lib/gcc/arm-none-eabi/12.3.1/../../../../arm-none-eabi/lib/thumb/v7e-m+fp/hard\libc_nano.a(libc_a-memmove.o)
                0x0800d75c                memmove