../App/ap/control.c:489:6:cliControl	120	static
../App/ap/control.c:73:6:controlInit	16	static
../App/ap/control.c:87:6:lcdUpdate	32	static
../App/ap/control.c:116:10:dacAvailableForWrite	8	static
../App/ap/control.c:132:6:controlUserFunc	0	static
../App/ap/control.c:146:6:controlDacUpdate	48	static
../App/ap/control.c:186:6:controlMotorUpdate	24	static
../App/ap/control.c:227:6:controlUartUpdate	32	static
../App/ap/control.c:127:6:controlMain	8	static
../App/ap/control.c:239:6:controlAdcCalibration	56	static
../App/ap/control.c:297:6:HAL_ADC_ConvCpltCallback	16	static
../App/ap/control.c:309:6:adcVrms1UpadateProc	0	static
../App/ap/control.c:345:6:adcVrms2UpadateProc	0	static
../App/ap/control.c:381:6:adcVrms3UpadateProc	0	static
../App/ap/control.c:417:6:adcVrms4UpadateProc	0	static
../App/ap/control.c:453:6:adcIrms1UpadateProc	0	static
../App/ap/control.c:137:6:controlAdcUpdate	8	static
../App/ap/control.c:278:6:controlInterruptHandler	8	static
../App/ap/control.c:286:6:HAL_TIM_PeriodElapsedCallback	8	static
