../App/ap/src/sequence.c:224:6:vrms1Upadate	0	static
../App/ap/src/sequence.c:260:6:vrms2Upadate	0	static
../App/ap/src/sequence.c:296:6:vrms3Upadate	0	static
../App/ap/src/sequence.c:332:6:vrms4Upadate	0	static
../App/ap/src/sequence.c:368:6:irms1Upadate	0	static
../App/ap/src/sequence.c:117:6:sequenceRmsUpdate	8	static
../App/ap/src/sequence.c:447:6:cliSequence	128	static
../App/ap/src/sequence.c:180:6:sequenceMotorUpdate	24	static
../App/ap/src/sequence.c:104:6:sequenceTestPinToggle	8	static
../App/ap/src/sequence.c:92:6:HAL_ADC_ConvCpltCallback	16	static
../App/ap/src/sequence.c:126:10:dacAvailableForWrite	8	static
../App/ap/src/sequence.c:137:6:sequenceDacUpdate	40	static
../App/ap/src/sequence.c:72:6:sequenceInterruptHandler	8	static
../App/ap/src/sequence.c:80:6:HAL_TIM_PeriodElapsedCallback	8	static
../App/ap/src/sequence.c:408:6:sequenceCalibration	56	static
../App/ap/src/sequence.c:56:6:sequenceInit	16	static
