../App/ap/src/sequence.c:249:6:vrms1Upadate	0	static
../App/ap/src/sequence.c:285:6:vrms2Upadate	0	static
../App/ap/src/sequence.c:321:6:vrms3Upadate	0	static
../App/ap/src/sequence.c:357:6:vrms4Upadate	0	static
../App/ap/src/sequence.c:393:6:irms1Upadate	0	static
../App/ap/src/sequence.c:125:6:sequenceRmsUpdate	8	static
../App/ap/src/sequence.c:469:6:cliSequence	128	static
../App/ap/src/sequence.c:205:6:sequenceMotorUpdate	24	static
../App/ap/src/sequence.c:100:6:HAL_ADC_ConvCpltCallback	16	static
../App/ap/src/sequence.c:134:10:dacAvailableForWrite	8	static
../App/ap/src/sequence.c:145:6:sequenceDacUpdate	56	static
../App/ap/src/sequence.c:78:6:sequenceInterruptHandler	8	static
../App/ap/src/sequence.c:88:6:HAL_TIM_PeriodElapsedCallback	8	static
../App/ap/src/sequence.c:430:6:sequenceCalibration	56	static
../App/ap/src/sequence.c:60:6:sequenceInit	16	static
