Archive member included to satisfy reference by file (symbol)

C:/ST/STM32CubeIDE_1.15.0/STM32CubeIDE/plugins/com.st.stm32cube.ide.mcu.externaltools.gnu-tools-for-stm32.12.3.rel1.win32_1.0.100.202403111256/tools/bin/../lib/gcc/arm-none-eabi/12.3.1/../../../../arm-none-eabi/lib/thumb/v7e-m+fp/hard\libc_nano.a(libc_a-exit.o)
                              C:/ST/STM32CubeIDE_1.15.0/STM32CubeIDE/plugins/com.st.stm32cube.ide.mcu.externaltools.gnu-tools-for-stm32.12.3.rel1.win32_1.0.100.202403111256/tools/bin/../lib/gcc/arm-none-eabi/12.3.1/../../../../arm-none-eabi/lib/thumb/v7e-m+fp/hard/crt0.o (exit)
C:/ST/STM32CubeIDE_1.15.0/STM32CubeIDE/plugins/com.st.stm32cube.ide.mcu.externaltools.gnu-tools-for-stm32.12.3.rel1.win32_1.0.100.202403111256/tools/bin/../lib/gcc/arm-none-eabi/12.3.1/../../../../arm-none-eabi/lib/thumb/v7e-m+fp/hard\libc_nano.a(libc_a-strtod.o)
                              ./Core/Src/cli.o (strtof)
C:/ST/STM32CubeIDE_1.15.0/STM32CubeIDE/plugins/com.st.stm32cube.ide.mcu.externaltools.gnu-tools-for-stm32.12.3.rel1.win32_1.0.100.202403111256/tools/bin/../lib/gcc/arm-none-eabi/12.3.1/../../../../arm-none-eabi/lib/thumb/v7e-m+fp/hard\libc_nano.a(libc_a-strtoul.o)
                              ./Core/Src/cli.o (strtoul)
C:/ST/STM32CubeIDE_1.15.0/STM32CubeIDE/plugins/com.st.stm32cube.ide.mcu.externaltools.gnu-tools-for-stm32.12.3.rel1.win32_1.0.100.202403111256/tools/bin/../lib/gcc/arm-none-eabi/12.3.1/../../../../arm-none-eabi/lib/thumb/v7e-m+fp/hard\libc_nano.a(libc_a-ctype_.o)
                              C:/ST/STM32CubeIDE_1.15.0/STM32CubeIDE/plugins/com.st.stm32cube.ide.mcu.externaltools.gnu-tools-for-stm32.12.3.rel1.win32_1.0.100.202403111256/tools/bin/../lib/gcc/arm-none-eabi/12.3.1/../../../../arm-none-eabi/lib/thumb/v7e-m+fp/hard\libc_nano.a(libc_a-strtoul.o) (_ctype_)
C:/ST/STM32CubeIDE_1.15.0/STM32CubeIDE/plugins/com.st.stm32cube.ide.mcu.externaltools.gnu-tools-for-stm32.12.3.rel1.win32_1.0.100.202403111256/tools/bin/../lib/gcc/arm-none-eabi/12.3.1/../../../../arm-none-eabi/lib/thumb/v7e-m+fp/hard\libc_nano.a(libc_a-nano-vfprintf_float.o)
                              (_printf_float)
C:/ST/STM32CubeIDE_1.15.0/STM32CubeIDE/plugins/com.st.stm32cube.ide.mcu.externaltools.gnu-tools-for-stm32.12.3.rel1.win32_1.0.100.202403111256/tools/bin/../lib/gcc/arm-none-eabi/12.3.1/../../../../arm-none-eabi/lib/thumb/v7e-m+fp/hard\libc_nano.a(libc_a-nano-vfprintf_i.o)
                              C:/ST/STM32CubeIDE_1.15.0/STM32CubeIDE/plugins/com.st.stm32cube.ide.mcu.externaltools.gnu-tools-for-stm32.12.3.rel1.win32_1.0.100.202403111256/tools/bin/../lib/gcc/arm-none-eabi/12.3.1/../../../../arm-none-eabi/lib/thumb/v7e-m+fp/hard\libc_nano.a(libc_a-nano-vfprintf_float.o) (_printf_common)
C:/ST/STM32CubeIDE_1.15.0/STM32CubeIDE/plugins/com.st.stm32cube.ide.mcu.externaltools.gnu-tools-for-stm32.12.3.rel1.win32_1.0.100.202403111256/tools/bin/../lib/gcc/arm-none-eabi/12.3.1/../../../../arm-none-eabi/lib/thumb/v7e-m+fp/hard\libc_nano.a(libc_a-findfp.o)
                              C:/ST/STM32CubeIDE_1.15.0/STM32CubeIDE/plugins/com.st.stm32cube.ide.mcu.externaltools.gnu-tools-for-stm32.12.3.rel1.win32_1.0.100.202403111256/tools/bin/../lib/gcc/arm-none-eabi/12.3.1/../../../../arm-none-eabi/lib/thumb/v7e-m+fp/hard\libc_nano.a(libc_a-exit.o) (__stdio_exit_handler)
C:/ST/STM32CubeIDE_1.15.0/STM32CubeIDE/plugins/com.st.stm32cube.ide.mcu.externaltools.gnu-tools-for-stm32.12.3.rel1.win32_1.0.100.202403111256/tools/bin/../lib/gcc/arm-none-eabi/12.3.1/../../../../arm-none-eabi/lib/thumb/v7e-m+fp/hard\libc_nano.a(libc_a-fwalk.o)
                              C:/ST/STM32CubeIDE_1.15.0/STM32CubeIDE/plugins/com.st.stm32cube.ide.mcu.externaltools.gnu-tools-for-stm32.12.3.rel1.win32_1.0.100.202403111256/tools/bin/../lib/gcc/arm-none-eabi/12.3.1/../../../../arm-none-eabi/lib/thumb/v7e-m+fp/hard\libc_nano.a(libc_a-findfp.o) (_fwalk_sglue)
C:/ST/STM32CubeIDE_1.15.0/STM32CubeIDE/plugins/com.st.stm32cube.ide.mcu.externaltools.gnu-tools-for-stm32.12.3.rel1.win32_1.0.100.202403111256/tools/bin/../lib/gcc/arm-none-eabi/12.3.1/../../../../arm-none-eabi/lib/thumb/v7e-m+fp/hard\libc_nano.a(libc_a-stdio.o)
                              C:/ST/STM32CubeIDE_1.15.0/STM32CubeIDE/plugins/com.st.stm32cube.ide.mcu.externaltools.gnu-tools-for-stm32.12.3.rel1.win32_1.0.100.202403111256/tools/bin/../lib/gcc/arm-none-eabi/12.3.1/../../../../arm-none-eabi/lib/thumb/v7e-m+fp/hard\libc_nano.a(libc_a-findfp.o) (__sread)
C:/ST/STM32CubeIDE_1.15.0/STM32CubeIDE/plugins/com.st.stm32cube.ide.mcu.externaltools.gnu-tools-for-stm32.12.3.rel1.win32_1.0.100.202403111256/tools/bin/../lib/gcc/arm-none-eabi/12.3.1/../../../../arm-none-eabi/lib/thumb/v7e-m+fp/hard\libc_nano.a(libc_a-vsnprintf.o)
                              ./App/hw/driver/lcd.o (vsnprintf)
[...]
Memory Configuration

Name             Origin             Length             Attributes
RAM              0x20000000         0x00020000         xrw
FLASH            0x08000000         0x00020000         xr
*default*        0x00000000         0xffffffff

Linker script and memory map

LOAD C:/ST/STM32CubeIDE_1.15.0/STM32CubeIDE/plugins/com.st.stm32cube.ide.mcu.externaltools.gnu-tools-for-stm32.12.3.rel1.win32_1.0.100.202403111256/tools/bin/../lib/gcc/arm-none-eabi/12.3.1/thumb/v7e-m+fp/hard/crti.o
LOAD C:/ST/STM32CubeIDE_1.15.0/STM32CubeIDE/plugins/com.st.stm32cube.ide.mcu.externaltools.gnu-tools-for-stm32.12.3.rel1.win32_1.0.100.202403111256/tools/bin/../lib/gcc/arm-none-eabi/12.3.1/thumb/v7e-m+fp/hard/crtbegin.o
LOAD C:/ST/STM32CubeIDE_1.15.0/STM32CubeIDE/plugins/com.st.stm32cube.ide.mcu.externaltools.gnu-tools-for-stm32.12.3.rel1.win32_1.0.100.202403111256/tools/bin/../lib/gcc/arm-none-eabi/12.3.1/../../../../arm-none-eabi/lib/thumb/v7e-m+fp/hard/crt0.o
LOAD ./App/ap/src/ap.o
LOAD ./App/ap/src/control.o
LOAD ./App/ap/src/monitor.o
LOAD ./App/ap/src/sequence.o
LOAD ./App/bsp/bsp.o
LOAD ./App/common/core/qbuffer.o
LOAD ./App/hw/driver/adc.o
LOAD ./App/hw/driver/dac.o
LOAD ./App/hw/driver/i2c.o
LOAD ./App/hw/driver/lcd.o
LOAD ./App/hw/driver/resize.o
LOAD ./App/hw/driver/uart.o
LOAD ./App/hw/driver/hangul/han.o
LOAD ./App/hw/driver/lcd/lcd_fonts.o
LOAD ./App/hw/driver/lcd/ssd1306.o
LOAD ./App/hw/hw.o
LOAD ./Core/Src/adc.o
LOAD ./Core/Src/cli.o
LOAD ./Core/Src/dac.o
LOAD ./Core/Src/dma.o
LOAD ./Core/Src/gpio.o
LOAD ./Core/Src/i2c.o
LOAD ./Core/Src/log.o
LOAD ./Core/Src/main.o
LOAD ./Core/Src/stm32g4xx_hal_msp.o
LOAD ./Core/Src/stm32g4xx_it.o
LOAD ./Core/Src/syscalls.o
LOAD ./Core/Src/sysmem.o
LOAD ./Core/Src/system_stm32g4xx.o
LOAD ./Core/Src/tim.o
LOAD ./Core/Src/usart.o
LOAD ./Core/Startup/startup_stm32g473cbtx.o
LOAD ./Drivers/STM32G4xx_HAL_Driver/Src/stm32g4xx_hal.o
LOAD ./Drivers/STM32G4xx_HAL_Driver/Src/stm32g4xx_hal_adc.o
LOAD ./Drivers/STM32G4xx_HAL_Driver/Src/stm32g4xx_hal_adc_ex.o
LOAD ./Drivers/STM32G4xx_HAL_Driver/Src/stm32g4xx_hal_cortex.o
LOAD ./Drivers/STM32G4xx_HAL_Driver/Src/stm32g4xx_hal_dac.o
LOAD ./Drivers/STM32G4xx_HAL_Driver/Src/stm32g4xx_hal_dac_ex.o
LOAD ./Drivers/STM32G4xx_HAL_Driver/Src/stm32g4xx_hal_dma.o
LOAD ./Drivers/STM32G4xx_HAL_Driver/Src/stm32g4xx_hal_dma_ex.o
LOAD ./Drivers/STM32G4xx_HAL_Driver/Src/stm32g4xx_hal_exti.o
LOAD ./Drivers/STM32G4xx_HAL_Driver/Src/stm32g4xx_hal_flash.o
LOAD ./Drivers/STM32G4xx_HAL_Driver/Src/stm32g4xx_hal_flash_ex.o
LOAD ./Drivers/STM32G4xx_HAL_Driver/Src/stm32g4xx_hal_flash_ramfunc.o
LOAD ./Drivers/STM32G4xx_HAL_Driver/Src/stm32g4xx_hal_gpio.o
LOAD ./Drivers/STM32G4xx_HAL_Driver/Src/stm32g4xx_hal_i2c.o
LOAD ./Drivers/STM32G4xx_HAL_Driver/Src/stm32g4xx_hal_i2c_ex.o
LOAD ./Drivers/STM32G4xx_HAL_Driver/Src/stm32g4xx_hal_pwr.o
LOAD ./Drivers/STM32G4xx_HAL_Driver/Src/stm32g4xx_hal_pwr_ex.o
LOAD ./Drivers/STM32G4xx_HAL_Driver/Src/stm32g4xx_hal_rcc.o
LOAD ./Drivers/STM32G4xx_HAL_Driver/Src/stm32g4xx_hal_rcc_ex.o
LOAD ./Drivers/STM32G4xx_HAL_Driver/Src/stm32g4xx_hal_tim.o
LOAD ./Drivers/STM32G4xx_HAL_Driver/Src/stm32g4xx_hal_tim_ex.o
LOAD ./Drivers/STM32G4xx_HAL_Driver/Src/stm32g4xx_hal_uart.o
LOAD ./Drivers/STM32G4xx_HAL_Driver/Src/stm32g4xx_hal_uart_ex.o
LOAD ./Drivers/STM32G4xx_HAL_Driver/Src/stm32g4xx_ll_adc.o
START GROUP
LOAD C:/ST/STM32CubeIDE_1.15.0/STM32CubeIDE/plugins/com.st.stm32cube.ide.mcu.externaltools.gnu-tools-for-stm32.12.3.rel1.win32_1.0.100.202403111256/tools/bin/../lib/gcc/arm-none-eabi/12.3.1/../../../../arm-none-eabi/lib/thumb/v7e-m+fp/hard\libc_nano.a
LOAD C:/ST/STM32CubeIDE_1.15.0/STM32CubeIDE/plugins/com.st.stm32cube.ide.mcu.externaltools.gnu-tools-for-stm32.12.3.rel1.win32_1.0.100.202403111256/tools/bin/../lib/gcc/arm-none-eabi/12.3.1/../../../../arm-none-eabi/lib/thumb/v7e-m+fp/hard\libm.a
END GROUP
START GROUP
LOAD C:/ST/STM32CubeIDE_1.15.0/STM32CubeIDE/plugins/com.st.stm32cube.ide.mcu.externaltools.gnu-tools-for-stm32.12.3.rel1.win32_1.0.100.202403111256/tools/bin/../lib/gcc/arm-none-eabi/12.3.1/thumb/v7e-m+fp/hard\libgcc.a
LOAD C:/ST/STM32CubeIDE_1.15.0/STM32CubeIDE/plugins/com.st.stm32cube.ide.mcu.externaltools.gnu-tools-for-stm32.12.3.rel1.win32_1.0.100.202403111256/tools/bin/../lib/gcc/arm-none-eabi/12.3.1/../../../../arm-none-eabi/lib/thumb/v7e-m+fp/hard\libc_nano.a
END GROUP
START GROUP
LOAD C:/ST/STM32CubeIDE_1.15.0/STM32CubeIDE/plugins/com.st.stm32cube.ide.mcu.externaltools.gnu-tools-for-stm32.12.3.rel1.win32_1.0.100.202403111256/tools/bin/../lib/gcc/arm-none-eabi/12.3.1/thumb/v7e-m+fp/hard\libgcc.a
LOAD C:/ST/STM32CubeIDE_1.15.0/STM32CubeIDE/plugins/com.st.stm32cube.ide.mcu.externaltools.gnu-tools-for-stm32.12.3.rel1.win32_1.0.100.202403111256/tools/bin/../lib/gcc/arm-none-eabi/12.3.1/../../../../arm-none-eabi/lib/thumb/v7e-m+fp/hard\libc_nano.a
LOAD C:/ST/STM32CubeIDE_1.15.0/STM32CubeIDE/plugins/com.st.stm32cube.ide.mcu.externaltools.gnu-tools-for-stm32.12.3.rel1.win32_1.0.100.202403111256/tools/bin/../lib/gcc/arm-none-eabi/12.3.1/../../../../arm-none-eabi/lib/thumb/v7e-m+fp/hard\libnosys.a
END GROUP
START GROUP
LOAD C:/ST/STM32CubeIDE_1.15.0/STM32CubeIDE/plugins/com.st.stm32cube.ide.mcu.externaltools.gnu-tools-for-stm32.12.3.rel1.win32_1.0.100.202403111256/tools/bin/../lib/gcc/arm-none-eabi/12.3.1/thumb/v7e-m+fp/hard\libgcc.a
LOAD C:/ST/STM32CubeIDE_1.15.0/STM32CubeIDE/plugins/com.st.stm32cube.ide.mcu.externaltools.gnu-tools-for-stm32.12.3.rel1.win32_1.0.100.202403111256/tools/bin/../lib/gcc/arm-none-eabi/12.3.1/../../../../arm-none-eabi/lib/thumb/v7e-m+fp/hard\libc_nano.a
LOAD C:/ST/STM32CubeIDE_1.15.0/STM32CubeIDE/plugins/com.st.stm32cube.ide.mcu.externaltools.gnu-tools-for-stm32.12.3.rel1.win32_1.0.100.202403111256/tools/bin/../lib/gcc/arm-none-eabi/12.3.1/../../../../arm-none-eabi/lib/thumb/v7e-m+fp/hard\libnosys.a
END GROUP
LOAD C:/ST/STM32CubeIDE_1.15.0/STM32CubeIDE/plugins/com.st.stm32cube.ide.mcu.externaltools.gnu-tools-for-stm32.12.3.rel1.win32_1.0.100.202403111256/tools/bin/../lib/gcc/arm-none-eabi/12.3.1/thumb/v7e-m+fp/hard/crtend.o
LOAD C:/ST/STM32CubeIDE_1.15.0/STM32CubeIDE/plugins/com.st.stm32cube.ide.mcu.externaltools.gnu-tools-for-stm32.12.3.rel1.win32_1.0.100.202403111256/tools/bin/../lib/gcc/arm-none-eabi/12.3.1/thumb/v7e-m+fp/hard/crtn.o
                0x20020000                        _estack = (ORIGIN (RAM) + LENGTH (RAM))
                0x00000200                        _Min_Heap_Size = 0x200
                0x00000400                        _Min_Stack_Size = 0x400

.isr_vector     0x08000000      0x1d8
                0x08000000                        . = ALIGN (0x4)
 *(.isr_vector)
 .isr_vector    0x08000000      0x1d8 ./Core/Startup/startup_stm32g473cbtx.o
                0x08000000                g_pfnVectors
                0x080001d8                        . = ALIGN (0x4)

.text           0x080001e0     0xe960
                0x080001e0                        . = ALIGN (0x4)
 *(.text)
 .text          0x080001e0       0x40 C:/ST/STM32CubeIDE_1.15.0/STM32CubeIDE/plugins/com.st.stm32cube.ide.mcu.externaltools.gnu-tools-for-stm32.12.3.rel1.win32_1.0.100.202403111256/tools/bin/../lib/gcc/arm-none-eabi/12.3.1/thumb/v7e-m+fp/hard/crtbegin.o
 .text          0x08000220       0x14 C:/ST/STM32CubeIDE_1.15.0/STM32CubeIDE/plugins/com.st.stm32cube.ide.mcu.externaltools.gnu-tools-for-stm32.12.3.rel1.win32_1.0.100.202403111256/tools/bin/../lib/gcc/arm-none-eabi/12.3.1/../../../../arm-none-eabi/lib/thumb/v7e-m+fp/hard\libc_nano.a(libc_a-strcmp.o)
                0x08000220                strcmp
 *fill*         0x08000234        0xc 
 .text          0x08000240       0xa0 C:/ST/STM32CubeIDE_1.15.0/STM32CubeIDE/plugins/com.st.stm32cube.ide.mcu.externaltools.gnu-tools-for-stm32.12.3.rel1.win32_1.0.100.202403111256/tools/bin/../lib/gcc/arm-none-eabi/12.3.1/../../../../arm-none-eabi/lib/thumb/v7e-m+fp/hard\libc_nano.a(libc_a-memchr.o)
                0x08000240                memchr
 .text          0x080002e0       0x10 C:/ST/STM32CubeIDE_1.15.0/STM32CubeIDE/plugins/com.st.stm32cube.ide.mcu.externaltools.gnu-tools-for-stm32.12.3.rel1.win32_1.0.100.202403111256/tools/bin/../lib/gcc/arm-none-eabi/12.3.1/../../../../arm-none-eabi/lib/thumb/v7e-m+fp/hard\libc_nano.a(libc_a-strlen.o)
                0x080002e0                strlen
 .text          0x080002f0      0x378 C:/ST/STM32CubeIDE_1.15.0/STM32CubeIDE/plugins/com.st.stm32cube.ide.mcu.externaltools.gnu-tools-for-stm32.12.3.rel1.win32_1.0.100.202403111256/tools/bin/../lib/gcc/arm-none-eabi/12.3.1/thumb/v7e-m+fp/hard\libgcc.a(_arm_addsubdf3.o)
                0x080002f0                __aeabi_drsub
                0x080002f8                __aeabi_dsub
                0x080002f8                __subdf3
                0x080002fc                __aeabi_dadd
                0x080002fc                __adddf3
                0x08000574                __floatunsidf
                0x08000574                __aeabi_ui2d
                0x08000594                __floatsidf
                0x08000594                __aeabi_i2d
                0x080005b8                __aeabi_f2d
                0x080005b8                __extendsfdf2
                0x080005fc                __floatundidf
                0x080005fc                __aeabi_ul2d
                0x0800060c                __floatdidf
                0x0800060c                __aeabi_l2d
 .text          0x08000668      0x424 C:/ST/STM32CubeIDE_1.15.0/STM32CubeIDE/plugins/com.st.stm32cube.ide.mcu.externaltools.gnu-tools-for-stm32.12.3.rel1.win32_1.0.100.202403111256/tools/bin/../lib/gcc/arm-none-eabi/12.3.1/thumb/v7e-m+fp/hard\libgcc.a(_arm_muldivdf3.o)
                0x08000668                __aeabi_dmul
                0x08000668                __muldf3
                0x080008bc                __divdf3
                0x080008bc                __aeabi_ddiv
 .text          0x08000a8c      0x110 C:/ST/STM32CubeIDE_1.15.0/STM32CubeIDE/plugins/com.st.stm32cube.ide.mcu.externaltools.gnu-tools-for-stm32.12.3.rel1.win32_1.0.100.202403111256/tools/bin/../lib/gcc/arm-none-eabi/12.3.1/thumb/v7e-m+fp/hard\libgcc.a(_arm_cmpdf2.o)
                0x08000a8c                __gtdf2
                0x08000a8c                __gedf2
                0x08000a94                __ltdf2
                0x08000a94                __ledf2
                0x08000a9c                __nedf2
                0x08000a9c                __eqdf2
                0x08000a9c                __cmpdf2
                0x08000b18                __aeabi_cdrcmple
                0x08000b28                __aeabi_cdcmpeq
                0x08000b28                __aeabi_cdcmple
                0x08000b38                __aeabi_dcmpeq
                0x08000b4c                __aeabi_dcmplt
                0x08000b60                __aeabi_dcmple
                0x08000b74                __aeabi_dcmpge
                0x08000b88                __aeabi_dcmpgt
 .text          0x08000b9c       0x2c C:/ST/STM32CubeIDE_1.15.0/STM32CubeIDE/plugins/com.st.stm32cube.ide.mcu.externaltools.gnu-tools-for-stm32.12.3.rel1.win32_1.0.100.202403111256/tools/bin/../lib/gcc/arm-none-eabi/12.3.1/thumb/v7e-m+fp/hard\libgcc.a(_arm_unorddf2.o)
                0x08000b9c                __unorddf2
                0x08000b9c                __aeabi_dcmpun
 .text          0x08000bc8       0x50 C:/ST/STM32CubeIDE_1.15.0/STM32CubeIDE/plugins/com.st.stm32cube.ide.mcu.externaltools.gnu-tools-for-stm32.12.3.rel1.win32_1.0.100.202403111256/tools/bin/../lib/gcc/arm-none-eabi/12.3.1/thumb/v7e-m+fp/hard\libgcc.a(_arm_fixdfsi.o)
                0x08000bc8                __aeabi_d2iz
                0x08000bc8                __fixdfsi
 .text          0x08000c18       0x40 C:/ST/STM32CubeIDE_1.15.0/STM32CubeIDE/plugins/com.st.stm32cube.ide.mcu.externaltools.gnu-tools-for-stm32.12.3.rel1.win32_1.0.100.202403111256/tools/bin/../lib/gcc/arm-none-eabi/12.3.1/thumb/v7e-m+fp/hard\libgcc.a(_arm_fixunsdfsi.o)
                0x08000c18                __aeabi_d2uiz
                0x08000c18                __fixunsdfsi
 .text          0x08000c58       0xa0 C:/ST/STM32CubeIDE_1.15.0/STM32CubeIDE/plugins/com.st.stm32cube.ide.mcu.externaltools.gnu-tools-for-stm32.12.3.rel1.win32_1.0.100.202403111256/tools/bin/../lib/gcc/arm-none-eabi/12.3.1/thumb/v7e-m+fp/hard\libgcc.a(_arm_truncdfsf2.o)
                0x08000c58                __truncdfsf2
                0x08000c58                __aeabi_d2f
 .text          0x08000cf8       0x30 C:/ST/STM32CubeIDE_1.15.0/STM32CubeIDE/plugins/com.st.stm32cube.ide.mcu.externaltools.gnu-tools-for-stm32.12.3.rel1.win32_1.0.100.202403111256/tools/bin/../lib/gcc/arm-none-eabi/12.3.1/thumb/v7e-m+fp/hard\libgcc.a(_aeabi_uldivmod.o)
                0x08000cf8                __aeabi_uldivmod
 .text          0x08000d28       0x30 C:/ST/STM32CubeIDE_1.15.0/STM32CubeIDE/plugins/com.st.stm32cube.ide.mcu.externaltools.gnu-tools-for-stm32.12.3.rel1.win32_1.0.100.202403111256/tools/bin/../lib/gcc/arm-none-eabi/12.3.1/thumb/v7e-m+fp/hard\libgcc.a(_fixdfdi.o)
                0x08000d28                __fixdfdi
                0x08000d28                __aeabi_d2lz
 .text          0x08000d58       0x3c C:/ST/STM32CubeIDE_1.15.0/STM32CubeIDE/plugins/com.st.stm32cube.ide.mcu.externaltools.gnu-tools-for-stm32.12.3.rel1.win32_1.0.100.202403111256/tools/bin/../lib/gcc/arm-none-eabi/12.3.1/thumb/v7e-m+fp/hard\libgcc.a(_fixunsdfdi.o)
                0x08000d58                __fixunsdfdi
                0x08000d58                __aeabi_d2ulz
 .text          0x08000d94      0x2bc C:/ST/STM32CubeIDE_1.15.0/STM32CubeIDE/plugins/com.st.stm32cube.ide.mcu.externaltools.gnu-tools-for-stm32.12.3.rel1.win32_1.0.100.202403111256/tools/bin/../lib/gcc/arm-none-eabi/12.3.1/thumb/v7e-m+fp/hard\libgcc.a(_udivmoddi4.o)
                0x08000d94                __udivmoddi4
 .text          0x08001050        0x4 C:/ST/STM32CubeIDE_1.15.0/STM32CubeIDE/plugins/com.st.stm32cube.ide.mcu.externaltools.gnu-tools-for-stm32.12.3.rel1.win32_1.0.100.202403111256/tools/bin/../lib/gcc/arm-none-eabi/12.3.1/thumb/v7e-m+fp/hard\libgcc.a(_dvmd_tls.o)
                0x08001050                __aeabi_idiv0
                0x08001050                __aeabi_ldiv0
 *(.text*)
 .text.apInit   0x08001054       0x1a ./App/ap/src/ap.o
                0x08001054                apInit
 *fill*         0x0800106e        0x2 
 .text.apMain   0x08001070       0x3c ./App/ap/src/ap.o
                0x08001070                apMain
 .text.cliCtrl  0x080010ac       0x48 ./App/ap/src/control.o
 .text.controlInit
                0x080010f4       0x20 ./App/ap/src/control.o
                0x080010f4                controlInit
 .text.controlUserFunc
                0x08001114        0x2 ./App/ap/src/control.o
                0x08001114                controlUserFunc
 .text.controlUserMain
                0x08001116        0x2 ./App/ap/src/control.o
                0x08001116                controlUserMain
 .text.monitorInit
                0x08001118       0x28 ./App/ap/src/monitor.o
                0x08001118                monitorInit
 .text.monitorUartUpdate
                0x08001140       0x34 ./App/ap/src/monitor.o
                0x08001140                monitorUartUpdate
 .text.cliMonitor
                0x08001174      0x14c ./App/ap/src/monitor.o
 .text.monitorMain
                0x080012c0        0x8 ./App/ap/src/monitor.o
                0x080012c0                monitorMain
 .text.vrms1Upadate
                0x080012c8       0xf8 ./App/ap/src/sequence.o
 .text.vrms2Upadate
                0x080013c0       0xf8 ./App/ap/src/sequence.o
 .text.vrms3Upadate
                0x080014b8       0xf8 ./App/ap/src/sequence.o
 .text.vrms4Upadate
                0x080015b0       0xf8 ./App/ap/src/sequence.o
 .text.irms1Upadate
                0x080016a8       0xf8 ./App/ap/src/sequence.o
 .text.sequenceRmsUpdate
                0x080017a0       0x18 ./App/ap/src/sequence.o
 .text.cliSequence
                0x080017b8      0x3cc ./App/ap/src/sequence.o
 .text.sequenceMotorUpdate
                0x08001b84       0xac ./App/ap/src/sequence.o
 .text.sequenceTestPinToggle
                0x08001c30       0x30 ./App/ap/src/sequence.o
 .text.HAL_ADC_ConvCpltCallback
                0x08001c60       0x44 ./App/ap/src/sequence.o
                0x08001c60                HAL_ADC_ConvCpltCallback
 .text.dacAvailableForWrite
                0x08001ca4       0x18 ./App/ap/src/sequence.o
                0x08001ca4                dacAvailableForWrite
 .text.sequenceDacUpdate
                0x08001cbc      0x158 ./App/ap/src/sequence.o
 .text.sequenceInterruptHandler
                0x08001e14       0x14 ./App/ap/src/sequence.o
                0x08001e14                sequenceInterruptHandler
 .text.HAL_TIM_PeriodElapsedCallback
                0x08001e28       0x28 ./App/ap/src/sequence.o
                0x08001e28                HAL_TIM_PeriodElapsedCallback
 .text.sequenceCalibration
                0x08001e50       0xa8 ./App/ap/src/sequence.o
                0x08001e50                sequenceCalibration
 .text.sequenceInit
                0x08001ef8       0x4c ./App/ap/src/sequence.o
                0x08001ef8                sequenceInit
 .text.bspInit  0x08001f44        0x4 ./App/bsp/bsp.o
                0x08001f44                bspInit
 .text.delay    0x08001f48        0x8 ./App/bsp/bsp.o
                0x08001f48                delay
 .text.millis   0x08001f50        0x8 ./App/bsp/bsp.o
                0x08001f50                millis
 .text.qbufferCreate
                0x08001f58       0x12 ./App/common/core/qbuffer.o
                0x08001f58                qbufferCreate
 .text.qbufferCreateBySize
                0x08001f6a       0x16 ./App/common/core/qbuffer.o
                0x08001f6a                qbufferCreateBySize
 .text.qbufferWrite
                0x08001f80       0x54 ./App/common/core/qbuffer.o
                0x08001f80                qbufferWrite
 .text.qbufferRead
                0x08001fd4       0x5a ./App/common/core/qbuffer.o
                0x08001fd4                qbufferRead
 .text.qbufferAvailable
                0x0800202e       0x14 ./App/common/core/qbuffer.o
                0x0800202e                qbufferAvailable
 *fill*         0x08002042        0x2 
 .text.cliAdc   0x08002044       0x48 ./App/hw/driver/adc.o
                0x08002044                cliAdc
 .text.adcInit  0x0800208c       0x40 ./App/hw/driver/adc.o
                0x0800208c                adcInit
 .text.cliDac   0x080020cc       0x48 ./App/hw/driver/dac.o
                0x080020cc                cliDac
 .text.dacInit  0x08002114       0x38 ./App/hw/driver/dac.o
                0x08002114                dacInit
 .text.i2cInit  0x0800214c       0x40 ./App/hw/driver/i2c.o
                0x0800214c                i2cInit
 .text.i2cBegin
                0x0800218c        0x4 ./App/hw/driver/i2c.o
                0x0800218c                i2cBegin
 .text.i2cIsDeviceReady
                0x08002190       0x28 ./App/hw/driver/i2c.o
                0x08002190                i2cIsDeviceReady
 .text.i2cWriteBytes
                0x080021b8       0x3c ./App/hw/driver/i2c.o
                0x080021b8                i2cWriteBytes
 .text.i2cWriteByte
                0x080021f4       0x1e ./App/hw/driver/i2c.o
                0x080021f4                i2cWriteByte
 .text.I2C1_EV_IRQHandler
                0x08002212        0x2 ./App/hw/driver/i2c.o
                0x08002212                I2C1_EV_IRQHandler
 .text.TransferDoneISR
                0x08002214       0x58 ./App/hw/driver/lcd.o
                0x08002214                TransferDoneISR
 .text.lcdDrawPixel
                0x0800226c       0x20 ./App/hw/driver/lcd.o
                0x0800226c                lcdDrawPixel
 .text.disEngFont
                0x0800228c       0x58 ./App/hw/driver/lcd.o
 .text.disHanFont
                0x080022e4       0x8c ./App/hw/driver/lcd.o
 .text.lcdGetFps
                0x08002370        0xc ./App/hw/driver/lcd.o
                0x08002370                lcdGetFps
 .text.lcdDrawAvailable
                0x0800237c       0x54 ./App/hw/driver/lcd.o
                0x0800237c                lcdDrawAvailable
 .text.lcdRequestDraw
                0x080023d0       0x48 ./App/hw/driver/lcd.o
                0x080023d0                lcdRequestDraw
 .text.lcdUpdateDraw
                0x08002418       0x30 ./App/hw/driver/lcd.o
                0x08002418                lcdUpdateDraw
 .text.lcdGetFrameBuffer
                0x08002448        0xc ./App/hw/driver/lcd.o
                0x08002448                lcdGetFrameBuffer
 .text.lcdClearBuffer
                0x08002454       0x30 ./App/hw/driver/lcd.o
                0x08002454                lcdClearBuffer
 .text.lcdDrawLine
                0x08002484       0xd4 ./App/hw/driver/lcd.o
                0x08002484                lcdDrawLine
 .text.lcdDrawVLine
                0x08002558       0x1c ./App/hw/driver/lcd.o
                0x08002558                lcdDrawVLine
 .text.lcdDrawHLine
                0x08002574       0x1c ./App/hw/driver/lcd.o
                0x08002574                lcdDrawHLine
 .text.lcdDrawFillRect
                0x08002590       0x30 ./App/hw/driver/lcd.o
                0x08002590                lcdDrawFillRect
 .text.lcdInit  0x080025c0       0xb4 ./App/hw/driver/lcd.o
                0x080025c0                lcdInit
 .text.lcdDrawRect
                0x08002674       0x4c ./App/hw/driver/lcd.o
                0x08002674                lcdDrawRect
 .text.lcdPrintf
                0x080026c0       0xd4 ./App/hw/driver/lcd.o
                0x080026c0                lcdPrintf
 .text.lcdSetFont
                0x08002794        0xc ./App/hw/driver/lcd.o
                0x08002794                lcdSetFont
 .text.cliLcd   0x080027a0       0x84 ./App/hw/driver/lcd.o
 .text.uartInit
                0x08002824       0x58 ./App/hw/driver/uart.o
                0x08002824                uartInit
 .text.uartOpen
                0x0800287c      0x224 ./App/hw/driver/uart.o
                0x0800287c                uartOpen
 .text.uartAvailable
                0x08002aa0       0x58 ./App/hw/driver/uart.o
                0x08002aa0                uartAvailable
 .text.uartRead
                0x08002af8       0x60 ./App/hw/driver/uart.o
                0x08002af8                uartRead
 .text.uartWrite
                0x08002b58       0x58 ./App/hw/driver/uart.o
                0x08002b58                uartWrite
 .text.uartPrintf
                0x08002bb0       0x2e ./App/hw/driver/uart.o
                0x08002bb0                uartPrintf
 *fill*         0x08002bde        0x2 
 .text.uartGetBaud
                0x08002be0       0x18 ./App/hw/driver/uart.o
                0x08002be0                uartGetBaud
 .text.cliUart  0x08002bf8      0x118 ./App/hw/driver/uart.o
 .text.hanUniFontLoad
                0x08002d10      0x16c ./App/hw/driver/hangul/han.o
                0x08002d10                hanUniFontLoad
 .text.hanEngFontLoad
                0x08002e7c       0x2c ./App/hw/driver/hangul/han.o
                0x08002e7c                hanEngFontLoad
 .text.hanCnvCodeWan2Johab
                0x08002ea8       0x1c ./App/hw/driver/hangul/han.o
                0x08002ea8                hanCnvCodeWan2Johab
 .text.hanWanFontLoad
                0x08002ec4      0x12c ./App/hw/driver/hangul/han.o
                0x08002ec4                hanWanFontLoad
 .text.hanFontLoad
                0x08002ff0       0x84 ./App/hw/driver/hangul/han.o
                0x08002ff0                hanFontLoad
 .text.ssd1306SetWindow
                0x08003074        0x2 ./App/hw/driver/lcd/ssd1306.o
 .text.ssd1306GetWidth
                0x08003076        0x4 ./App/hw/driver/lcd/ssd1306.o
 .text.ssd1306GetHeight
                0x0800307a        0x4 ./App/hw/driver/lcd/ssd1306.o
 *fill*         0x0800307e        0x2 
 .text.ssd1306SetCallBack
                0x08003080        0xc ./App/hw/driver/lcd/ssd1306.o
 .text.ssd1306Fill
                0x0800308c       0x20 ./App/hw/driver/lcd/ssd1306.o
 .text.ssd1306DrawPixel
                0x080030ac       0x4c ./App/hw/driver/lcd/ssd1306.o
 .text.ssd1306InitDriver
                0x080030f8       0x3c ./App/hw/driver/lcd/ssd1306.o
                0x080030f8                ssd1306InitDriver
 .text.ssd1306WriteCmd
                0x08003134       0x1a ./App/hw/driver/lcd/ssd1306.o
                0x08003134                ssd1306WriteCmd
 *fill*         0x0800314e        0x2 
 .text.ssd1306UpdateDraw
                0x08003150       0x50 ./App/hw/driver/lcd/ssd1306.o
 .text.ssd1306SendBuffer
                0x080031a0       0x3c ./App/hw/driver/lcd/ssd1306.o
 .text.ssd1306Reset
                0x080031dc       0xe2 ./App/hw/driver/lcd/ssd1306.o
 .text.ssd1306Init
                0x080032be        0x8 ./App/hw/driver/lcd/ssd1306.o
                0x080032be                ssd1306Init
 *fill*         0x080032c6        0x2 
 .text.hwInit   0x080032c8       0xa0 ./App/hw/hw.o
                0x080032c8                hwInit
 .text.MX_ADC1_Init
                0x08003368      0x12c ./Core/Src/adc.o
                0x08003368                MX_ADC1_Init
 .text.HAL_ADC_MspInit
                0x08003494       0xbc ./Core/Src/adc.o
                0x08003494                HAL_ADC_MspInit
 .text.cliLineClean
                0x08003550       0x16 ./Core/Src/cli.o
 .text.cliLineAdd
                0x08003566       0x4e ./Core/Src/cli.o
 .text.cliToUpper
                0x080035b4       0x36 ./Core/Src/cli.o
 *fill*         0x080035ea        0x2 
 .text.cliArgsGetStr
                0x080035ec       0x20 ./Core/Src/cli.o
 .text.cliArgsIsStr
                0x0800360c       0x30 ./Core/Src/cli.o
 .text.cliArgsGetFloat
                0x0800363c       0x2c ./Core/Src/cli.o
 .text.cliArgsGetData
                0x08003668       0x28 ./Core/Src/cli.o
 .text.cliShowPrompt
                0x08003690       0x20 ./Core/Src/cli.o
 .text.cliLineChange
                0x080036b0       0xa4 ./Core/Src/cli.o
 .text.cliParseArgs
                0x08003754       0x4c ./Core/Src/cli.o
 .text.cliOpen  0x080037a0       0x30 ./Core/Src/cli.o
                0x080037a0                cliOpen
 .text.cliGetPort
                0x080037d0        0xc ./Core/Src/cli.o
                0x080037d0                cliGetPort
 .text.cliShowLog
                0x080037dc       0xb8 ./Core/Src/cli.o
                0x080037dc                cliShowLog
 .text.cliAvailable
                0x08003894       0x10 ./Core/Src/cli.o
                0x08003894                cliAvailable
 .text.cliRead  0x080038a4       0x10 ./Core/Src/cli.o
                0x080038a4                cliRead
 .text.cliPrintf
                0x080038b4       0x34 ./Core/Src/cli.o
                0x080038b4                cliPrintf
 .text.cliRunCmd
                0x080038e8       0x6c ./Core/Src/cli.o
 .text.cliUpdate
                0x08003954      0x310 ./Core/Src/cli.o
 .text.cliMain  0x08003c64       0x2c ./Core/Src/cli.o
                0x08003c64                cliMain
 .text.cliShowList
                0x08003c90       0x50 ./Core/Src/cli.o
                0x08003c90                cliShowList
 .text.cliKeepLoop
                0x08003ce0       0x18 ./Core/Src/cli.o
                0x08003ce0                cliKeepLoop
 .text.cliAdd   0x08003cf8       0x50 ./Core/Src/cli.o
                0x08003cf8                cliAdd
 .text.cliInit  0x08003d48       0x60 ./Core/Src/cli.o
                0x08003d48                cliInit
 .text.cliShowCursor
                0x08003da8       0x1c ./Core/Src/cli.o
                0x08003da8                cliShowCursor
 .text.cliMoveUp
                0x08003dc4       0x10 ./Core/Src/cli.o
                0x08003dc4                cliMoveUp
 .text.cliMoveDown
                0x08003dd4       0x10 ./Core/Src/cli.o
                0x08003dd4                cliMoveDown
 .text.MX_DAC1_Init
                0x08003de4       0x5c ./Core/Src/dac.o
                0x08003de4                MX_DAC1_Init
 .text.MX_DAC2_Init
                0x08003e40       0x5c ./Core/Src/dac.o
                0x08003e40                MX_DAC2_Init
 .text.HAL_DAC_MspInit
                0x08003e9c       0xf4 ./Core/Src/dac.o
                0x08003e9c                HAL_DAC_MspInit
 .text.MX_DMA_Init
                0x08003f90       0x84 ./Core/Src/dma.o
                0x08003f90                MX_DMA_Init
 .text.MX_GPIO_Init
                0x08004014      0x118 ./Core/Src/gpio.o
                0x08004014                MX_GPIO_Init
 .text.MX_I2C1_Init
                0x0800412c       0x58 ./Core/Src/i2c.o
                0x0800412c                MX_I2C1_Init
 .text.HAL_I2C_MspInit
                0x08004184      0x10c ./Core/Src/i2c.o
                0x08004184                HAL_I2C_MspInit
 .text.logInit  0x08004290        0xc ./Core/Src/log.o
                0x08004290                logInit
 .text.logOpen  0x0800429c       0x24 ./Core/Src/log.o
                0x0800429c                logOpen
 .text.logPrintf
                0x080042c0       0x58 ./Core/Src/log.o
                0x080042c0                logPrintf
 .text.Error_Handler
                0x08004318        0x4 ./Core/Src/main.o
                0x08004318                Error_Handler
 .text.SystemClock_Config
                0x0800431c       0x6e ./Core/Src/main.o
                0x0800431c                SystemClock_Config
 .text.main     0x0800438a       0x48 ./Core/Src/main.o
                0x0800438a                main
 *fill*         0x080043d2        0x2 
 .text.HAL_MspInit
                0x080043d4       0x38 ./Core/Src/stm32g4xx_hal_msp.o
                0x080043d4                HAL_MspInit
 .text.NMI_Handler
                0x0800440c        0x2 ./Core/Src/stm32g4xx_it.o
                0x0800440c                NMI_Handler
 .text.HardFault_Handler
                0x0800440e        0x2 ./Core/Src/stm32g4xx_it.o
                0x0800440e                HardFault_Handler
 .text.MemManage_Handler
                0x08004410        0x2 ./Core/Src/stm32g4xx_it.o
                0x08004410                MemManage_Handler
 .text.BusFault_Handler
                0x08004412        0x2 ./Core/Src/stm32g4xx_it.o
                0x08004412                BusFault_Handler
 .text.UsageFault_Handler
                0x08004414        0x2 ./Core/Src/stm32g4xx_it.o
                0x08004414                UsageFault_Handler
 .text.SVC_Handler
                0x08004416        0x2 ./Core/Src/stm32g4xx_it.o
                0x08004416                SVC_Handler
 .text.DebugMon_Handler
                0x08004418        0x2 ./Core/Src/stm32g4xx_it.o
                0x08004418                DebugMon_Handler
 .text.PendSV_Handler
                0x0800441a        0x2 ./Core/Src/stm32g4xx_it.o
                0x0800441a                PendSV_Handler
 .text.SysTick_Handler
                0x0800441c        0x8 ./Core/Src/stm32g4xx_it.o
                0x0800441c                SysTick_Handler
 .text.DMA1_Channel1_IRQHandler
                0x08004424       0x10 ./Core/Src/stm32g4xx_it.o
                0x08004424                DMA1_Channel1_IRQHandler
 .text.DMA1_Channel2_IRQHandler
                0x08004434       0x10 ./Core/Src/stm32g4xx_it.o
                0x08004434                DMA1_Channel2_IRQHandler
 .text.DMA1_Channel3_IRQHandler
                0x08004444       0x10 ./Core/Src/stm32g4xx_it.o
                0x08004444                DMA1_Channel3_IRQHandler
 .text.DMA1_Channel4_IRQHandler
                0x08004454       0x10 ./Core/Src/stm32g4xx_it.o
                0x08004454                DMA1_Channel4_IRQHandler
 .text.DMA1_Channel5_IRQHandler
                0x08004464       0x10 ./Core/Src/stm32g4xx_it.o
                0x08004464                DMA1_Channel5_IRQHandler
 .text.ADC1_2_IRQHandler
                0x08004474       0x10 ./Core/Src/stm32g4xx_it.o
                0x08004474                ADC1_2_IRQHandler
 .text.TIM1_UP_TIM16_IRQHandler
                0x08004484       0x10 ./Core/Src/stm32g4xx_it.o
                0x08004484                TIM1_UP_TIM16_IRQHandler
 .text.USART3_IRQHandler
                0x08004494       0x10 ./Core/Src/stm32g4xx_it.o
                0x08004494                USART3_IRQHandler
 .text.TIM7_DAC_IRQHandler
                0x080044a4       0x18 ./Core/Src/stm32g4xx_it.o
                0x080044a4                TIM7_DAC_IRQHandler
 .text._getpid  0x080044bc        0x4 ./Core/Src/syscalls.o
                0x080044bc                _getpid
 .text._kill    0x080044c0       0x10 ./Core/Src/syscalls.o
                0x080044c0                _kill
 .text._exit    0x080044d0        0xc ./Core/Src/syscalls.o
                0x080044d0                _exit
 .text._read    0x080044dc       0x20 ./Core/Src/syscalls.o
                0x080044dc                _read
 .text._write   0x080044fc       0x18 ./Core/Src/syscalls.o
                0x080044fc                _write
 .text._close   0x08004514        0x6 ./Core/Src/syscalls.o
                0x08004514                _close
 .text._fstat   0x0800451a        0xa ./Core/Src/syscalls.o
                0x0800451a                _fstat
 .text._isatty  0x08004524        0x4 ./Core/Src/syscalls.o
                0x08004524                _isatty
 .text._lseek   0x08004528        0x4 ./Core/Src/syscalls.o
                0x08004528                _lseek
 .text._sbrk    0x0800452c       0x48 ./Core/Src/sysmem.o
                0x0800452c                _sbrk
 .text.SystemInit
                0x08004574       0x14 ./Core/Src/system_stm32g4xx.o
                0x08004574                SystemInit
 .text.MX_TIM6_Init
                0x08004588       0x54 ./Core/Src/tim.o
                0x08004588                MX_TIM6_Init
 .text.MX_TIM7_Init
                0x080045dc       0x50 ./Core/Src/tim.o
                0x080045dc                MX_TIM7_Init
 .text.MX_TIM8_Init
                0x0800462c       0x74 ./Core/Src/tim.o
                0x0800462c                MX_TIM8_Init
 .text.HAL_TIM_Base_MspInit
                0x080046a0       0xb0 ./Core/Src/tim.o
                0x080046a0                HAL_TIM_Base_MspInit
 .text.HAL_TIM_MspPostInit
                0x08004750       0x54 ./Core/Src/tim.o
                0x08004750                HAL_TIM_MspPostInit
 .text.MX_TIM1_Init
                0x080047a4      0x104 ./Core/Src/tim.o
                0x080047a4                MX_TIM1_Init
 .text.MX_USART1_UART_Init
                0x080048a8       0x68 ./Core/Src/usart.o
                0x080048a8                MX_USART1_UART_Init
 .text.MX_USART3_UART_Init
                0x08004910       0x68 ./Core/Src/usart.o
                0x08004910                MX_USART3_UART_Init
 .text.HAL_UART_MspInit
                0x08004978      0x1d0 ./Core/Src/usart.o
                0x08004978                HAL_UART_MspInit
 .text.HAL_UART_MspDeInit
                0x08004b48       0x78 ./Core/Src/usart.o
                0x08004b48                HAL_UART_MspDeInit
 .text.Reset_Handler
                0x08004bc0       0x50 ./Core/Startup/startup_stm32g473cbtx.o
                0x08004bc0                Reset_Handler
 .text.Default_Handler
                0x08004c10        0x2 ./Core/Startup/startup_stm32g473cbtx.o
                0x08004c10                RTC_Alarm_IRQHandler
                0x08004c10                EXTI2_IRQHandler
                0x08004c10                TIM8_TRG_COM_IRQHandler
                0x08004c10                TIM8_CC_IRQHandler
                0x08004c10                SPI4_IRQHandler
                0x08004c10                FDCAN3_IT0_IRQHandler
                0x08004c10                TIM1_CC_IRQHandler
                0x08004c10                USB_HP_IRQHandler
                0x08004c10                CORDIC_IRQHandler
                0x08004c10                DMA2_Channel8_IRQHandler
                0x08004c10                EXTI3_IRQHandler
                0x08004c10                I2C3_ER_IRQHandler
                0x08004c10                EXTI0_IRQHandler
                0x08004c10                I2C2_EV_IRQHandler
                0x08004c10                FPU_IRQHandler
                0x08004c10                FDCAN1_IT1_IRQHandler
                0x08004c10                SPI1_IRQHandler
                0x08004c10                TIM6_DAC_IRQHandler
                0x08004c10                TIM8_UP_IRQHandler
                0x08004c10                DMA2_Channel2_IRQHandler
                0x08004c10                TIM20_TRG_COM_IRQHandler
                0x08004c10                DMA1_Channel7_IRQHandler
                0x08004c10                UART5_IRQHandler
                0x08004c10                ADC3_IRQHandler
                0x08004c10                TIM4_IRQHandler
                0x08004c10                DMA2_Channel1_IRQHandler
                0x08004c10                QUADSPI_IRQHandler
                0x08004c10                DMA1_Channel6_IRQHandler
                0x08004c10                UART4_IRQHandler
                0x08004c10                DMA2_Channel4_IRQHandler
                0x08004c10                TIM3_IRQHandler
                0x08004c10                RCC_IRQHandler
                0x08004c10                TIM20_UP_IRQHandler
                0x08004c10                Default_Handler
                0x08004c10                DMA2_Channel7_IRQHandler
                0x08004c10                RTC_TAMP_LSECSS_IRQHandler
                0x08004c10                FMAC_IRQHandler
                0x08004c10                EXTI15_10_IRQHandler
                0x08004c10                DMA1_Channel8_IRQHandler
                0x08004c10                FDCAN3_IT1_IRQHandler
                0x08004c10                TIM5_IRQHandler
                0x08004c10                UCPD1_IRQHandler
                0x08004c10                I2C3_EV_IRQHandler
                0x08004c10                EXTI9_5_IRQHandler
                0x08004c10                RTC_WKUP_IRQHandler
                0x08004c10                PVD_PVM_IRQHandler
                0x08004c10                SPI2_IRQHandler
                0x08004c10                ADC5_IRQHandler
                0x08004c10                DMA2_Channel5_IRQHandler
                0x08004c10                CRS_IRQHandler
                0x08004c10                USB_LP_IRQHandler
                0x08004c10                EXTI4_IRQHandler
                0x08004c10                RNG_IRQHandler
                0x08004c10                TIM1_TRG_COM_TIM17_IRQHandler
                0x08004c10                FDCAN2_IT1_IRQHandler
                0x08004c10                ADC4_IRQHandler
                0x08004c10                WWDG_IRQHandler
                0x08004c10                I2C4_EV_IRQHandler
                0x08004c10                FDCAN2_IT0_IRQHandler
                0x08004c10                LPUART1_IRQHandler
                0x08004c10                DMA2_Channel6_IRQHandler
                0x08004c10                FDCAN1_IT0_IRQHandler
                0x08004c10                TIM2_IRQHandler
                0x08004c10                COMP7_IRQHandler
                0x08004c10                COMP1_2_3_IRQHandler
                0x08004c10                EXTI1_IRQHandler
                0x08004c10                USART2_IRQHandler
                0x08004c10                COMP4_5_6_IRQHandler
                0x08004c10                TIM20_BRK_IRQHandler
                0x08004c10                I2C2_ER_IRQHandler
                0x08004c10                TIM8_BRK_IRQHandler
                0x08004c10                FLASH_IRQHandler
                0x08004c10                TIM20_CC_IRQHandler
                0x08004c10                USART1_IRQHandler
                0x08004c10                SPI3_IRQHandler
                0x08004c10                I2C1_ER_IRQHandler
                0x08004c10                FMC_IRQHandler
                0x08004c10                LPTIM1_IRQHandler
                0x08004c10                DMAMUX_OVR_IRQHandler
                0x08004c10                I2C4_ER_IRQHandler
                0x08004c10                USBWakeUp_IRQHandler
                0x08004c10                SAI1_IRQHandler
                0x08004c10                DMA2_Channel3_IRQHandler
                0x08004c10                TIM1_BRK_TIM15_IRQHandler
 *fill*         0x08004c12        0x2 
 .text.HAL_InitTick
                0x08004c14       0x50 ./Drivers/STM32G4xx_HAL_Driver/Src/stm32g4xx_hal.o
                0x08004c14                HAL_InitTick
 .text.HAL_Init
                0x08004c64       0x1e ./Drivers/STM32G4xx_HAL_Driver/Src/stm32g4xx_hal.o
                0x08004c64                HAL_Init
 *fill*         0x08004c82        0x2 
 .text.HAL_IncTick
                0x08004c84       0x18 ./Drivers/STM32G4xx_HAL_Driver/Src/stm32g4xx_hal.o
                0x08004c84                HAL_IncTick
 .text.HAL_GetTick
                0x08004c9c        0xc ./Drivers/STM32G4xx_HAL_Driver/Src/stm32g4xx_hal.o
                0x08004c9c                HAL_GetTick
 .text.HAL_Delay
                0x08004ca8       0x28 ./Drivers/STM32G4xx_HAL_Driver/Src/stm32g4xx_hal.o
                0x08004ca8                HAL_Delay
 .text.LL_ADC_REG_SetSequencerRanks
                0x08004cd0       0x30 ./Drivers/STM32G4xx_HAL_Driver/Src/stm32g4xx_hal_adc.o
 .text.LL_ADC_SetChannelSamplingTime
                0x08004d00       0x2c ./Drivers/STM32G4xx_HAL_Driver/Src/stm32g4xx_hal_adc.o
 .text.HAL_ADC_Init
                0x08004d2c      0x29c ./Drivers/STM32G4xx_HAL_Driver/Src/stm32g4xx_hal_adc.o
                0x08004d2c                HAL_ADC_Init
 .text.HAL_ADC_GetValue
                0x08004fc8        0x6 ./Drivers/STM32G4xx_HAL_Driver/Src/stm32g4xx_hal_adc.o
                0x08004fc8                HAL_ADC_GetValue
 .text.HAL_ADC_LevelOutOfWindowCallback
                0x08004fce        0x2 ./Drivers/STM32G4xx_HAL_Driver/Src/stm32g4xx_hal_adc.o
                0x08004fce                HAL_ADC_LevelOutOfWindowCallback
 .text.HAL_ADC_ErrorCallback
                0x08004fd0        0x2 ./Drivers/STM32G4xx_HAL_Driver/Src/stm32g4xx_hal_adc.o
                0x08004fd0                HAL_ADC_ErrorCallback
 *fill*         0x08004fd2        0x2 
 .text.HAL_ADC_IRQHandler
                0x08004fd4      0x2e8 ./Drivers/STM32G4xx_HAL_Driver/Src/stm32g4xx_hal_adc.o
                0x08004fd4                HAL_ADC_IRQHandler
 .text.HAL_ADC_ConfigChannel
                0x080052bc      0x4b4 ./Drivers/STM32G4xx_HAL_Driver/Src/stm32g4xx_hal_adc.o
                0x080052bc                HAL_ADC_ConfigChannel
 .text.ADC_Enable
                0x08005770       0xf8 ./Drivers/STM32G4xx_HAL_Driver/Src/stm32g4xx_hal_adc.o
                0x08005770                ADC_Enable
 .text.HAL_ADC_Start_IT
                0x08005868      0x1c8 ./Drivers/STM32G4xx_HAL_Driver/Src/stm32g4xx_hal_adc.o
                0x08005868                HAL_ADC_Start_IT
 .text.ADC_Disable
                0x08005a30       0x94 ./Drivers/STM32G4xx_HAL_Driver/Src/stm32g4xx_hal_adc.o
                0x08005a30                ADC_Disable
 .text.HAL_ADCEx_Calibration_Start
                0x08005ac4       0x9c ./Drivers/STM32G4xx_HAL_Driver/Src/stm32g4xx_hal_adc_ex.o
                0x08005ac4                HAL_ADCEx_Calibration_Start
 .text.HAL_ADCEx_InjectedConvCpltCallback
                0x08005b60        0x2 ./Drivers/STM32G4xx_HAL_Driver/Src/stm32g4xx_hal_adc_ex.o
                0x08005b60                HAL_ADCEx_InjectedConvCpltCallback
 .text.HAL_ADCEx_InjectedQueueOverflowCallback
                0x08005b62        0x2 ./Drivers/STM32G4xx_HAL_Driver/Src/stm32g4xx_hal_adc_ex.o
                0x08005b62                HAL_ADCEx_InjectedQueueOverflowCallback
 .text.HAL_ADCEx_LevelOutOfWindow2Callback
                0x08005b64        0x2 ./Drivers/STM32G4xx_HAL_Driver/Src/stm32g4xx_hal_adc_ex.o
                0x08005b64                HAL_ADCEx_LevelOutOfWindow2Callback
 .text.HAL_ADCEx_LevelOutOfWindow3Callback
                0x08005b66        0x2 ./Drivers/STM32G4xx_HAL_Driver/Src/stm32g4xx_hal_adc_ex.o
                0x08005b66                HAL_ADCEx_LevelOutOfWindow3Callback
 .text.HAL_ADCEx_EndOfSamplingCallback
                0x08005b68        0x2 ./Drivers/STM32G4xx_HAL_Driver/Src/stm32g4xx_hal_adc_ex.o
                0x08005b68                HAL_ADCEx_EndOfSamplingCallback
 *fill*         0x08005b6a        0x2 
 .text.HAL_ADCEx_MultiModeConfigChannel
                0x08005b6c      0x1d4 ./Drivers/STM32G4xx_HAL_Driver/Src/stm32g4xx_hal_adc_ex.o
                0x08005b6c                HAL_ADCEx_MultiModeConfigChannel
 .text.__NVIC_EnableIRQ
                0x08005d40       0x1c ./Drivers/STM32G4xx_HAL_Driver/Src/stm32g4xx_hal_cortex.o
 .text.__NVIC_DisableIRQ
                0x08005d5c       0x24 ./Drivers/STM32G4xx_HAL_Driver/Src/stm32g4xx_hal_cortex.o
 .text.__NVIC_SetPriority
                0x08005d80       0x28 ./Drivers/STM32G4xx_HAL_Driver/Src/stm32g4xx_hal_cortex.o
 .text.NVIC_EncodePriority
                0x08005da8       0x3e ./Drivers/STM32G4xx_HAL_Driver/Src/stm32g4xx_hal_cortex.o
 *fill*         0x08005de6        0x2 
 .text.HAL_NVIC_SetPriorityGrouping
                0x08005de8       0x24 ./Drivers/STM32G4xx_HAL_Driver/Src/stm32g4xx_hal_cortex.o
                0x08005de8                HAL_NVIC_SetPriorityGrouping
 .text.HAL_NVIC_SetPriority
                0x08005e0c       0x20 ./Drivers/STM32G4xx_HAL_Driver/Src/stm32g4xx_hal_cortex.o
                0x08005e0c                HAL_NVIC_SetPriority
 .text.HAL_NVIC_EnableIRQ
                0x08005e2c        0x8 ./Drivers/STM32G4xx_HAL_Driver/Src/stm32g4xx_hal_cortex.o
                0x08005e2c                HAL_NVIC_EnableIRQ
 .text.HAL_NVIC_DisableIRQ
                0x08005e34        0x8 ./Drivers/STM32G4xx_HAL_Driver/Src/stm32g4xx_hal_cortex.o
                0x08005e34                HAL_NVIC_DisableIRQ
 .text.HAL_SYSTICK_Config
                0x08005e3c       0x28 ./Drivers/STM32G4xx_HAL_Driver/Src/stm32g4xx_hal_cortex.o
                0x08005e3c                HAL_SYSTICK_Config
 .text.HAL_DAC_Init
                0x08005e64       0x24 ./Drivers/STM32G4xx_HAL_Driver/Src/stm32g4xx_hal_dac.o
                0x08005e64                HAL_DAC_Init
 .text.HAL_DAC_Start
                0x08005e88       0x98 ./Drivers/STM32G4xx_HAL_Driver/Src/stm32g4xx_hal_dac.o
                0x08005e88                HAL_DAC_Start
 .text.HAL_DAC_SetValue
                0x08005f20       0x36 ./Drivers/STM32G4xx_HAL_Driver/Src/stm32g4xx_hal_dac.o
                0x08005f20                HAL_DAC_SetValue
 .text.HAL_DAC_DMAUnderrunCallbackCh1
                0x08005f56        0x2 ./Drivers/STM32G4xx_HAL_Driver/Src/stm32g4xx_hal_dac.o
                0x08005f56                HAL_DAC_DMAUnderrunCallbackCh1
 .text.HAL_DAC_IRQHandler
                0x08005f58       0x6c ./Drivers/STM32G4xx_HAL_Driver/Src/stm32g4xx_hal_dac.o
                0x08005f58                HAL_DAC_IRQHandler
 .text.HAL_DAC_ConfigChannel
                0x08005fc4      0x204 ./Drivers/STM32G4xx_HAL_Driver/Src/stm32g4xx_hal_dac.o
                0x08005fc4                HAL_DAC_ConfigChannel
 .text.HAL_DACEx_DMAUnderrunCallbackCh2
                0x080061c8        0x2 ./Drivers/STM32G4xx_HAL_Driver/Src/stm32g4xx_hal_dac_ex.o
                0x080061c8                HAL_DACEx_DMAUnderrunCallbackCh2
 .text.DMA_SetConfig
                0x080061ca       0x42 ./Drivers/STM32G4xx_HAL_Driver/Src/stm32g4xx_hal_dma.o
 .text.DMA_CalcDMAMUXChannelBaseAndMask
                0x0800620c       0x48 ./Drivers/STM32G4xx_HAL_Driver/Src/stm32g4xx_hal_dma.o
 .text.DMA_CalcDMAMUXRequestGenBaseAndMask
                0x08006254       0x28 ./Drivers/STM32G4xx_HAL_Driver/Src/stm32g4xx_hal_dma.o
 .text.HAL_DMA_Init
                0x0800627c       0xd8 ./Drivers/STM32G4xx_HAL_Driver/Src/stm32g4xx_hal_dma.o
                0x0800627c                HAL_DMA_Init
 .text.HAL_DMA_DeInit
                0x08006354       0xb8 ./Drivers/STM32G4xx_HAL_Driver/Src/stm32g4xx_hal_dma.o
                0x08006354                HAL_DMA_DeInit
 .text.HAL_DMA_Start_IT
                0x0800640c       0x94 ./Drivers/STM32G4xx_HAL_Driver/Src/stm32g4xx_hal_dma.o
                0x0800640c                HAL_DMA_Start_IT
 .text.HAL_DMA_Abort
                0x080064a0       0x6c ./Drivers/STM32G4xx_HAL_Driver/Src/stm32g4xx_hal_dma.o
                0x080064a0                HAL_DMA_Abort
 .text.HAL_DMA_Abort_IT
                0x0800650c       0x7e ./Drivers/STM32G4xx_HAL_Driver/Src/stm32g4xx_hal_dma.o
                0x0800650c                HAL_DMA_Abort_IT
 .text.HAL_DMA_IRQHandler
                0x0800658a       0xc4 ./Drivers/STM32G4xx_HAL_Driver/Src/stm32g4xx_hal_dma.o
                0x0800658a                HAL_DMA_IRQHandler
 *fill*         0x0800664e        0x2 
 .text.HAL_GPIO_Init
                0x08006650      0x1d4 ./Drivers/STM32G4xx_HAL_Driver/Src/stm32g4xx_hal_gpio.o
                0x08006650                HAL_GPIO_Init
 .text.HAL_GPIO_DeInit
                0x08006824      0x11c ./Drivers/STM32G4xx_HAL_Driver/Src/stm32g4xx_hal_gpio.o
                0x08006824                HAL_GPIO_DeInit
 .text.HAL_GPIO_WritePin
                0x08006940        0xa ./Drivers/STM32G4xx_HAL_Driver/Src/stm32g4xx_hal_gpio.o
                0x08006940                HAL_GPIO_WritePin
 .text.HAL_GPIO_TogglePin
                0x0800694a       0x12 ./Drivers/STM32G4xx_HAL_Driver/Src/stm32g4xx_hal_gpio.o
                0x0800694a                HAL_GPIO_TogglePin
 .text.I2C_Flush_TXDR
                0x0800695c       0x22 ./Drivers/STM32G4xx_HAL_Driver/Src/stm32g4xx_hal_i2c.o
 .text.I2C_TransferConfig
                0x0800697e       0x3c ./Drivers/STM32G4xx_HAL_Driver/Src/stm32g4xx_hal_i2c.o
 .text.I2C_IsErrorOccurred
                0x080069ba      0x114 ./Drivers/STM32G4xx_HAL_Driver/Src/stm32g4xx_hal_i2c.o
 .text.I2C_WaitOnTXISFlagUntilTimeout
                0x08006ace       0x60 ./Drivers/STM32G4xx_HAL_Driver/Src/stm32g4xx_hal_i2c.o
 .text.I2C_WaitOnFlagUntilTimeout
                0x08006b2e       0x7c ./Drivers/STM32G4xx_HAL_Driver/Src/stm32g4xx_hal_i2c.o
 *fill*         0x08006baa        0x2 
 .text.I2C_RequestMemoryWrite
                0x08006bac       0x7c ./Drivers/STM32G4xx_HAL_Driver/Src/stm32g4xx_hal_i2c.o
 .text.I2C_WaitOnSTOPFlagUntilTimeout
                0x08006c28       0x5e ./Drivers/STM32G4xx_HAL_Driver/Src/stm32g4xx_hal_i2c.o
 .text.HAL_I2C_Init
                0x08006c86       0xc8 ./Drivers/STM32G4xx_HAL_Driver/Src/stm32g4xx_hal_i2c.o
                0x08006c86                HAL_I2C_Init
 .text.HAL_I2C_Mem_Write
                0x08006d4e      0x1a8 ./Drivers/STM32G4xx_HAL_Driver/Src/stm32g4xx_hal_i2c.o
                0x08006d4e                HAL_I2C_Mem_Write
 .text.HAL_I2C_IsDeviceReady
                0x08006ef6      0x13e ./Drivers/STM32G4xx_HAL_Driver/Src/stm32g4xx_hal_i2c.o
                0x08006ef6                HAL_I2C_IsDeviceReady
 .text.HAL_I2CEx_ConfigAnalogFilter
                0x08007034       0x5c ./Drivers/STM32G4xx_HAL_Driver/Src/stm32g4xx_hal_i2c_ex.o
                0x08007034                HAL_I2CEx_ConfigAnalogFilter
 .text.HAL_I2CEx_ConfigDigitalFilter
                0x08007090       0x58 ./Drivers/STM32G4xx_HAL_Driver/Src/stm32g4xx_hal_i2c_ex.o
                0x08007090                HAL_I2CEx_ConfigDigitalFilter
 .text.HAL_PWREx_ControlVoltageScaling
                0x080070e8      0x10c ./Drivers/STM32G4xx_HAL_Driver/Src/stm32g4xx_hal_pwr_ex.o
                0x080070e8                HAL_PWREx_ControlVoltageScaling
 .text.HAL_PWREx_DisableUCPDDeadBattery
                0x080071f4       0x10 ./Drivers/STM32G4xx_HAL_Driver/Src/stm32g4xx_hal_pwr_ex.o
                0x080071f4                HAL_PWREx_DisableUCPDDeadBattery
 .text.RCC_GetSysClockFreqFromPLLSource
                0x08007204       0x58 ./Drivers/STM32G4xx_HAL_Driver/Src/stm32g4xx_hal_rcc.o
 .text.HAL_RCC_OscConfig
                0x0800725c      0x4e4 ./Drivers/STM32G4xx_HAL_Driver/Src/stm32g4xx_hal_rcc.o
                0x0800725c                HAL_RCC_OscConfig
 .text.HAL_RCC_GetSysClockFreq
                0x08007740       0x88 ./Drivers/STM32G4xx_HAL_Driver/Src/stm32g4xx_hal_rcc.o
                0x08007740                HAL_RCC_GetSysClockFreq
 .text.HAL_RCC_ClockConfig
                0x080077c8      0x1f8 ./Drivers/STM32G4xx_HAL_Driver/Src/stm32g4xx_hal_rcc.o
                0x080077c8                HAL_RCC_ClockConfig
 .text.HAL_RCC_GetHCLKFreq
                0x080079c0        0xc ./Drivers/STM32G4xx_HAL_Driver/Src/stm32g4xx_hal_rcc.o
                0x080079c0                HAL_RCC_GetHCLKFreq
 .text.HAL_RCC_GetPCLK1Freq
                0x080079cc       0x24 ./Drivers/STM32G4xx_HAL_Driver/Src/stm32g4xx_hal_rcc.o
                0x080079cc                HAL_RCC_GetPCLK1Freq
 .text.HAL_RCC_GetPCLK2Freq
                0x080079f0       0x24 ./Drivers/STM32G4xx_HAL_Driver/Src/stm32g4xx_hal_rcc.o
                0x080079f0                HAL_RCC_GetPCLK2Freq
 .text.HAL_RCCEx_PeriphCLKConfig
                0x08007a14      0x378 ./Drivers/STM32G4xx_HAL_Driver/Src/stm32g4xx_hal_rcc_ex.o
                0x08007a14                HAL_RCCEx_PeriphCLKConfig
 .text.TIM_OC1_SetConfig
                0x08007d8c       0xac ./Drivers/STM32G4xx_HAL_Driver/Src/stm32g4xx_hal_tim.o
 .text.TIM_OC3_SetConfig
                0x08007e38       0x9c ./Drivers/STM32G4xx_HAL_Driver/Src/stm32g4xx_hal_tim.o
 .text.TIM_OC4_SetConfig
                0x08007ed4       0x9c ./Drivers/STM32G4xx_HAL_Driver/Src/stm32g4xx_hal_tim.o
 .text.TIM_OC5_SetConfig
                0x08007f70       0x70 ./Drivers/STM32G4xx_HAL_Driver/Src/stm32g4xx_hal_tim.o
 .text.TIM_OC6_SetConfig
                0x08007fe0       0x74 ./Drivers/STM32G4xx_HAL_Driver/Src/stm32g4xx_hal_tim.o
 .text.TIM_TI1_ConfigInputStage
                0x08008054       0x26 ./Drivers/STM32G4xx_HAL_Driver/Src/stm32g4xx_hal_tim.o
 .text.TIM_TI2_ConfigInputStage
                0x0800807a       0x28 ./Drivers/STM32G4xx_HAL_Driver/Src/stm32g4xx_hal_tim.o
 .text.TIM_ITRx_SetConfig
                0x080080a2       0x14 ./Drivers/STM32G4xx_HAL_Driver/Src/stm32g4xx_hal_tim.o
 *fill*         0x080080b6        0x2 
 .text.HAL_TIM_Base_Start
                0x080080b8       0x8c ./Drivers/STM32G4xx_HAL_Driver/Src/stm32g4xx_hal_tim.o
                0x080080b8                HAL_TIM_Base_Start
 .text.HAL_TIM_Base_Start_IT
                0x08008144       0x94 ./Drivers/STM32G4xx_HAL_Driver/Src/stm32g4xx_hal_tim.o
                0x08008144                HAL_TIM_Base_Start_IT
 .text.HAL_TIM_PWM_MspInit
                0x080081d8        0x2 ./Drivers/STM32G4xx_HAL_Driver/Src/stm32g4xx_hal_tim.o
                0x080081d8                HAL_TIM_PWM_MspInit
 .text.HAL_TIM_OC_DelayElapsedCallback
                0x080081da        0x2 ./Drivers/STM32G4xx_HAL_Driver/Src/stm32g4xx_hal_tim.o
                0x080081da                HAL_TIM_OC_DelayElapsedCallback
 .text.HAL_TIM_IC_CaptureCallback
                0x080081dc        0x2 ./Drivers/STM32G4xx_HAL_Driver/Src/stm32g4xx_hal_tim.o
                0x080081dc                HAL_TIM_IC_CaptureCallback
 .text.HAL_TIM_PWM_PulseFinishedCallback
                0x080081de        0x2 ./Drivers/STM32G4xx_HAL_Driver/Src/stm32g4xx_hal_tim.o
                0x080081de                HAL_TIM_PWM_PulseFinishedCallback
 .text.HAL_TIM_TriggerCallback
                0x080081e0        0x2 ./Drivers/STM32G4xx_HAL_Driver/Src/stm32g4xx_hal_tim.o
                0x080081e0                HAL_TIM_TriggerCallback
 .text.HAL_TIM_IRQHandler
                0x080081e2      0x1ea ./Drivers/STM32G4xx_HAL_Driver/Src/stm32g4xx_hal_tim.o
                0x080081e2                HAL_TIM_IRQHandler
 .text.TIM_Base_SetConfig
                0x080083cc       0xf0 ./Drivers/STM32G4xx_HAL_Driver/Src/stm32g4xx_hal_tim.o
                0x080083cc                TIM_Base_SetConfig
 .text.HAL_TIM_Base_Init
                0x080084bc       0x60 ./Drivers/STM32G4xx_HAL_Driver/Src/stm32g4xx_hal_tim.o
                0x080084bc                HAL_TIM_Base_Init
 .text.HAL_TIM_PWM_Init
                0x0800851c       0x60 ./Drivers/STM32G4xx_HAL_Driver/Src/stm32g4xx_hal_tim.o
                0x0800851c                HAL_TIM_PWM_Init
 .text.TIM_OC2_SetConfig
                0x0800857c       0x9c ./Drivers/STM32G4xx_HAL_Driver/Src/stm32g4xx_hal_tim.o
                0x0800857c                TIM_OC2_SetConfig
 .text.HAL_TIM_PWM_ConfigChannel
                0x08008618      0x13a ./Drivers/STM32G4xx_HAL_Driver/Src/stm32g4xx_hal_tim.o
                0x08008618                HAL_TIM_PWM_ConfigChannel
 .text.TIM_ETR_SetConfig
                0x08008752       0x1a ./Drivers/STM32G4xx_HAL_Driver/Src/stm32g4xx_hal_tim.o
                0x08008752                TIM_ETR_SetConfig
 .text.HAL_TIM_ConfigClockSource
                0x0800876c      0x144 ./Drivers/STM32G4xx_HAL_Driver/Src/stm32g4xx_hal_tim.o
                0x0800876c                HAL_TIM_ConfigClockSource
 .text.TIM_CCxChannelCmd
                0x080088b0       0x1e ./Drivers/STM32G4xx_HAL_Driver/Src/stm32g4xx_hal_tim.o
                0x080088b0                TIM_CCxChannelCmd
 *fill*         0x080088ce        0x2 
 .text.HAL_TIM_PWM_Start
                0x080088d0      0x17c ./Drivers/STM32G4xx_HAL_Driver/Src/stm32g4xx_hal_tim.o
                0x080088d0                HAL_TIM_PWM_Start
 .text.HAL_TIMEx_MasterConfigSynchronization
                0x08008a4c       0xac ./Drivers/STM32G4xx_HAL_Driver/Src/stm32g4xx_hal_tim_ex.o
                0x08008a4c                HAL_TIMEx_MasterConfigSynchronization
 .text.HAL_TIMEx_ConfigBreakDeadTime
                0x08008af8       0xa8 ./Drivers/STM32G4xx_HAL_Driver/Src/stm32g4xx_hal_tim_ex.o
                0x08008af8                HAL_TIMEx_ConfigBreakDeadTime
 .text.HAL_TIMEx_CommutCallback
                0x08008ba0        0x2 ./Drivers/STM32G4xx_HAL_Driver/Src/stm32g4xx_hal_tim_ex.o
                0x08008ba0                HAL_TIMEx_CommutCallback
 .text.HAL_TIMEx_BreakCallback
                0x08008ba2        0x2 ./Drivers/STM32G4xx_HAL_Driver/Src/stm32g4xx_hal_tim_ex.o
                0x08008ba2                HAL_TIMEx_BreakCallback
 .text.HAL_TIMEx_Break2Callback
                0x08008ba4        0x2 ./Drivers/STM32G4xx_HAL_Driver/Src/stm32g4xx_hal_tim_ex.o
                0x08008ba4                HAL_TIMEx_Break2Callback
 .text.HAL_TIMEx_EncoderIndexCallback
                0x08008ba6        0x2 ./Drivers/STM32G4xx_HAL_Driver/Src/stm32g4xx_hal_tim_ex.o
                0x08008ba6                HAL_TIMEx_EncoderIndexCallback
 .text.HAL_TIMEx_DirectionChangeCallback
                0x08008ba8        0x2 ./Drivers/STM32G4xx_HAL_Driver/Src/stm32g4xx_hal_tim_ex.o
                0x08008ba8                HAL_TIMEx_DirectionChangeCallback
 .text.HAL_TIMEx_IndexErrorCallback
                0x08008baa        0x2 ./Drivers/STM32G4xx_HAL_Driver/Src/stm32g4xx_hal_tim_ex.o
                0x08008baa                HAL_TIMEx_IndexErrorCallback
 .text.HAL_TIMEx_TransitionErrorCallback
                0x08008bac        0x2 ./Drivers/STM32G4xx_HAL_Driver/Src/stm32g4xx_hal_tim_ex.o
                0x08008bac                HAL_TIMEx_TransitionErrorCallback
 .text.UART_EndTxTransfer
                0x08008bae       0x32 ./Drivers/STM32G4xx_HAL_Driver/Src/stm32g4xx_hal_uart.o
 .text.UART_EndRxTransfer
                0x08008be0       0x56 ./Drivers/STM32G4xx_HAL_Driver/Src/stm32g4xx_hal_uart.o
 .text.HAL_UART_DeInit
                0x08008c36       0x44 ./Drivers/STM32G4xx_HAL_Driver/Src/stm32g4xx_hal_uart.o
                0x08008c36                HAL_UART_DeInit
 *fill*         0x08008c7a        0x2 
 .text.HAL_UART_Transmit_DMA
                0x08008c7c       0xa0 ./Drivers/STM32G4xx_HAL_Driver/Src/stm32g4xx_hal_uart.o
                0x08008c7c                HAL_UART_Transmit_DMA
 .text.HAL_UART_TxCpltCallback
                0x08008d1c        0x2 ./Drivers/STM32G4xx_HAL_Driver/Src/stm32g4xx_hal_uart.o
                0x08008d1c                HAL_UART_TxCpltCallback
 .text.UART_DMATransmitCplt
                0x08008d1e       0x48 ./Drivers/STM32G4xx_HAL_Driver/Src/stm32g4xx_hal_uart.o
 .text.UART_EndTransmit_IT
                0x08008d66       0x24 ./Drivers/STM32G4xx_HAL_Driver/Src/stm32g4xx_hal_uart.o
 .text.HAL_UART_TxHalfCpltCallback
                0x08008d8a        0x2 ./Drivers/STM32G4xx_HAL_Driver/Src/stm32g4xx_hal_uart.o
                0x08008d8a                HAL_UART_TxHalfCpltCallback
 .text.UART_DMATxHalfCplt
                0x08008d8c        0xa ./Drivers/STM32G4xx_HAL_Driver/Src/stm32g4xx_hal_uart.o
 .text.HAL_UART_RxCpltCallback
                0x08008d96        0x2 ./Drivers/STM32G4xx_HAL_Driver/Src/stm32g4xx_hal_uart.o
                0x08008d96                HAL_UART_RxCpltCallback
 .text.HAL_UART_RxHalfCpltCallback
                0x08008d98        0x2 ./Drivers/STM32G4xx_HAL_Driver/Src/stm32g4xx_hal_uart.o
                0x08008d98                HAL_UART_RxHalfCpltCallback
 .text.HAL_UART_ErrorCallback
                0x08008d9a        0x2 ./Drivers/STM32G4xx_HAL_Driver/Src/stm32g4xx_hal_uart.o
                0x08008d9a                HAL_UART_ErrorCallback
 .text.UART_DMAError
                0x08008d9c       0x58 ./Drivers/STM32G4xx_HAL_Driver/Src/stm32g4xx_hal_uart.o
 .text.UART_DMAAbortOnError
                0x08008df4       0x14 ./Drivers/STM32G4xx_HAL_Driver/Src/stm32g4xx_hal_uart.o
 .text.HAL_UARTEx_RxEventCallback
                0x08008e08        0x2 ./Drivers/STM32G4xx_HAL_Driver/Src/stm32g4xx_hal_uart.o
                0x08008e08                HAL_UARTEx_RxEventCallback
 *fill*         0x08008e0a        0x2 
 .text.HAL_UART_IRQHandler
                0x08008e0c      0x344 ./Drivers/STM32G4xx_HAL_Driver/Src/stm32g4xx_hal_uart.o
                0x08008e0c                HAL_UART_IRQHandler
 .text.UART_DMARxHalfCplt
                0x08009150       0x20 ./Drivers/STM32G4xx_HAL_Driver/Src/stm32g4xx_hal_uart.o
 .text.UART_DMAReceiveCplt
                0x08009170       0x92 ./Drivers/STM32G4xx_HAL_Driver/Src/stm32g4xx_hal_uart.o
 *fill*         0x08009202        0x2 
 .text.UART_SetConfig
                0x08009204      0x388 ./Drivers/STM32G4xx_HAL_Driver/Src/stm32g4xx_hal_uart.o
                0x08009204                UART_SetConfig
 .text.UART_AdvFeatureConfig
                0x0800958c       0xca ./Drivers/STM32G4xx_HAL_Driver/Src/stm32g4xx_hal_uart.o
                0x0800958c                UART_AdvFeatureConfig
 .text.UART_WaitOnFlagUntilTimeout
                0x08009656       0x9e ./Drivers/STM32G4xx_HAL_Driver/Src/stm32g4xx_hal_uart.o
                0x08009656                UART_WaitOnFlagUntilTimeout
 .text.HAL_UART_Transmit
                0x080096f4       0xd2 ./Drivers/STM32G4xx_HAL_Driver/Src/stm32g4xx_hal_uart.o
                0x080096f4                HAL_UART_Transmit
 .text.UART_CheckIdleState
                0x080097c6       0xca ./Drivers/STM32G4xx_HAL_Driver/Src/stm32g4xx_hal_uart.o
                0x080097c6                UART_CheckIdleState
 .text.HAL_UART_Init
                0x08009890       0x66 ./Drivers/STM32G4xx_HAL_Driver/Src/stm32g4xx_hal_uart.o
                0x08009890                HAL_UART_Init
 *fill*         0x080098f6        0x2 
 .text.UART_Start_Receive_DMA
                0x080098f8       0xb0 ./Drivers/STM32G4xx_HAL_Driver/Src/stm32g4xx_hal_uart.o
                0x080098f8                UART_Start_Receive_DMA
 .text.HAL_UART_Receive_DMA
                0x080099a8       0x4c ./Drivers/STM32G4xx_HAL_Driver/Src/stm32g4xx_hal_uart.o
                0x080099a8                HAL_UART_Receive_DMA
 .text.UARTEx_SetNbDataToProcess
                0x080099f4       0x4c ./Drivers/STM32G4xx_HAL_Driver/Src/stm32g4xx_hal_uart_ex.o
 .text.HAL_RS485Ex_Init
                0x08009a40       0x86 ./Drivers/STM32G4xx_HAL_Driver/Src/stm32g4xx_hal_uart_ex.o
                0x08009a40                HAL_RS485Ex_Init
 .text.HAL_UARTEx_WakeupCallback
                0x08009ac6        0x2 ./Drivers/STM32G4xx_HAL_Driver/Src/stm32g4xx_hal_uart_ex.o
                0x08009ac6                HAL_UARTEx_WakeupCallback
 .text.HAL_UARTEx_RxFifoFullCallback
                0x08009ac8        0x2 ./Drivers/STM32G4xx_HAL_Driver/Src/stm32g4xx_hal_uart_ex.o
                0x08009ac8                HAL_UARTEx_RxFifoFullCallback
 .text.HAL_UARTEx_TxFifoEmptyCallback
                0x08009aca        0x2 ./Drivers/STM32G4xx_HAL_Driver/Src/stm32g4xx_hal_uart_ex.o
                0x08009aca                HAL_UARTEx_TxFifoEmptyCallback
 .text.HAL_UARTEx_DisableFifoMode
                0x08009acc       0x3e ./Drivers/STM32G4xx_HAL_Driver/Src/stm32g4xx_hal_uart_ex.o
                0x08009acc                HAL_UARTEx_DisableFifoMode
 .text.HAL_UARTEx_SetTxFifoThreshold
                0x08009b0a       0x4a ./Drivers/STM32G4xx_HAL_Driver/Src/stm32g4xx_hal_uart_ex.o
                0x08009b0a                HAL_UARTEx_SetTxFifoThreshold
 .text.HAL_UARTEx_SetRxFifoThreshold
                0x08009b54       0x4a ./Drivers/STM32G4xx_HAL_Driver/Src/stm32g4xx_hal_uart_ex.o
                0x08009b54                HAL_UARTEx_SetRxFifoThreshold
 .text.sulp     0x08009b9e       0x3c C:/ST/STM32CubeIDE_1.15.0/STM32CubeIDE/plugins/com.st.stm32cube.ide.mcu.externaltools.gnu-tools-for-stm32.12.3.rel1.win32_1.0.100.202403111256/tools/bin/../lib/gcc/arm-none-eabi/12.3.1/../../../../arm-none-eabi/lib/thumb/v7e-m+fp/hard\libc_nano.a(libc_a-strtod.o)
 *fill*         0x08009bda        0x6 
 .text._strtod_l
                0x08009be0      0xbc8 C:/ST/STM32CubeIDE_1.15.0/STM32CubeIDE/plugins/com.st.stm32cube.ide.mcu.externaltools.gnu-tools-for-stm32.12.3.rel1.win32_1.0.100.202403111256/tools/bin/../lib/gcc/arm-none-eabi/12.3.1/../../../../arm-none-eabi/lib/thumb/v7e-m+fp/hard\libc_nano.a(libc_a-strtod.o)
                0x08009be0                _strtod_l
 .text.strtof   0x0800a7a8       0xc8 C:/ST/STM32CubeIDE_1.15.0/STM32CubeIDE/plugins/com.st.stm32cube.ide.mcu.externaltools.gnu-tools-for-stm32.12.3.rel1.win32_1.0.100.202403111256/tools/bin/../lib/gcc/arm-none-eabi/12.3.1/../../../../arm-none-eabi/lib/thumb/v7e-m+fp/hard\libc_nano.a(libc_a-strtod.o)
                0x0800a7a8                strtof
 .text._strtoul_l.constprop.0
                0x0800a870       0xdc C:/ST/STM32CubeIDE_1.15.0/STM32CubeIDE/plugins/com.st.stm32cube.ide.mcu.externaltools.gnu-tools-for-stm32.12.3.rel1.win32_1.0.100.202403111256/tools/bin/../lib/gcc/arm-none-eabi/12.3.1/../../../../arm-none-eabi/lib/thumb/v7e-m+fp/hard\libc_nano.a(libc_a-strtoul.o)
 .text.strtoul  0x0800a94c       0x14 C:/ST/STM32CubeIDE_1.15.0/STM32CubeIDE/plugins/com.st.stm32cube.ide.mcu.externaltools.gnu-tools-for-stm32.12.3.rel1.win32_1.0.100.202403111256/tools/bin/../lib/gcc/arm-none-eabi/12.3.1/../../../../arm-none-eabi/lib/thumb/v7e-m+fp/hard\libc_nano.a(libc_a-strtoul.o)
                0x0800a94c                strtoul
 .text.__cvt    0x0800a960       0xca C:/ST/STM32CubeIDE_1.15.0/STM32CubeIDE/plugins/com.st.stm32cube.ide.mcu.externaltools.gnu-tools-for-stm32.12.3.rel1.win32_1.0.100.202403111256/tools/bin/../lib/gcc/arm-none-eabi/12.3.1/../../../../arm-none-eabi/lib/thumb/v7e-m+fp/hard\libc_nano.a(libc_a-nano-vfprintf_float.o)
                0x0800a960                __cvt
 .text.__exponent
                0x0800aa2a       0x74 C:/ST/STM32CubeIDE_1.15.0/STM32CubeIDE/plugins/com.st.stm32cube.ide.mcu.externaltools.gnu-tools-for-stm32.12.3.rel1.win32_1.0.100.202403111256/tools/bin/../lib/gcc/arm-none-eabi/12.3.1/../../../../arm-none-eabi/lib/thumb/v7e-m+fp/hard\libc_nano.a(libc_a-nano-vfprintf_float.o)
                0x0800aa2a                __exponent
 *fill*         0x0800aa9e        0x2 
 .text._printf_float
                0x0800aaa0      0x454 C:/ST/STM32CubeIDE_1.15.0/STM32CubeIDE/plugins/com.st.stm32cube.ide.mcu.externaltools.gnu-tools-for-stm32.12.3.rel1.win32_1.0.100.202403111256/tools/bin/../lib/gcc/arm-none-eabi/12.3.1/../../../../arm-none-eabi/lib/thumb/v7e-m+fp/hard\libc_nano.a(libc_a-nano-vfprintf_float.o)
                0x0800aaa0                _printf_float
 .text._printf_common
                0x0800aef4       0xda C:/ST/STM32CubeIDE_1.15.0/STM32CubeIDE/plugins/com.st.stm32cube.ide.mcu.externaltools.gnu-tools-for-stm32.12.3.rel1.win32_1.0.100.202403111256/tools/bin/../lib/gcc/arm-none-eabi/12.3.1/../../../../arm-none-eabi/lib/thumb/v7e-m+fp/hard\libc_nano.a(libc_a-nano-vfprintf_i.o)
                0x0800aef4                _printf_common
 *fill*         0x0800afce        0x2 
 .text._printf_i
                0x0800afd0      0x240 C:/ST/STM32CubeIDE_1.15.0/STM32CubeIDE/plugins/com.st.stm32cube.ide.mcu.externaltools.gnu-tools-for-stm32.12.3.rel1.win32_1.0.100.202403111256/tools/bin/../lib/gcc/arm-none-eabi/12.3.1/../../../../arm-none-eabi/lib/thumb/v7e-m+fp/hard\libc_nano.a(libc_a-nano-vfprintf_i.o)
                0x0800afd0                _printf_i
 .text.std      0x0800b210       0x6c C:/ST/STM32CubeIDE_1.15.0/STM32CubeIDE/plugins/com.st.stm32cube.ide.mcu.externaltools.gnu-tools-for-stm32.12.3.rel1.win32_1.0.100.202403111256/tools/bin/../lib/gcc/arm-none-eabi/12.3.1/../../../../arm-none-eabi/lib/thumb/v7e-m+fp/hard\libc_nano.a(libc_a-findfp.o)
 .text.stdio_exit_handler
                0x0800b27c       0x18 C:/ST/STM32CubeIDE_1.15.0/STM32CubeIDE/plugins/com.st.stm32cube.ide.mcu.externaltools.gnu-tools-for-stm32.12.3.rel1.win32_1.0.100.202403111256/tools/bin/../lib/gcc/arm-none-eabi/12.3.1/../../../../arm-none-eabi/lib/thumb/v7e-m+fp/hard\libc_nano.a(libc_a-findfp.o)
 .text.cleanup_stdio
                0x0800b294       0x40 C:/ST/STM32CubeIDE_1.15.0/STM32CubeIDE/plugins/com.st.stm32cube.ide.mcu.externaltools.gnu-tools-for-stm32.12.3.rel1.win32_1.0.100.202403111256/tools/bin/../lib/gcc/arm-none-eabi/12.3.1/../../../../arm-none-eabi/lib/thumb/v7e-m+fp/hard\libc_nano.a(libc_a-findfp.o)
 .text.global_stdio_init.part.0
                0x0800b2d4       0x3c C:/ST/STM32CubeIDE_1.15.0/STM32CubeIDE/plugins/com.st.stm32cube.ide.mcu.externaltools.gnu-tools-for-stm32.12.3.rel1.win32_1.0.100.202403111256/tools/bin/../lib/gcc/arm-none-eabi/12.3.1/../../../../arm-none-eabi/lib/thumb/v7e-m+fp/hard\libc_nano.a(libc_a-findfp.o)
 .text.__sfp_lock_acquire
                0x0800b310        0xc C:/ST/STM32CubeIDE_1.15.0/STM32CubeIDE/plugins/com.st.stm32cube.ide.mcu.externaltools.gnu-tools-for-stm32.12.3.rel1.win32_1.0.100.202403111256/tools/bin/../lib/gcc/arm-none-eabi/12.3.1/../../../../arm-none-eabi/lib/thumb/v7e-m+fp/hard\libc_nano.a(libc_a-findfp.o)
                0x0800b310                __sfp_lock_acquire
 .text.__sfp_lock_release
                0x0800b31c        0xc C:/ST/STM32CubeIDE_1.15.0/STM32CubeIDE/plugins/com.st.stm32cube.ide.mcu.externaltools.gnu-tools-for-stm32.12.3.rel1.win32_1.0.100.202403111256/tools/bin/../lib/gcc/arm-none-eabi/12.3.1/../../../../arm-none-eabi/lib/thumb/v7e-m+fp/hard\libc_nano.a(libc_a-findfp.o)
                0x0800b31c                __sfp_lock_release
 .text.__sinit  0x0800b328       0x30 C:/ST/STM32CubeIDE_1.15.0/STM32CubeIDE/plugins/com.st.stm32cube.ide.mcu.externaltools.gnu-tools-for-stm32.12.3.rel1.win32_1.0.100.202403111256/tools/bin/../lib/gcc/arm-none-eabi/12.3.1/../../../../arm-none-eabi/lib/thumb/v7e-m+fp/hard\libc_nano.a(libc_a-findfp.o)
                0x0800b328                __sinit
 .text._fwalk_sglue
                0x0800b358       0x3c C:/ST/STM32CubeIDE_1.15.0/STM32CubeIDE/plugins/com.st.stm32cube.ide.mcu.externaltools.gnu-tools-for-stm32.12.3.rel1.win32_1.0.100.202403111256/tools/bin/../lib/gcc/arm-none-eabi/12.3.1/../../../../arm-none-eabi/lib/thumb/v7e-m+fp/hard\libc_nano.a(libc_a-fwalk.o)
                0x0800b358                _fwalk_sglue
 .text.__sread  0x0800b394       0x22 C:/ST/STM32CubeIDE_1.15.0/STM32CubeIDE/plugins/com.st.stm32cube.ide.mcu.externaltools.gnu-tools-for-stm32.12.3.rel1.win32_1.0.100.202403111256/tools/bin/../lib/gcc/arm-none-eabi/12.3.1/../../../../arm-none-eabi/lib/thumb/v7e-m+fp/hard\libc_nano.a(libc_a-stdio.o)
                0x0800b394                __sread
 .text.__swrite
                0x0800b3b6       0x38 C:/ST/STM32CubeIDE_1.15.0/STM32CubeIDE/plugins/com.st.stm32cube.ide.mcu.externaltools.gnu-tools-for-stm32.12.3.rel1.win32_1.0.100.202403111256/tools/bin/../lib/gcc/arm-none-eabi/12.3.1/../../../../arm-none-eabi/lib/thumb/v7e-m+fp/hard\libc_nano.a(libc_a-stdio.o)
                0x0800b3b6                __swrite
 .text.__sseek  0x0800b3ee       0x24 C:/ST/STM32CubeIDE_1.15.0/STM32CubeIDE/plugins/com.st.stm32cube.ide.mcu.externaltools.gnu-tools-for-stm32.12.3.rel1.win32_1.0.100.202403111256/tools/bin/../lib/gcc/arm-none-eabi/12.3.1/../../../../arm-none-eabi/lib/thumb/v7e-m+fp/hard\libc_nano.a(libc_a-stdio.o)
                0x0800b3ee                __sseek
 .text.__sclose
                0x0800b412        0x8 C:/ST/STM32CubeIDE_1.15.0/STM32CubeIDE/plugins/com.st.stm32cube.ide.mcu.externaltools.gnu-tools-for-stm32.12.3.rel1.win32_1.0.100.202403111256/tools/bin/../lib/gcc/arm-none-eabi/12.3.1/../../../../arm-none-eabi/lib/thumb/v7e-m+fp/hard\libc_nano.a(libc_a-stdio.o)
                0x0800b412                __sclose
 .text._vsnprintf_r
                0x0800b41a       0x56 C:/ST/STM32CubeIDE_1.15.0/STM32CubeIDE/plugins/com.st.stm32cube.ide.mcu.externaltools.gnu-tools-for-stm32.12.3.rel1.win32_1.0.100.202403111256/tools/bin/../lib/gcc/arm-none-eabi/12.3.1/../../../../arm-none-eabi/lib/thumb/v7e-m+fp/hard\libc_nano.a(libc_a-vsnprintf.o)
                0x0800b41a                _vsniprintf_r
                0x0800b41a                _vsnprintf_r
 .text.vsnprintf
                0x0800b470       0x1c C:/ST/STM32CubeIDE_1.15.0/STM32CubeIDE/plugins/com.st.stm32cube.ide.mcu.externaltools.gnu-tools-for-stm32.12.3.rel1.win32_1.0.100.202403111256/tools/bin/../lib/gcc/arm-none-eabi/12.3.1/../../../../arm-none-eabi/lib/thumb/v7e-m+fp/hard\libc_nano.a(libc_a-vsnprintf.o)
                0x0800b470                vsniprintf
                0x0800b470                vsnprintf
 .text.memset   0x0800b48c       0x10 C:/ST/STM32CubeIDE_1.15.0/STM32CubeIDE/plugins/com.st.stm32cube.ide.mcu.externaltools.gnu-tools-for-stm32.12.3.rel1.win32_1.0.100.202403111256/tools/bin/../lib/gcc/arm-none-eabi/12.3.1/../../../../arm-none-eabi/lib/thumb/v7e-m+fp/hard\libc_nano.a(libc_a-memset.o)
                0x0800b48c                memset
 .text.strncmp  0x0800b49c       0x24 C:/ST/STM32CubeIDE_1.15.0/STM32CubeIDE/plugins/com.st.stm32cube.ide.mcu.externaltools.gnu-tools-for-stm32.12.3.rel1.win32_1.0.100.202403111256/tools/bin/../lib/gcc/arm-none-eabi/12.3.1/../../../../arm-none-eabi/lib/thumb/v7e-m+fp/hard\libc_nano.a(libc_a-strncmp.o)
                0x0800b49c                strncmp
 .text.__strtok_r
                0x0800b4c0       0x50 C:/ST/STM32CubeIDE_1.15.0/STM32CubeIDE/plugins/com.st.stm32cube.ide.mcu.externaltools.gnu-tools-for-stm32.12.3.rel1.win32_1.0.100.202403111256/tools/bin/../lib/gcc/arm-none-eabi/12.3.1/../../../../arm-none-eabi/lib/thumb/v7e-m+fp/hard\libc_nano.a(libc_a-strtok_r.o)
                0x0800b4c0                __strtok_r
 .text.strtok_r
                0x0800b510        0x6 C:/ST/STM32CubeIDE_1.15.0/STM32CubeIDE/plugins/com.st.stm32cube.ide.mcu.externaltools.gnu-tools-for-stm32.12.3.rel1.win32_1.0.100.202403111256/tools/bin/../lib/gcc/arm-none-eabi/12.3.1/../../../../arm-none-eabi/lib/thumb/v7e-m+fp/hard\libc_nano.a(libc_a-strtok_r.o)
                0x0800b510                strtok_r
 *fill*         0x0800b516        0x2 
 .text._localeconv_r
                0x0800b518        0x8 C:/ST/STM32CubeIDE_1.15.0/STM32CubeIDE/plugins/com.st.stm32cube.ide.mcu.externaltools.gnu-tools-for-stm32.12.3.rel1.win32_1.0.100.202403111256/tools/bin/../lib/gcc/arm-none-eabi/12.3.1/../../../../arm-none-eabi/lib/thumb/v7e-m+fp/hard\libc_nano.a(libc_a-localeconv.o)
                0x0800b518                _localeconv_r
 .text._close_r
                0x0800b520       0x20 C:/ST/STM32CubeIDE_1.15.0/STM32CubeIDE/plugins/com.st.stm32cube.ide.mcu.externaltools.gnu-tools-for-stm32.12.3.rel1.win32_1.0.100.202403111256/tools/bin/../lib/gcc/arm-none-eabi/12.3.1/../../../../arm-none-eabi/lib/thumb/v7e-m+fp/hard\libc_nano.a(libc_a-closer.o)
                0x0800b520                _close_r
 .text._lseek_r
                0x0800b540       0x24 C:/ST/STM32CubeIDE_1.15.0/STM32CubeIDE/plugins/com.st.stm32cube.ide.mcu.externaltools.gnu-tools-for-stm32.12.3.rel1.win32_1.0.100.202403111256/tools/bin/../lib/gcc/arm-none-eabi/12.3.1/../../../../arm-none-eabi/lib/thumb/v7e-m+fp/hard\libc_nano.a(libc_a-lseekr.o)
                0x0800b540                _lseek_r
 .text._read_r  0x0800b564       0x24 C:/ST/STM32CubeIDE_1.15.0/STM32CubeIDE/plugins/com.st.stm32cube.ide.mcu.externaltools.gnu-tools-for-stm32.12.3.rel1.win32_1.0.100.202403111256/tools/bin/../lib/gcc/arm-none-eabi/12.3.1/../../../../arm-none-eabi/lib/thumb/v7e-m+fp/hard\libc_nano.a(libc_a-readr.o)
                0x0800b564                _read_r
 .text._write_r
                0x0800b588       0x24 C:/ST/STM32CubeIDE_1.15.0/STM32CubeIDE/plugins/com.st.stm32cube.ide.mcu.externaltools.gnu-tools-for-stm32.12.3.rel1.win32_1.0.100.202403111256/tools/bin/../lib/gcc/arm-none-eabi/12.3.1/../../../../arm-none-eabi/lib/thumb/v7e-m+fp/hard\libc_nano.a(libc_a-writer.o)
                0x0800b588                _write_r
 .text.__errno  0x0800b5ac        0xc C:/ST/STM32CubeIDE_1.15.0/STM32CubeIDE/plugins/com.st.stm32cube.ide.mcu.externaltools.gnu-tools-for-stm32.12.3.rel1.win32_1.0.100.202403111256/tools/bin/../lib/gcc/arm-none-eabi/12.3.1/../../../../arm-none-eabi/lib/thumb/v7e-m+fp/hard\libc_nano.a(libc_a-errno.o)
                0x0800b5ac                __errno
 .text.__libc_init_array
                0x0800b5b8       0x48 C:/ST/STM32CubeIDE_1.15.0/STM32CubeIDE/plugins/com.st.stm32cube.ide.mcu.externaltools.gnu-tools-for-stm32.12.3.rel1.win32_1.0.100.202403111256/tools/bin/../lib/gcc/arm-none-eabi/12.3.1/../../../../arm-none-eabi/lib/thumb/v7e-m+fp/hard\libc_nano.a(libc_a-init.o)
                0x0800b5b8                __libc_init_array
 .text.__retarget_lock_init_recursive
                0x0800b600        0x2 C:/ST/STM32CubeIDE_1.15.0/STM32CubeIDE/plugins/com.st.stm32cube.ide.mcu.externaltools.gnu-tools-for-stm32.12.3.rel1.win32_1.0.100.202403111256/tools/bin/../lib/gcc/arm-none-eabi/12.3.1/../../../../arm-none-eabi/lib/thumb/v7e-m+fp/hard\libc_nano.a(libc_a-lock.o)
                0x0800b600                __retarget_lock_init_recursive
 .text.__retarget_lock_acquire_recursive
                0x0800b602        0x2 C:/ST/STM32CubeIDE_1.15.0/STM32CubeIDE/plugins/com.st.stm32cube.ide.mcu.externaltools.gnu-tools-for-stm32.12.3.rel1.win32_1.0.100.202403111256/tools/bin/../lib/gcc/arm-none-eabi/12.3.1/../../../../arm-none-eabi/lib/thumb/v7e-m+fp/hard\libc_nano.a(libc_a-lock.o)
                0x0800b602                __retarget_lock_acquire_recursive
 .text.__retarget_lock_release_recursive
                0x0800b604        0x2 C:/ST/STM32CubeIDE_1.15.0/STM32CubeIDE/plugins/com.st.stm32cube.ide.mcu.externaltools.gnu-tools-for-stm32.12.3.rel1.win32_1.0.100.202403111256/tools/bin/../lib/gcc/arm-none-eabi/12.3.1/../../../../arm-none-eabi/lib/thumb/v7e-m+fp/hard\libc_nano.a(libc_a-lock.o)
                0x0800b604                __retarget_lock_release_recursive
 .text.strcpy   0x0800b606       0x10 C:/ST/STM32CubeIDE_1.15.0/STM32CubeIDE/plugins/com.st.stm32cube.ide.mcu.externaltools.gnu-tools-for-stm32.12.3.rel1.win32_1.0.100.202403111256/tools/bin/../lib/gcc/arm-none-eabi/12.3.1/../../../../arm-none-eabi/lib/thumb/v7e-m+fp/hard\libc_nano.a(libc_a-strcpy.o)
                0x0800b606                strcpy
 .text.memcpy   0x0800b616       0x1c C:/ST/STM32CubeIDE_1.15.0/STM32CubeIDE/plugins/com.st.stm32cube.ide.mcu.externaltools.gnu-tools-for-stm32.12.3.rel1.win32_1.0.100.202403111256/tools/bin/../lib/gcc/arm-none-eabi/12.3.1/../../../../arm-none-eabi/lib/thumb/v7e-m+fp/hard\libc_nano.a(libc_a-memcpy-stub.o)
                0x0800b616                memcpy
 *fill*         0x0800b632        0x6 
 .text.nan      0x0800b638       0x10 C:/ST/STM32CubeIDE_1.15.0/STM32CubeIDE/plugins/com.st.stm32cube.ide.mcu.externaltools.gnu-tools-for-stm32.12.3.rel1.win32_1.0.100.202403111256/tools/bin/../lib/gcc/arm-none-eabi/12.3.1/../../../../arm-none-eabi/lib/thumb/v7e-m+fp/hard\libc_nano.a(libm_a-s_nan.o)
                0x0800b638                nan
 .text.nanf     0x0800b648        0xc C:/ST/STM32CubeIDE_1.15.0/STM32CubeIDE/plugins/com.st.stm32cube.ide.mcu.externaltools.gnu-tools-for-stm32.12.3.rel1.win32_1.0.100.202403111256/tools/bin/../lib/gcc/arm-none-eabi/12.3.1/../../../../arm-none-eabi/lib/thumb/v7e-m+fp/hard\libc_nano.a(libm_a-sf_nan.o)
                0x0800b648                nanf
 .text.quorem   0x0800b654      0x110 C:/ST/STM32CubeIDE_1.15.0/STM32CubeIDE/plugins/com.st.stm32cube.ide.mcu.externaltools.gnu-tools-for-stm32.12.3.rel1.win32_1.0.100.202403111256/tools/bin/../lib/gcc/arm-none-eabi/12.3.1/../../../../arm-none-eabi/lib/thumb/v7e-m+fp/hard\libc_nano.a(libc_a-dtoa.o)
 *fill*         0x0800b764        0x4 
 .text._dtoa_r  0x0800b768      0xb88 C:/ST/STM32CubeIDE_1.15.0/STM32CubeIDE/plugins/com.st.stm32cube.ide.mcu.externaltools.gnu-tools-for-stm32.12.3.rel1.win32_1.0.100.202403111256/tools/bin/../lib/gcc/arm-none-eabi/12.3.1/../../../../arm-none-eabi/lib/thumb/v7e-m+fp/hard\libc_nano.a(libc_a-dtoa.o)
                0x0800b768                _dtoa_r
 .text._free_r  0x0800c2f0       0x94 C:/ST/STM32CubeIDE_1.15.0/STM32CubeIDE/plugins/com.st.stm32cube.ide.mcu.externaltools.gnu-tools-for-stm32.12.3.rel1.win32_1.0.100.202403111256/tools/bin/../lib/gcc/arm-none-eabi/12.3.1/../../../../arm-none-eabi/lib/thumb/v7e-m+fp/hard\libc_nano.a(libc_a-freer.o)
                0x0800c2f0                _free_r
 .text.rshift   0x0800c384       0xa4 C:/ST/STM32CubeIDE_1.15.0/STM32CubeIDE/plugins/com.st.stm32cube.ide.mcu.externaltools.gnu-tools-for-stm32.12.3.rel1.win32_1.0.100.202403111256/tools/bin/../lib/gcc/arm-none-eabi/12.3.1/../../../../arm-none-eabi/lib/thumb/v7e-m+fp/hard\libc_nano.a(libc_a-gdtoa-gethex.o)
 .text.__hexdig_fun
                0x0800c428       0x2a C:/ST/STM32CubeIDE_1.15.0/STM32CubeIDE/plugins/com.st.stm32cube.ide.mcu.externaltools.gnu-tools-for-stm32.12.3.rel1.win32_1.0.100.202403111256/tools/bin/../lib/gcc/arm-none-eabi/12.3.1/../../../../arm-none-eabi/lib/thumb/v7e-m+fp/hard\libc_nano.a(libc_a-gdtoa-gethex.o)
                0x0800c428                __hexdig_fun
 *fill*         0x0800c452        0x2 
 .text.__gethex
                0x0800c454      0x420 C:/ST/STM32CubeIDE_1.15.0/STM32CubeIDE/plugins/com.st.stm32cube.ide.mcu.externaltools.gnu-tools-for-stm32.12.3.rel1.win32_1.0.100.202403111256/tools/bin/../lib/gcc/arm-none-eabi/12.3.1/../../../../arm-none-eabi/lib/thumb/v7e-m+fp/hard\libc_nano.a(libc_a-gdtoa-gethex.o)
                0x0800c454                __gethex
 .text.L_shift  0x0800c874       0x24 C:/ST/STM32CubeIDE_1.15.0/STM32CubeIDE/plugins/com.st.stm32cube.ide.mcu.externaltools.gnu-tools-for-stm32.12.3.rel1.win32_1.0.100.202403111256/tools/bin/../lib/gcc/arm-none-eabi/12.3.1/../../../../arm-none-eabi/lib/thumb/v7e-m+fp/hard\libc_nano.a(libc_a-gdtoa-hexnan.o)
 .text.__match  0x0800c898       0x28 C:/ST/STM32CubeIDE_1.15.0/STM32CubeIDE/plugins/com.st.stm32cube.ide.mcu.externaltools.gnu-tools-for-stm32.12.3.rel1.win32_1.0.100.202403111256/tools/bin/../lib/gcc/arm-none-eabi/12.3.1/../../../../arm-none-eabi/lib/thumb/v7e-m+fp/hard\libc_nano.a(libc_a-gdtoa-hexnan.o)
                0x0800c898                __match
 .text.__hexnan
                0x0800c8c0      0x136 C:/ST/STM32CubeIDE_1.15.0/STM32CubeIDE/plugins/com.st.stm32cube.ide.mcu.externaltools.gnu-tools-for-stm32.12.3.rel1.win32_1.0.100.202403111256/tools/bin/../lib/gcc/arm-none-eabi/12.3.1/../../../../arm-none-eabi/lib/thumb/v7e-m+fp/hard\libc_nano.a(libc_a-gdtoa-hexnan.o)
                0x0800c8c0                __hexnan
 *fill*         0x0800c9f6        0x2 
 .text.malloc   0x0800c9f8       0x10 C:/ST/STM32CubeIDE_1.15.0/STM32CubeIDE/plugins/com.st.stm32cube.ide.mcu.externaltools.gnu-tools-for-stm32.12.3.rel1.win32_1.0.100.202403111256/tools/bin/../lib/gcc/arm-none-eabi/12.3.1/../../../../arm-none-eabi/lib/thumb/v7e-m+fp/hard\libc_nano.a(libc_a-malloc.o)
                0x0800c9f8                malloc
 .text.sbrk_aligned
                0x0800ca08       0x44 C:/ST/STM32CubeIDE_1.15.0/STM32CubeIDE/plugins/com.st.stm32cube.ide.mcu.externaltools.gnu-tools-for-stm32.12.3.rel1.win32_1.0.100.202403111256/tools/bin/../lib/gcc/arm-none-eabi/12.3.1/../../../../arm-none-eabi/lib/thumb/v7e-m+fp/hard\libc_nano.a(libc_a-mallocr.o)
 .text._malloc_r
                0x0800ca4c      0x100 C:/ST/STM32CubeIDE_1.15.0/STM32CubeIDE/plugins/com.st.stm32cube.ide.mcu.externaltools.gnu-tools-for-stm32.12.3.rel1.win32_1.0.100.202403111256/tools/bin/../lib/gcc/arm-none-eabi/12.3.1/../../../../arm-none-eabi/lib/thumb/v7e-m+fp/hard\libc_nano.a(libc_a-mallocr.o)
                0x0800ca4c                _malloc_r
 .text.__ascii_mbtowc
                0x0800cb4c       0x24 C:/ST/STM32CubeIDE_1.15.0/STM32CubeIDE/plugins/com.st.stm32cube.ide.mcu.externaltools.gnu-tools-for-stm32.12.3.rel1.win32_1.0.100.202403111256/tools/bin/../lib/gcc/arm-none-eabi/12.3.1/../../../../arm-none-eabi/lib/thumb/v7e-m+fp/hard\libc_nano.a(libc_a-mbtowc_r.o)
                0x0800cb4c                __ascii_mbtowc
 .text.__malloc_lock
                0x0800cb70        0xc C:/ST/STM32CubeIDE_1.15.0/STM32CubeIDE/plugins/com.st.stm32cube.ide.mcu.externaltools.gnu-tools-for-stm32.12.3.rel1.win32_1.0.100.202403111256/tools/bin/../lib/gcc/arm-none-eabi/12.3.1/../../../../arm-none-eabi/lib/thumb/v7e-m+fp/hard\libc_nano.a(libc_a-mlock.o)
                0x0800cb70                __malloc_lock
 .text.__malloc_unlock
                0x0800cb7c        0xc C:/ST/STM32CubeIDE_1.15.0/STM32CubeIDE/plugins/com.st.stm32cube.ide.mcu.externaltools.gnu-tools-for-stm32.12.3.rel1.win32_1.0.100.202403111256/tools/bin/../lib/gcc/arm-none-eabi/12.3.1/../../../../arm-none-eabi/lib/thumb/v7e-m+fp/hard\libc_nano.a(libc_a-mlock.o)
                0x0800cb7c                __malloc_unlock
 .text._Balloc  0x0800cb88       0x80 C:/ST/STM32CubeIDE_1.15.0/STM32CubeIDE/plugins/com.st.stm32cube.ide.mcu.externaltools.gnu-tools-for-stm32.12.3.rel1.win32_1.0.100.202403111256/tools/bin/../lib/gcc/arm-none-eabi/12.3.1/../../../../arm-none-eabi/lib/thumb/v7e-m+fp/hard\libc_nano.a(libc_a-mprec.o)
                0x0800cb88                _Balloc
 .text._Bfree   0x0800cc08       0x44 C:/ST/STM32CubeIDE_1.15.0/STM32CubeIDE/plugins/com.st.stm32cube.ide.mcu.externaltools.gnu-tools-for-stm32.12.3.rel1.win32_1.0.100.202403111256/tools/bin/../lib/gcc/arm-none-eabi/12.3.1/../../../../arm-none-eabi/lib/thumb/v7e-m+fp/hard\libc_nano.a(libc_a-mprec.o)
                0x0800cc08                _Bfree
 .text.__multadd
                0x0800cc4c       0x8c C:/ST/STM32CubeIDE_1.15.0/STM32CubeIDE/plugins/com.st.stm32cube.ide.mcu.externaltools.gnu-tools-for-stm32.12.3.rel1.win32_1.0.100.202403111256/tools/bin/../lib/gcc/arm-none-eabi/12.3.1/../../../../arm-none-eabi/lib/thumb/v7e-m+fp/hard\libc_nano.a(libc_a-mprec.o)
                0x0800cc4c                __multadd
 .text.__s2b    0x0800ccd8       0x94 C:/ST/STM32CubeIDE_1.15.0/STM32CubeIDE/plugins/com.st.stm32cube.ide.mcu.externaltools.gnu-tools-for-stm32.12.3.rel1.win32_1.0.100.202403111256/tools/bin/../lib/gcc/arm-none-eabi/12.3.1/../../../../arm-none-eabi/lib/thumb/v7e-m+fp/hard\libc_nano.a(libc_a-mprec.o)
                0x0800ccd8                __s2b
 .text.__hi0bits
                0x0800cd6c       0x3e C:/ST/STM32CubeIDE_1.15.0/STM32CubeIDE/plugins/com.st.stm32cube.ide.mcu.externaltools.gnu-tools-for-stm32.12.3.rel1.win32_1.0.100.202403111256/tools/bin/../lib/gcc/arm-none-eabi/12.3.1/../../../../arm-none-eabi/lib/thumb/v7e-m+fp/hard\libc_nano.a(libc_a-mprec.o)
                0x0800cd6c                __hi0bits
 .text.__lo0bits
                0x0800cdaa       0x5a C:/ST/STM32CubeIDE_1.15.0/STM32CubeIDE/plugins/com.st.stm32cube.ide.mcu.externaltools.gnu-tools-for-stm32.12.3.rel1.win32_1.0.100.202403111256/tools/bin/../lib/gcc/arm-none-eabi/12.3.1/../../../../arm-none-eabi/lib/thumb/v7e-m+fp/hard\libc_nano.a(libc_a-mprec.o)
                0x0800cdaa                __lo0bits
 .text.__i2b    0x0800ce04       0x2c C:/ST/STM32CubeIDE_1.15.0/STM32CubeIDE/plugins/com.st.stm32cube.ide.mcu.externaltools.gnu-tools-for-stm32.12.3.rel1.win32_1.0.100.202403111256/tools/bin/../lib/gcc/arm-none-eabi/12.3.1/../../../../arm-none-eabi/lib/thumb/v7e-m+fp/hard\libc_nano.a(libc_a-mprec.o)
                0x0800ce04                __i2b
 .text.__multiply
                0x0800ce30      0x154 C:/ST/STM32CubeIDE_1.15.0/STM32CubeIDE/plugins/com.st.stm32cube.ide.mcu.externaltools.gnu-tools-for-stm32.12.3.rel1.win32_1.0.100.202403111256/tools/bin/../lib/gcc/arm-none-eabi/12.3.1/../../../../arm-none-eabi/lib/thumb/v7e-m+fp/hard\libc_nano.a(libc_a-mprec.o)
                0x0800ce30                __multiply
 .text.__pow5mult
                0x0800cf84       0xb4 C:/ST/STM32CubeIDE_1.15.0/STM32CubeIDE/plugins/com.st.stm32cube.ide.mcu.externaltools.gnu-tools-for-stm32.12.3.rel1.win32_1.0.100.202403111256/tools/bin/../lib/gcc/arm-none-eabi/12.3.1/../../../../arm-none-eabi/lib/thumb/v7e-m+fp/hard\libc_nano.a(libc_a-mprec.o)
                0x0800cf84                __pow5mult
 .text.__lshift
                0x0800d038       0xd8 C:/ST/STM32CubeIDE_1.15.0/STM32CubeIDE/plugins/com.st.stm32cube.ide.mcu.externaltools.gnu-tools-for-stm32.12.3.rel1.win32_1.0.100.202403111256/tools/bin/../lib/gcc/arm-none-eabi/12.3.1/../../../../arm-none-eabi/lib/thumb/v7e-m+fp/hard\libc_nano.a(libc_a-mprec.o)
                0x0800d038                __lshift
 .text.__mcmp   0x0800d110       0x36 C:/ST/STM32CubeIDE_1.15.0/STM32CubeIDE/plugins/com.st.stm32cube.ide.mcu.externaltools.gnu-tools-for-stm32.12.3.rel1.win32_1.0.100.202403111256/tools/bin/../lib/gcc/arm-none-eabi/12.3.1/../../../../arm-none-eabi/lib/thumb/v7e-m+fp/hard\libc_nano.a(libc_a-mprec.o)
                0x0800d110                __mcmp
 *fill*         0x0800d146        0x2 
 .text.__mdiff  0x0800d148      0x128 C:/ST/STM32CubeIDE_1.15.0/STM32CubeIDE/plugins/com.st.stm32cube.ide.mcu.externaltools.gnu-tools-for-stm32.12.3.rel1.win32_1.0.100.202403111256/tools/bin/../lib/gcc/arm-none-eabi/12.3.1/../../../../arm-none-eabi/lib/thumb/v7e-m+fp/hard\libc_nano.a(libc_a-mprec.o)
                0x0800d148                __mdiff
 .text.__ulp    0x0800d270       0x4c C:/ST/STM32CubeIDE_1.15.0/STM32CubeIDE/plugins/com.st.stm32cube.ide.mcu.externaltools.gnu-tools-for-stm32.12.3.rel1.win32_1.0.100.202403111256/tools/bin/../lib/gcc/arm-none-eabi/12.3.1/../../../../arm-none-eabi/lib/thumb/v7e-m+fp/hard\libc_nano.a(libc_a-mprec.o)
                0x0800d270                __ulp
 .text.__b2d    0x0800d2bc       0x94 C:/ST/STM32CubeIDE_1.15.0/STM32CubeIDE/plugins/com.st.stm32cube.ide.mcu.externaltools.gnu-tools-for-stm32.12.3.rel1.win32_1.0.100.202403111256/tools/bin/../lib/gcc/arm-none-eabi/12.3.1/../../../../arm-none-eabi/lib/thumb/v7e-m+fp/hard\libc_nano.a(libc_a-mprec.o)
                0x0800d2bc                __b2d
 .text.__d2b    0x0800d350       0xb0 C:/ST/STM32CubeIDE_1.15.0/STM32CubeIDE/plugins/com.st.stm32cube.ide.mcu.externaltools.gnu-tools-for-stm32.12.3.rel1.win32_1.0.100.202403111256/tools/bin/../lib/gcc/arm-none-eabi/12.3.1/../../../../arm-none-eabi/lib/thumb/v7e-m+fp/hard\libc_nano.a(libc_a-mprec.o)
                0x0800d350                __d2b
 .text.__ratio  0x0800d400       0x64 C:/ST/STM32CubeIDE_1.15.0/STM32CubeIDE/plugins/com.st.stm32cube.ide.mcu.externaltools.gnu-tools-for-stm32.12.3.rel1.win32_1.0.100.202403111256/tools/bin/../lib/gcc/arm-none-eabi/12.3.1/../../../../arm-none-eabi/lib/thumb/v7e-m+fp/hard\libc_nano.a(libc_a-mprec.o)
                0x0800d400                __ratio
 .text.__copybits
                0x0800d464       0x46 C:/ST/STM32CubeIDE_1.15.0/STM32CubeIDE/plugins/com.st.stm32cube.ide.mcu.externaltools.gnu-tools-for-stm32.12.3.rel1.win32_1.0.100.202403111256/tools/bin/../lib/gcc/arm-none-eabi/12.3.1/../../../../arm-none-eabi/lib/thumb/v7e-m+fp/hard\libc_nano.a(libc_a-mprec.o)
                0x0800d464                __copybits
 .text.__any_on
                0x0800d4aa       0x42 C:/ST/STM32CubeIDE_1.15.0/STM32CubeIDE/plugins/com.st.stm32cube.ide.mcu.externaltools.gnu-tools-for-stm32.12.3.rel1.win32_1.0.100.202403111256/tools/bin/../lib/gcc/arm-none-eabi/12.3.1/../../../../arm-none-eabi/lib/thumb/v7e-m+fp/hard\libc_nano.a(libc_a-mprec.o)
                0x0800d4aa                __any_on
 .text.__ascii_wctomb
                0x0800d4ec       0x1a C:/ST/STM32CubeIDE_1.15.0/STM32CubeIDE/plugins/com.st.stm32cube.ide.mcu.externaltools.gnu-tools-for-stm32.12.3.rel1.win32_1.0.100.202403111256/tools/bin/../lib/gcc/arm-none-eabi/12.3.1/../../../../arm-none-eabi/lib/thumb/v7e-m+fp/hard\libc_nano.a(libc_a-wctomb_r.o)
                0x0800d4ec                __ascii_wctomb
 .text.__ssputs_r
                0x0800d506       0xb6 C:/ST/STM32CubeIDE_1.15.0/STM32CubeIDE/plugins/com.st.stm32cube.ide.mcu.externaltools.gnu-tools-for-stm32.12.3.rel1.win32_1.0.100.202403111256/tools/bin/../lib/gcc/arm-none-eabi/12.3.1/../../../../arm-none-eabi/lib/thumb/v7e-m+fp/hard\libc_nano.a(libc_a-nano-svfprintf.o)
                0x0800d506                __ssputs_r
 .text._svfprintf_r
                0x0800d5bc      0x1f8 C:/ST/STM32CubeIDE_1.15.0/STM32CubeIDE/plugins/com.st.stm32cube.ide.mcu.externaltools.gnu-tools-for-stm32.12.3.rel1.win32_1.0.100.202403111256/tools/bin/../lib/gcc/arm-none-eabi/12.3.1/../../../../arm-none-eabi/lib/thumb/v7e-m+fp/hard\libc_nano.a(libc_a-nano-svfprintf.o)
                0x0800d5bc                _svfiprintf_r
                0x0800d5bc                _svfprintf_r
 .text.__sflush_r
                0x0800d7b4      0x108 C:/ST/STM32CubeIDE_1.15.0/STM32CubeIDE/plugins/com.st.stm32cube.ide.mcu.externaltools.gnu-tools-for-stm32.12.3.rel1.win32_1.0.100.202403111256/tools/bin/../lib/gcc/arm-none-eabi/12.3.1/../../../../arm-none-eabi/lib/thumb/v7e-m+fp/hard\libc_nano.a(libc_a-fflush.o)
                0x0800d7b4                __sflush_r
 .text._fflush_r
                0x0800d8bc       0x50 C:/ST/STM32CubeIDE_1.15.0/STM32CubeIDE/plugins/com.st.stm32cube.ide.mcu.externaltools.gnu-tools-for-stm32.12.3.rel1.win32_1.0.100.202403111256/tools/bin/../lib/gcc/arm-none-eabi/12.3.1/../../../../arm-none-eabi/lib/thumb/v7e-m+fp/hard\libc_nano.a(libc_a-fflush.o)
                0x0800d8bc                _fflush_r